make install
make[1]: Entering directory `/home/ylwang/msvc/vlc-2.0.6'
make  install-recursive
make[2]: Entering directory `/home/ylwang/msvc/vlc-2.0.6'
Making install in compat
make[3]: Entering directory `/home/ylwang/msvc/vlc-2.0.6/compat'
make  install-am
make[4]: Entering directory `/home/ylwang/msvc/vlc-2.0.6/compat'
make[5]: Entering directory `/home/ylwang/msvc/vlc-2.0.6/compat'
make[5]: Nothing to be done for `install-exec-am'.
make[5]: Nothing to be done for `install-data-am'.
make[5]: Leaving directory `/home/ylwang/msvc/vlc-2.0.6/compat'
make[4]: Leaving directory `/home/ylwang/msvc/vlc-2.0.6/compat'
make[3]: Leaving directory `/home/ylwang/msvc/vlc-2.0.6/compat'
Making install in doc
make[3]: Entering directory `/home/ylwang/msvc/vlc-2.0.6/doc'
make[4]: Entering directory `/home/ylwang/msvc/vlc-2.0.6/doc'
make[4]: Nothing to be done for `install-exec-am'.
 /bin/mkdir -p '/home/ylwang/msvc/vlc-2.0.6/_win32/share/doc/vlc'
 /usr/bin/install -c -m 644 bugreport-howto.txt fortunes.txt intf-vcd.txt '/home/ylwang/msvc/vlc-2.0.6/_win32/share/doc/vlc'
 /bin/mkdir -p '/home/ylwang/msvc/vlc-2.0.6/_win32/share/man/man1'
 /usr/bin/install -c -m 644 vlc.1 vlc-wrapper.1 '/home/ylwang/msvc/vlc-2.0.6/_win32/share/man/man1'
 /bin/mkdir -p '/home/ylwang/msvc/vlc-2.0.6/_win32/share/doc/vlc'
 /bin/mkdir -p '/home/ylwang/msvc/vlc-2.0.6/_win32/share/doc/vlc/libvlc/QtPlayer'
 /usr/bin/install -c -m 644  libvlc/QtPlayer/LICENSE libvlc/QtPlayer/main.cpp libvlc/QtPlayer/player.cpp libvlc/QtPlayer/player.h libvlc/QtPlayer/QtVLC.pro '/home/ylwang/msvc/vlc-2.0.6/_win32/share/doc/vlc/libvlc/QtPlayer'
 /bin/mkdir -p '/home/ylwang/msvc/vlc-2.0.6/_win32/share/doc/vlc/libvlc'
 /usr/bin/install -c -m 644  libvlc/gtk_player.c libvlc/libvlc_DVD_ripper.c libvlc/vlc-thumb.c libvlc/wx_player.cpp '/home/ylwang/msvc/vlc-2.0.6/_win32/share/doc/vlc/libvlc'
make[4]: Leaving directory `/home/ylwang/msvc/vlc-2.0.6/doc'
make[3]: Leaving directory `/home/ylwang/msvc/vlc-2.0.6/doc'
Making install in po
make[3]: Entering directory `/home/ylwang/msvc/vlc-2.0.6/po'
installing ach.gmo as /home/ylwang/msvc/vlc-2.0.6/_win32/share/locale/ach/LC_MESSAGES/vlc.mo
installing af.gmo as /home/ylwang/msvc/vlc-2.0.6/_win32/share/locale/af/LC_MESSAGES/vlc.mo
installing am.gmo as /home/ylwang/msvc/vlc-2.0.6/_win32/share/locale/am/LC_MESSAGES/vlc.mo
installing an.gmo as /home/ylwang/msvc/vlc-2.0.6/_win32/share/locale/an/LC_MESSAGES/vlc.mo
installing ar.gmo as /home/ylwang/msvc/vlc-2.0.6/_win32/share/locale/ar/LC_MESSAGES/vlc.mo
installing ast.gmo as /home/ylwang/msvc/vlc-2.0.6/_win32/share/locale/ast/LC_MESSAGES/vlc.mo
installing be.gmo as /home/ylwang/msvc/vlc-2.0.6/_win32/share/locale/be/LC_MESSAGES/vlc.mo
installing bg.gmo as /home/ylwang/msvc/vlc-2.0.6/_win32/share/locale/bg/LC_MESSAGES/vlc.mo
installing bn.gmo as /home/ylwang/msvc/vlc-2.0.6/_win32/share/locale/bn/LC_MESSAGES/vlc.mo
installing bn_IN.gmo as /home/ylwang/msvc/vlc-2.0.6/_win32/share/locale/bn_IN/LC_MESSAGES/vlc.mo
installing br.gmo as /home/ylwang/msvc/vlc-2.0.6/_win32/share/locale/br/LC_MESSAGES/vlc.mo
installing ca.gmo as /home/ylwang/msvc/vlc-2.0.6/_win32/share/locale/ca/LC_MESSAGES/vlc.mo
installing cgg.gmo as /home/ylwang/msvc/vlc-2.0.6/_win32/share/locale/cgg/LC_MESSAGES/vlc.mo
installing ckb.gmo as /home/ylwang/msvc/vlc-2.0.6/_win32/share/locale/ckb/LC_MESSAGES/vlc.mo
installing co.gmo as /home/ylwang/msvc/vlc-2.0.6/_win32/share/locale/co/LC_MESSAGES/vlc.mo
installing cs.gmo as /home/ylwang/msvc/vlc-2.0.6/_win32/share/locale/cs/LC_MESSAGES/vlc.mo
installing cy.gmo as /home/ylwang/msvc/vlc-2.0.6/_win32/share/locale/cy/LC_MESSAGES/vlc.mo
installing da.gmo as /home/ylwang/msvc/vlc-2.0.6/_win32/share/locale/da/LC_MESSAGES/vlc.mo
installing de.gmo as /home/ylwang/msvc/vlc-2.0.6/_win32/share/locale/de/LC_MESSAGES/vlc.mo
installing el.gmo as /home/ylwang/msvc/vlc-2.0.6/_win32/share/locale/el/LC_MESSAGES/vlc.mo
installing en_GB.gmo as /home/ylwang/msvc/vlc-2.0.6/_win32/share/locale/en_GB/LC_MESSAGES/vlc.mo
installing es.gmo as /home/ylwang/msvc/vlc-2.0.6/_win32/share/locale/es/LC_MESSAGES/vlc.mo
installing et.gmo as /home/ylwang/msvc/vlc-2.0.6/_win32/share/locale/et/LC_MESSAGES/vlc.mo
installing eu.gmo as /home/ylwang/msvc/vlc-2.0.6/_win32/share/locale/eu/LC_MESSAGES/vlc.mo
installing fa.gmo as /home/ylwang/msvc/vlc-2.0.6/_win32/share/locale/fa/LC_MESSAGES/vlc.mo
installing ff.gmo as /home/ylwang/msvc/vlc-2.0.6/_win32/share/locale/ff/LC_MESSAGES/vlc.mo
installing fi.gmo as /home/ylwang/msvc/vlc-2.0.6/_win32/share/locale/fi/LC_MESSAGES/vlc.mo
installing fr.gmo as /home/ylwang/msvc/vlc-2.0.6/_win32/share/locale/fr/LC_MESSAGES/vlc.mo
installing fur.gmo as /home/ylwang/msvc/vlc-2.0.6/_win32/share/locale/fur/LC_MESSAGES/vlc.mo
installing ga.gmo as /home/ylwang/msvc/vlc-2.0.6/_win32/share/locale/ga/LC_MESSAGES/vlc.mo
installing gd.gmo as /home/ylwang/msvc/vlc-2.0.6/_win32/share/locale/gd/LC_MESSAGES/vlc.mo
installing gl.gmo as /home/ylwang/msvc/vlc-2.0.6/_win32/share/locale/gl/LC_MESSAGES/vlc.mo
installing gu.gmo as /home/ylwang/msvc/vlc-2.0.6/_win32/share/locale/gu/LC_MESSAGES/vlc.mo
installing he.gmo as /home/ylwang/msvc/vlc-2.0.6/_win32/share/locale/he/LC_MESSAGES/vlc.mo
installing hi.gmo as /home/ylwang/msvc/vlc-2.0.6/_win32/share/locale/hi/LC_MESSAGES/vlc.mo
installing hr.gmo as /home/ylwang/msvc/vlc-2.0.6/_win32/share/locale/hr/LC_MESSAGES/vlc.mo
installing hu.gmo as /home/ylwang/msvc/vlc-2.0.6/_win32/share/locale/hu/LC_MESSAGES/vlc.mo
installing hy.gmo as /home/ylwang/msvc/vlc-2.0.6/_win32/share/locale/hy/LC_MESSAGES/vlc.mo
installing ia.gmo as /home/ylwang/msvc/vlc-2.0.6/_win32/share/locale/ia/LC_MESSAGES/vlc.mo
installing id.gmo as /home/ylwang/msvc/vlc-2.0.6/_win32/share/locale/id/LC_MESSAGES/vlc.mo
installing is.gmo as /home/ylwang/msvc/vlc-2.0.6/_win32/share/locale/is/LC_MESSAGES/vlc.mo
installing it.gmo as /home/ylwang/msvc/vlc-2.0.6/_win32/share/locale/it/LC_MESSAGES/vlc.mo
installing ja.gmo as /home/ylwang/msvc/vlc-2.0.6/_win32/share/locale/ja/LC_MESSAGES/vlc.mo
installing ka.gmo as /home/ylwang/msvc/vlc-2.0.6/_win32/share/locale/ka/LC_MESSAGES/vlc.mo
installing kk.gmo as /home/ylwang/msvc/vlc-2.0.6/_win32/share/locale/kk/LC_MESSAGES/vlc.mo
installing km.gmo as /home/ylwang/msvc/vlc-2.0.6/_win32/share/locale/km/LC_MESSAGES/vlc.mo
installing kmr.gmo as /home/ylwang/msvc/vlc-2.0.6/_win32/share/locale/kmr/LC_MESSAGES/vlc.mo
installing ko.gmo as /home/ylwang/msvc/vlc-2.0.6/_win32/share/locale/ko/LC_MESSAGES/vlc.mo
installing lg.gmo as /home/ylwang/msvc/vlc-2.0.6/_win32/share/locale/lg/LC_MESSAGES/vlc.mo
installing lt.gmo as /home/ylwang/msvc/vlc-2.0.6/_win32/share/locale/lt/LC_MESSAGES/vlc.mo
installing lv.gmo as /home/ylwang/msvc/vlc-2.0.6/_win32/share/locale/lv/LC_MESSAGES/vlc.mo
installing ml.gmo as /home/ylwang/msvc/vlc-2.0.6/_win32/share/locale/ml/LC_MESSAGES/vlc.mo
installing mk.gmo as /home/ylwang/msvc/vlc-2.0.6/_win32/share/locale/mk/LC_MESSAGES/vlc.mo
installing mn.gmo as /home/ylwang/msvc/vlc-2.0.6/_win32/share/locale/mn/LC_MESSAGES/vlc.mo
installing mr.gmo as /home/ylwang/msvc/vlc-2.0.6/_win32/share/locale/mr/LC_MESSAGES/vlc.mo
installing ms.gmo as /home/ylwang/msvc/vlc-2.0.6/_win32/share/locale/ms/LC_MESSAGES/vlc.mo
installing my.gmo as /home/ylwang/msvc/vlc-2.0.6/_win32/share/locale/my/LC_MESSAGES/vlc.mo
installing nb.gmo as /home/ylwang/msvc/vlc-2.0.6/_win32/share/locale/nb/LC_MESSAGES/vlc.mo
installing ne.gmo as /home/ylwang/msvc/vlc-2.0.6/_win32/share/locale/ne/LC_MESSAGES/vlc.mo
installing nl.gmo as /home/ylwang/msvc/vlc-2.0.6/_win32/share/locale/nl/LC_MESSAGES/vlc.mo
installing nn.gmo as /home/ylwang/msvc/vlc-2.0.6/_win32/share/locale/nn/LC_MESSAGES/vlc.mo
installing oc.gmo as /home/ylwang/msvc/vlc-2.0.6/_win32/share/locale/oc/LC_MESSAGES/vlc.mo
installing pa.gmo as /home/ylwang/msvc/vlc-2.0.6/_win32/share/locale/pa/LC_MESSAGES/vlc.mo
installing pl.gmo as /home/ylwang/msvc/vlc-2.0.6/_win32/share/locale/pl/LC_MESSAGES/vlc.mo
installing ps.gmo as /home/ylwang/msvc/vlc-2.0.6/_win32/share/locale/ps/LC_MESSAGES/vlc.mo
installing pt_BR.gmo as /home/ylwang/msvc/vlc-2.0.6/_win32/share/locale/pt_BR/LC_MESSAGES/vlc.mo
installing pt_PT.gmo as /home/ylwang/msvc/vlc-2.0.6/_win32/share/locale/pt_PT/LC_MESSAGES/vlc.mo
installing ro.gmo as /home/ylwang/msvc/vlc-2.0.6/_win32/share/locale/ro/LC_MESSAGES/vlc.mo
installing ru.gmo as /home/ylwang/msvc/vlc-2.0.6/_win32/share/locale/ru/LC_MESSAGES/vlc.mo
installing si.gmo as /home/ylwang/msvc/vlc-2.0.6/_win32/share/locale/si/LC_MESSAGES/vlc.mo
installing sk.gmo as /home/ylwang/msvc/vlc-2.0.6/_win32/share/locale/sk/LC_MESSAGES/vlc.mo
installing sl.gmo as /home/ylwang/msvc/vlc-2.0.6/_win32/share/locale/sl/LC_MESSAGES/vlc.mo
installing sq.gmo as /home/ylwang/msvc/vlc-2.0.6/_win32/share/locale/sq/LC_MESSAGES/vlc.mo
installing sr.gmo as /home/ylwang/msvc/vlc-2.0.6/_win32/share/locale/sr/LC_MESSAGES/vlc.mo
installing sv.gmo as /home/ylwang/msvc/vlc-2.0.6/_win32/share/locale/sv/LC_MESSAGES/vlc.mo
installing ta.gmo as /home/ylwang/msvc/vlc-2.0.6/_win32/share/locale/ta/LC_MESSAGES/vlc.mo
installing te.gmo as /home/ylwang/msvc/vlc-2.0.6/_win32/share/locale/te/LC_MESSAGES/vlc.mo
installing tet.gmo as /home/ylwang/msvc/vlc-2.0.6/_win32/share/locale/tet/LC_MESSAGES/vlc.mo
installing th.gmo as /home/ylwang/msvc/vlc-2.0.6/_win32/share/locale/th/LC_MESSAGES/vlc.mo
installing tl.gmo as /home/ylwang/msvc/vlc-2.0.6/_win32/share/locale/tl/LC_MESSAGES/vlc.mo
installing tr.gmo as /home/ylwang/msvc/vlc-2.0.6/_win32/share/locale/tr/LC_MESSAGES/vlc.mo
installing uk.gmo as /home/ylwang/msvc/vlc-2.0.6/_win32/share/locale/uk/LC_MESSAGES/vlc.mo
installing uz.gmo as /home/ylwang/msvc/vlc-2.0.6/_win32/share/locale/uz/LC_MESSAGES/vlc.mo
installing vi.gmo as /home/ylwang/msvc/vlc-2.0.6/_win32/share/locale/vi/LC_MESSAGES/vlc.mo
installing wa.gmo as /home/ylwang/msvc/vlc-2.0.6/_win32/share/locale/wa/LC_MESSAGES/vlc.mo
installing zh_CN.gmo as /home/ylwang/msvc/vlc-2.0.6/_win32/share/locale/zh_CN/LC_MESSAGES/vlc.mo
installing zh_TW.gmo as /home/ylwang/msvc/vlc-2.0.6/_win32/share/locale/zh_TW/LC_MESSAGES/vlc.mo
installing zu.gmo as /home/ylwang/msvc/vlc-2.0.6/_win32/share/locale/zu/LC_MESSAGES/vlc.mo
if test "vlc" = "gettext-tools"; then \
	  /bin/mkdir -p /home/ylwang/msvc/vlc-2.0.6/_win32/share/gettext/po; \
	  for file in Makefile.in.in remove-potcdate.sin quot.sed boldquot.sed en@quot.header en@boldquot.header insert-header.sin Rules-quot   Makevars.template; do \
	    /usr/bin/install -c -m 644 ./$file \
			    /home/ylwang/msvc/vlc-2.0.6/_win32/share/gettext/po/$file; \
	  done; \
	  for file in Makevars; do \
	    rm -f /home/ylwang/msvc/vlc-2.0.6/_win32/share/gettext/po/$file; \
	  done; \
	else \
	  : ; \
	fi
make[3]: Leaving directory `/home/ylwang/msvc/vlc-2.0.6/po'
Making install in share
make[3]: Entering directory `/home/ylwang/msvc/vlc-2.0.6/share'
make[4]: Entering directory `/home/ylwang/msvc/vlc-2.0.6/share'
make[4]: Nothing to be done for `install-exec-am'.
 /bin/mkdir -p '/home/ylwang/msvc/vlc-2.0.6/_win32/share/vlc'
 /bin/mkdir -p '/home/ylwang/msvc/vlc-2.0.6/_win32/share/vlc/lua/http/dialogs/old'
 /usr/bin/install -c -m 644  lua/http/dialogs/old/browse lua/http/dialogs/old/footer lua/http/dialogs/old/input lua/http/dialogs/old/main lua/http/dialogs/old/playlist lua/http/dialogs/old/sout lua/http/dialogs/old/vlm '/home/ylwang/msvc/vlc-2.0.6/_win32/share/vlc/lua/http/dialogs/old'
 /bin/mkdir -p '/home/ylwang/msvc/vlc-2.0.6/_win32/share/vlc/lua/http/js'
 /usr/bin/install -c -m 644  lua/http/js/jquery-1.5.1.min.js lua/http/js/ui.js lua/http/js/common.js lua/http/js/jquery.jstree.js lua/http/js/controlers.js lua/http/js/jquery-ui-1.8.13.custom.min.js '/home/ylwang/msvc/vlc-2.0.6/_win32/share/vlc/lua/http/js'
 /bin/mkdir -p '/home/ylwang/msvc/vlc-2.0.6/_win32/share/vlc/lua/http/old'
 /usr/bin/install -c -m 644  lua/http/old/style.css '/home/ylwang/msvc/vlc-2.0.6/_win32/share/vlc/lua/http/old'
 /bin/mkdir -p '/home/ylwang/msvc/vlc-2.0.6/_win32/share/vlc/lua/http/css/ui-lightness/images'
 /usr/bin/install -c -m 644  lua/http/css/ui-lightness/images/ui-bg_diagonals-thick_20_666666_40x40.png lua/http/css/ui-lightness/images/ui-bg_flat_10_000000_40x100.png lua/http/css/ui-lightness/images/ui-icons_ffffff_256x240.png lua/http/css/ui-lightness/images/ui-bg_gloss-wave_35_f6a828_500x100.png lua/http/css/ui-lightness/images/ui-bg_glass_65_ffffff_1x400.png lua/http/css/ui-lightness/images/ui-icons_222222_256x240.png lua/http/css/ui-lightness/images/ui-bg_glass_100_f6f6f6_1x400.png lua/http/css/ui-lightness/images/ui-bg_highlight-soft_100_eeeeee_1x100.png lua/http/css/ui-lightness/images/ui-bg_highlight-soft_75_ffe45c_1x100.png lua/http/css/ui-lightness/images/ui-bg_diagonals-thick_18_b81900_40x40.png lua/http/css/ui-lightness/images/ui-icons_ffd27a_256x240.png lua/http/css/ui-lightness/images/ui-icons_228ef1_256x240.png lua/http/css/ui-lightness/images/ui-icons_ef8c08_256x240.png lua/http/css/ui-lightness/images/ui-bg_glass_100_fdf5ce_1x400.png '/home/ylwang/msvc/vlc-2.0.6/_win32/share/vlc/lua/http/css/ui-lightness/images'
 /bin/mkdir -p '/home/ylwang/msvc/vlc-2.0.6/_win32/share/vlc/osdmenu/default/selected'
 /usr/bin/install -c -m 644  osdmenu/default/selected/bw.png osdmenu/default/selected/next.png osdmenu/default/selected/play_pause.png osdmenu/default/selected/fw.png osdmenu/default/selected/stop.png osdmenu/default/selected/previous.png osdmenu/default/selected/esc.png osdmenu/default/selected/volume.png '/home/ylwang/msvc/vlc-2.0.6/_win32/share/vlc/osdmenu/default/selected'
 /bin/mkdir -p '/home/ylwang/msvc/vlc-2.0.6/_win32/share/vlc/skins2/fonts'
 /usr/bin/install -c -m 644  skins2/fonts/FreeSans.ttf skins2/fonts/FreeSansBold.ttf '/home/ylwang/msvc/vlc-2.0.6/_win32/share/vlc/skins2/fonts'
 /bin/mkdir -p '/home/ylwang/msvc/vlc-2.0.6/_win32/share/vlc/lua/http/dialogs'
 /usr/bin/install -c -m 644  lua/http/dialogs/create_stream.html lua/http/dialogs/equalizer_window.html lua/http/dialogs/mosaic_window.html lua/http/dialogs/batch_window.html lua/http/dialogs/error_window.html lua/http/dialogs/browse_window.html lua/http/dialogs/.hosts lua/http/dialogs/stream_window.html lua/http/dialogs/offset_window.html lua/http/dialogs/stream_config_window.html '/home/ylwang/msvc/vlc-2.0.6/_win32/share/vlc/lua/http/dialogs'
 /bin/mkdir -p '/home/ylwang/msvc/vlc-2.0.6/_win32/share/vlc/osdmenu/default'
 /usr/bin/install -c -m 644  osdmenu/default/unselected.png '/home/ylwang/msvc/vlc-2.0.6/_win32/share/vlc/osdmenu/default'
 /bin/mkdir -p '/home/ylwang/msvc/vlc-2.0.6/_win32/share/vlc/osdmenu'
 /usr/bin/install -c -m 644  osdmenu/default.cfg '/home/ylwang/msvc/vlc-2.0.6/_win32/share/vlc/osdmenu'
 /bin/mkdir -p '/home/ylwang/msvc/vlc-2.0.6/_win32/share/vlc/lua/http/old/images'
 /usr/bin/install -c -m 644  lua/http/old/images/loop.png lua/http/old/images/fullscreen.png lua/http/old/images/prev.png lua/http/old/images/play.png lua/http/old/images/empty.png lua/http/old/images/minus.png lua/http/old/images/slider_right.png lua/http/old/images/slider_point.png lua/http/old/images/pause.png lua/http/old/images/speaker_mute.png lua/http/old/images/delete_small.png lua/http/old/images/snapshot.png lua/http/old/images/info.png lua/http/old/images/refresh.png lua/http/old/images/sout.png lua/http/old/images/sort.png lua/http/old/images/white_cross_small.png lua/http/old/images/shuffle.png lua/http/old/images/repeat.png lua/http/old/images/slow.png lua/http/old/images/slider_left.png lua/http/old/images/help.png lua/http/old/images/stop.png lua/http/old/images/sd.png lua/http/old/images/speaker.png lua/http/old/images/delete.png lua/http/old/images/playlist_small.png lua/http/old/images/eject.png lua/http/old/images/playlist.png lua/http/old/images/volume_up.png lua/http/old/images/next.png lua/http/old/images/volume_down.png lua/http/old/images/slider_bar.png lua/http/old/images/plus.png lua/http/old/images/white.png lua/http/old/images/reset.png '/home/ylwang/msvc/vlc-2.0.6/_win32/share/vlc/lua/http/old/images'
 /bin/mkdir -p '/home/ylwang/msvc/vlc-2.0.6/_win32/share/vlc/osdmenu/default/selection'
 /usr/bin/install -c -m 644  osdmenu/default/selection/bw.png osdmenu/default/selection/esc.png osdmenu/default/selection/fw.png osdmenu/default/selection/volume.png osdmenu/default/selection/next.png osdmenu/default/selection/play_pause.png osdmenu/default/selection/previous.png osdmenu/default/selection/stop.png '/home/ylwang/msvc/vlc-2.0.6/_win32/share/vlc/osdmenu/default/selection'
 /bin/mkdir -p '/home/ylwang/msvc/vlc-2.0.6/_win32/share/vlc/lua/http/images'
 /usr/bin/install -c -m 644  lua/http/images/buttons.png lua/http/images/speaker-32.png lua/http/images/vlc-48.png lua/http/images/Audio-48.png lua/http/images/Folder-48.png lua/http/images/Other-48.png lua/http/images/Back-48.png lua/http/images/Video-48.png lua/http/images/vlc16x16.png '/home/ylwang/msvc/vlc-2.0.6/_win32/share/vlc/lua/http/images'
 /bin/mkdir -p '/home/ylwang/msvc/vlc-2.0.6/_win32/share/vlc/lua/http/old/js'
 /usr/bin/install -c -m 644  lua/http/old/js/functions.js lua/http/old/js/vlm.js '/home/ylwang/msvc/vlc-2.0.6/_win32/share/vlc/lua/http/old/js'
 /bin/mkdir -p '/home/ylwang/msvc/vlc-2.0.6/_win32/share/vlc/lua/http/requests'
 /usr/bin/install -c -m 644  lua/http/requests/playlist.xml lua/http/requests/playlist.json lua/http/requests/README.txt lua/http/requests/playlist_jstree.xml lua/http/requests/browse.xml lua/http/requests/browse.json lua/http/requests/vlm_cmd.xml lua/http/requests/status.xml lua/http/requests/status.json lua/http/requests/vlm.xml '/home/ylwang/msvc/vlc-2.0.6/_win32/share/vlc/lua/http/requests'
 /bin/mkdir -p '/home/ylwang/msvc/vlc-2.0.6/_win32/share/vlc/lua/http/css/ui-lightness'
 /usr/bin/install -c -m 644  lua/http/css/ui-lightness/jquery-ui-1.8.13.custom.css '/home/ylwang/msvc/vlc-2.0.6/_win32/share/vlc/lua/http/css/ui-lightness'
 /bin/mkdir -p '/home/ylwang/msvc/vlc-2.0.6/_win32/share/vlc/skins2'
 /usr/bin/install -c -m 644  skins2/default.vlt skins2/skin.dtd skins2/skin.catalog skins2/winamp2.xml '/home/ylwang/msvc/vlc-2.0.6/_win32/share/vlc/skins2'
 /bin/mkdir -p '/home/ylwang/msvc/vlc-2.0.6/_win32/share/vlc/osdmenu/default/volume'
 /usr/bin/install -c -m 644  osdmenu/default/volume/volume_00.png osdmenu/default/volume/volume_01.png osdmenu/default/volume/volume_02.png osdmenu/default/volume/volume_03.png osdmenu/default/volume/volume_04.png osdmenu/default/volume/volume_05.png osdmenu/default/volume/volume_06.png osdmenu/default/volume/volume_07.png osdmenu/default/volume/volume_08.png osdmenu/default/volume/volume_09.png osdmenu/default/volume/volume_10.png '/home/ylwang/msvc/vlc-2.0.6/_win32/share/vlc/osdmenu/default/volume'
 /bin/mkdir -p '/home/ylwang/msvc/vlc-2.0.6/_win32/share/vlc/lua/http'
 /usr/bin/install -c -m 644  lua/http/view.html lua/http/mobile.html lua/http/custom.lua lua/http/vlm.html lua/http/mobile_equalizer.html lua/http/vlm_export.html lua/http/mobile_browse.html lua/http/favicon.ico lua/http/mobile_view.html lua/http/.hosts lua/http/index.html '/home/ylwang/msvc/vlc-2.0.6/_win32/share/vlc/lua/http'
 /bin/mkdir -p '/home/ylwang/msvc/vlc-2.0.6/_win32/share/vlc/lua/http/css'
 /usr/bin/install -c -m 644  lua/http/css/main.css lua/http/css/mobile.css '/home/ylwang/msvc/vlc-2.0.6/_win32/share/vlc/lua/http/css'
 /bin/mkdir -p '/home/ylwang/msvc/vlc-2.0.6/_win32/lib/vlc'
 /bin/mkdir -p '/home/ylwang/msvc/vlc-2.0.6/_win32/lib/vlc/lua/playlist'
 /usr/bin/install -c -m 644  lua/playlist/anevia_streams.luac lua/playlist/anevia_xml.luac lua/playlist/appletrailers.luac lua/playlist/bbc_co_uk.luac lua/playlist/break.luac lua/playlist/canalplus.luac lua/playlist/cue.luac lua/playlist/dailymotion.luac lua/playlist/extreme.luac lua/playlist/france2.luac lua/playlist/googlevideo.luac lua/playlist/jamendo.luac lua/playlist/joox.luac lua/playlist/katsomo.luac lua/playlist/koreus.luac lua/playlist/lelombrik.luac lua/playlist/metacafe.luac lua/playlist/metachannels.luac lua/playlist/mpora.luac lua/playlist/pinkbike.luac lua/playlist/pluzz.luac lua/playlist/rockbox_fm_presets.luac lua/playlist/soundcloud.luac lua/playlist/vimeo.luac lua/playlist/youtube.luac lua/playlist/youtube_homepage.luac lua/playlist/zapiks.luac '/home/ylwang/msvc/vlc-2.0.6/_win32/lib/vlc/lua/playlist'
 /bin/mkdir -p '/home/ylwang/msvc/vlc-2.0.6/_win32/lib/vlc/lua/meta/reader'
 /usr/bin/install -c -m 644  lua/meta/reader/filename.luac '/home/ylwang/msvc/vlc-2.0.6/_win32/lib/vlc/lua/meta/reader'
 /bin/mkdir -p '/home/ylwang/msvc/vlc-2.0.6/_win32/lib/vlc/lua/modules'
 /usr/bin/install -c -m 644  lua/modules/dkjson.luac lua/modules/sandbox.luac lua/modules/simplexml.luac '/home/ylwang/msvc/vlc-2.0.6/_win32/lib/vlc/lua/modules'
 /bin/mkdir -p '/home/ylwang/msvc/vlc-2.0.6/_win32/lib/vlc/lua/intf'
 /usr/bin/install -c -m 644  lua/intf/cli.luac lua/intf/dummy.luac lua/intf/dumpmeta.luac lua/intf/hotkeys.luac lua/intf/luac.luac lua/intf/telnet.luac lua/intf/http.luac '/home/ylwang/msvc/vlc-2.0.6/_win32/lib/vlc/lua/intf'
 /bin/mkdir -p '/home/ylwang/msvc/vlc-2.0.6/_win32/lib/vlc/lua/meta/fetcher'
 /usr/bin/install -c -m 644  lua/meta/fetcher/tvrage.luac '/home/ylwang/msvc/vlc-2.0.6/_win32/lib/vlc/lua/meta/fetcher'
 /bin/mkdir -p '/home/ylwang/msvc/vlc-2.0.6/_win32/lib/vlc/lua/sd'
 /usr/bin/install -c -m 644  lua/sd/fmc.luac lua/sd/freebox.luac lua/sd/icecast.luac lua/sd/jamendo.luac lua/sd/metachannels.luac '/home/ylwang/msvc/vlc-2.0.6/_win32/lib/vlc/lua/sd'
 /bin/mkdir -p '/home/ylwang/msvc/vlc-2.0.6/_win32/lib/vlc/lua/intf/modules'
 /usr/bin/install -c -m 644  lua/intf/modules/common.luac lua/intf/modules/host.luac lua/intf/modules/httprequests.luac '/home/ylwang/msvc/vlc-2.0.6/_win32/lib/vlc/lua/intf/modules'
 /bin/mkdir -p '/home/ylwang/msvc/vlc-2.0.6/_win32/lib/vlc/lua/meta/art'
 /usr/bin/install -c -m 644  lua/meta/art/02_frenchtv.luac lua/meta/art/03_lastfm.luac lua/meta/art/01_googleimage.luac lua/meta/art/00_musicbrainz.luac '/home/ylwang/msvc/vlc-2.0.6/_win32/lib/vlc/lua/meta/art'
make[4]: Leaving directory `/home/ylwang/msvc/vlc-2.0.6/share'
make[3]: Leaving directory `/home/ylwang/msvc/vlc-2.0.6/share'
Making install in src
make[3]: Entering directory `/home/ylwang/msvc/vlc-2.0.6/src'
  GEN      stamp-revision
make  install-recursive
make[4]: Entering directory `/home/ylwang/msvc/vlc-2.0.6/src'
Making install in .
make[5]: Entering directory `/home/ylwang/msvc/vlc-2.0.6/src'
  CC       modules/bank.lo
  CCLD     libvlccore.la
make[6]: Entering directory `/home/ylwang/msvc/vlc-2.0.6/src'
  CC       modules/bank.lo
  CCLD     libvlccore.la
 /bin/mkdir -p '/home/ylwang/msvc/vlc-2.0.6/_win32/include/vlc/plugins'
 /usr/bin/install -c -m 644 ../include/vlc_about.h '/home/ylwang/msvc/vlc-2.0.6/_win32/include/vlc/plugins'
 /bin/mkdir -p '/home/ylwang/msvc/vlc-2.0.6/_win32/lib/pkgconfig'
 /usr/bin/install -c -m 644 vlc-plugin.pc '/home/ylwang/msvc/vlc-2.0.6/_win32/lib/pkgconfig'
 /bin/mkdir -p '/home/ylwang/msvc/vlc-2.0.6/_win32/include/vlc/plugins'
 /usr/bin/install -c -m 644 ../include/vlc_access.h ../include/vlc_acl.h ../include/vlc_aout.h ../include/vlc_aout_intf.h ../include/vlc_aout_mixer.h ../include/vlc_arrays.h ../include/vlc_art_finder.h ../include/vlc_atomic.h ../include/vlc_avcodec.h ../include/vlc_bits.h ../include/vlc_block.h ../include/vlc_block_helper.h ../include/vlc_charset.h ../include/vlc_codec.h ../include/vlc_common.h ../include/vlc_config.h ../include/vlc_config_cat.h ../include/vlc_configuration.h ../include/vlc_cpu.h ../include/vlc_dialog.h ../include/vlc_demux.h ../include/vlc_epg.h ../include/vlc_es.h ../include/vlc_es_out.h ../include/vlc_events.h ../include/vlc_filter.h ../include/vlc_fourcc.h ../include/vlc_fs.h ../include/vlc_gcrypt.h ../include/vlc_opengl.h ../include/vlc_http.h ../include/vlc_httpd.h ../include/vlc_image.h ../include/vlc_inhibit.h ../include/vlc_input.h ../include/vlc_input_item.h ../include/vlc_keys.h ../include/vlc_main.h ../include/vlc_md5.h ../include/vlc_messages.h '/home/ylwang/msvc/vlc-2.0.6/_win32/include/vlc/plugins'
 /usr/bin/install -c -m 644 ../include/vlc_meta.h ../include/vlc_media_library.h ../include/vlc_modules.h ../include/vlc_mouse.h ../include/vlc_mtime.h ../include/vlc_network.h ../include/vlc_objects.h ../include/vlc_picture.h ../include/vlc_picture_fifo.h ../include/vlc_picture_pool.h ../include/vlc_playlist.h ../include/vlc_plugin.h ../include/vlc_probe.h ../include/vlc_rand.h ../include/vlc_services_discovery.h ../include/vlc_sql.h ../include/vlc_sout.h ../include/vlc_spu.h ../include/vlc_stream.h ../include/vlc_strings.h ../include/vlc_subpicture.h ../include/vlc_text_style.h ../include/vlc_threads.h ../include/vlc_tls.h ../include/vlc_url.h ../include/vlc_variables.h ../include/vlc_vlm.h ../include/vlc_video_splitter.h ../include/vlc_vout.h ../include/vlc_vout_display.h ../include/vlc_vout_osd.h ../include/vlc_vout_window.h ../include/vlc_xml.h ../include/vlc_xlib.h '/home/ylwang/msvc/vlc-2.0.6/_win32/include/vlc/plugins'
make[6]: Leaving directory `/home/ylwang/msvc/vlc-2.0.6/src'
make[5]: Leaving directory `/home/ylwang/msvc/vlc-2.0.6/src'
Making install in test
make[5]: Entering directory `/home/ylwang/msvc/vlc-2.0.6/src/test'
make[6]: Entering directory `/home/ylwang/msvc/vlc-2.0.6/src/test'
make[6]: Nothing to be done for `install-exec-am'.
make[6]: Nothing to be done for `install-data-am'.
make[6]: Leaving directory `/home/ylwang/msvc/vlc-2.0.6/src/test'
make[5]: Leaving directory `/home/ylwang/msvc/vlc-2.0.6/src/test'
make[4]: Leaving directory `/home/ylwang/msvc/vlc-2.0.6/src'
make[3]: Leaving directory `/home/ylwang/msvc/vlc-2.0.6/src'
Making install in modules
make[3]: Entering directory `/home/ylwang/msvc/vlc-2.0.6/modules'
Making install in access
make[4]: Entering directory `/home/ylwang/msvc/vlc-2.0.6/modules/access'
make  install-recursive
make[5]: Entering directory `/home/ylwang/msvc/vlc-2.0.6/modules/access'
Making install in mms
make[6]: Entering directory `/home/ylwang/msvc/vlc-2.0.6/modules/access/mms'
make  install-am
make[7]: Entering directory `/home/ylwang/msvc/vlc-2.0.6/modules/access/mms'
  CCLD     libaccess_mms_plugin.la
make[8]: Entering directory `/home/ylwang/msvc/vlc-2.0.6/modules/access/mms'
make[8]: Nothing to be done for `install-exec-am'.
  CCLD     libaccess_mms_plugin.la
make[8]: Leaving directory `/home/ylwang/msvc/vlc-2.0.6/modules/access/mms'
make[7]: Leaving directory `/home/ylwang/msvc/vlc-2.0.6/modules/access/mms'
make[6]: Leaving directory `/home/ylwang/msvc/vlc-2.0.6/modules/access/mms'
Making install in rtp
make[6]: Entering directory `/home/ylwang/msvc/vlc-2.0.6/modules/access/rtp'
make  install-am
make[7]: Entering directory `/home/ylwang/msvc/vlc-2.0.6/modules/access/rtp'
  CCLD     librtp_plugin.la
make[8]: Entering directory `/home/ylwang/msvc/vlc-2.0.6/modules/access/rtp'
make[8]: Nothing to be done for `install-exec-am'.
  CCLD     librtp_plugin.la
make[8]: Leaving directory `/home/ylwang/msvc/vlc-2.0.6/modules/access/rtp'
make[7]: Leaving directory `/home/ylwang/msvc/vlc-2.0.6/modules/access/rtp'
make[6]: Leaving directory `/home/ylwang/msvc/vlc-2.0.6/modules/access/rtp'
Making install in rtsp
make[6]: Entering directory `/home/ylwang/msvc/vlc-2.0.6/modules/access/rtsp'
make  install-am
make[7]: Entering directory `/home/ylwang/msvc/vlc-2.0.6/modules/access/rtsp'
make[8]: Entering directory `/home/ylwang/msvc/vlc-2.0.6/modules/access/rtsp'
make[8]: Nothing to be done for `install-exec-am'.
make[8]: Leaving directory `/home/ylwang/msvc/vlc-2.0.6/modules/access/rtsp'
make[7]: Leaving directory `/home/ylwang/msvc/vlc-2.0.6/modules/access/rtsp'
make[6]: Leaving directory `/home/ylwang/msvc/vlc-2.0.6/modules/access/rtsp'
Making install in vcd
make[6]: Entering directory `/home/ylwang/msvc/vlc-2.0.6/modules/access/vcd'
make  install-am
make[7]: Entering directory `/home/ylwang/msvc/vlc-2.0.6/modules/access/vcd'
  CCLD     libvcd_plugin.la
make[8]: Entering directory `/home/ylwang/msvc/vlc-2.0.6/modules/access/vcd'
make[8]: Nothing to be done for `install-exec-am'.
  CCLD     libvcd_plugin.la
make[8]: Leaving directory `/home/ylwang/msvc/vlc-2.0.6/modules/access/vcd'
make[7]: Leaving directory `/home/ylwang/msvc/vlc-2.0.6/modules/access/vcd'
make[6]: Leaving directory `/home/ylwang/msvc/vlc-2.0.6/modules/access/vcd'
Making install in vcdx
make[6]: Entering directory `/home/ylwang/msvc/vlc-2.0.6/modules/access/vcdx'
make  install-am
make[7]: Entering directory `/home/ylwang/msvc/vlc-2.0.6/modules/access/vcdx'
make[8]: Entering directory `/home/ylwang/msvc/vlc-2.0.6/modules/access/vcdx'
make[8]: Nothing to be done for `install-exec-am'.
make[8]: Leaving directory `/home/ylwang/msvc/vlc-2.0.6/modules/access/vcdx'
make[7]: Leaving directory `/home/ylwang/msvc/vlc-2.0.6/modules/access/vcdx'
make[6]: Leaving directory `/home/ylwang/msvc/vlc-2.0.6/modules/access/vcdx'
Making install in screen
make[6]: Entering directory `/home/ylwang/msvc/vlc-2.0.6/modules/access/screen'
make  install-am
make[7]: Entering directory `/home/ylwang/msvc/vlc-2.0.6/modules/access/screen'
  CCLD     libscreen_plugin.la
make[8]: Entering directory `/home/ylwang/msvc/vlc-2.0.6/modules/access/screen'
make[8]: Nothing to be done for `install-exec-am'.
  CCLD     libscreen_plugin.la
make[8]: Leaving directory `/home/ylwang/msvc/vlc-2.0.6/modules/access/screen'
make[7]: Leaving directory `/home/ylwang/msvc/vlc-2.0.6/modules/access/screen'
make[6]: Leaving directory `/home/ylwang/msvc/vlc-2.0.6/modules/access/screen'
Making install in bd
make[6]: Entering directory `/home/ylwang/msvc/vlc-2.0.6/modules/access/bd'
make  install-am
make[7]: Entering directory `/home/ylwang/msvc/vlc-2.0.6/modules/access/bd'
  CCLD     libaccess_bd_plugin.la
make[8]: Entering directory `/home/ylwang/msvc/vlc-2.0.6/modules/access/bd'
make[8]: Nothing to be done for `install-exec-am'.
  CCLD     libaccess_bd_plugin.la
make[8]: Leaving directory `/home/ylwang/msvc/vlc-2.0.6/modules/access/bd'
make[7]: Leaving directory `/home/ylwang/msvc/vlc-2.0.6/modules/access/bd'
make[6]: Leaving directory `/home/ylwang/msvc/vlc-2.0.6/modules/access/bd'
Making install in zip
make[6]: Entering directory `/home/ylwang/msvc/vlc-2.0.6/modules/access/zip'
make  install-recursive
make[7]: Entering directory `/home/ylwang/msvc/vlc-2.0.6/modules/access/zip'
Making install in unzip
make[8]: Entering directory `/home/ylwang/msvc/vlc-2.0.6/modules/access/zip/unzip'
make[9]: Entering directory `/home/ylwang/msvc/vlc-2.0.6/modules/access/zip/unzip'
make[9]: Nothing to be done for `install-exec-am'.
make[9]: Nothing to be done for `install-data-am'.
make[9]: Leaving directory `/home/ylwang/msvc/vlc-2.0.6/modules/access/zip/unzip'
make[8]: Leaving directory `/home/ylwang/msvc/vlc-2.0.6/modules/access/zip/unzip'
make[8]: Entering directory `/home/ylwang/msvc/vlc-2.0.6/modules/access/zip'
make[8]: Leaving directory `/home/ylwang/msvc/vlc-2.0.6/modules/access/zip'
make[7]: Leaving directory `/home/ylwang/msvc/vlc-2.0.6/modules/access/zip'
make[6]: Leaving directory `/home/ylwang/msvc/vlc-2.0.6/modules/access/zip'
Making install in dshow
make[6]: Entering directory `/home/ylwang/msvc/vlc-2.0.6/modules/access/dshow'
make  install-am
make[7]: Entering directory `/home/ylwang/msvc/vlc-2.0.6/modules/access/dshow'
  CXXLD    libdshow_plugin.la
make[8]: Entering directory `/home/ylwang/msvc/vlc-2.0.6/modules/access/dshow'
make[8]: Nothing to be done for `install-exec-am'.
  CXXLD    libdshow_plugin.la
make[8]: Leaving directory `/home/ylwang/msvc/vlc-2.0.6/modules/access/dshow'
make[7]: Leaving directory `/home/ylwang/msvc/vlc-2.0.6/modules/access/dshow'
make[6]: Leaving directory `/home/ylwang/msvc/vlc-2.0.6/modules/access/dshow'
make[6]: Entering directory `/home/ylwang/msvc/vlc-2.0.6/modules/access'
  CCLD     libaccess_avio_plugin.la
  CCLD     libcdda_plugin.la
  CCLD     libdvdnav_plugin.la
  CCLD     libdvdread_plugin.la
  CCLD     liblibbluray_plugin.la
  CCLD     libaccess_smb_plugin.la
  CCLD     libfilesystem_plugin.la
  CCLD     libidummy_plugin.la
  CCLD     libaccess_udp_plugin.la
  CCLD     libaccess_tcp_plugin.la
  CCLD     libaccess_http_plugin.la
  CCLD     libaccess_ftp_plugin.la
  CCLD     libaccess_imem_plugin.la
  CCLD     libaccess_attachment_plugin.la
  CCLD     libsdp_plugin.la
  CCLD     libaccess_rar_plugin.la
  CCLD     libstream_filter_rar_plugin.la
  CCLD     libaccess_vdr_plugin.la
  CCLD     libdtv_plugin.la
make[7]: Entering directory `/home/ylwang/msvc/vlc-2.0.6/modules/access'
make[7]: Nothing to be done for `install-exec-am'.
  CCLD     libaccess_avio_plugin.la
  CCLD     libcdda_plugin.la
  CCLD     libdvdnav_plugin.la
  CCLD     libdvdread_plugin.la
  CCLD     liblibbluray_plugin.la
  CCLD     libaccess_smb_plugin.la
  CCLD     libfilesystem_plugin.la
  CCLD     libidummy_plugin.la
  CCLD     libaccess_udp_plugin.la
  CCLD     libaccess_tcp_plugin.la
  CCLD     libaccess_http_plugin.la
  CCLD     libaccess_ftp_plugin.la
  CCLD     libaccess_imem_plugin.la
  CCLD     libaccess_attachment_plugin.la
  CCLD     libsdp_plugin.la
  CCLD     libaccess_rar_plugin.la
  CCLD     libstream_filter_rar_plugin.la
  CCLD     libaccess_vdr_plugin.la
  CCLD     libdtv_plugin.la
make[7]: Leaving directory `/home/ylwang/msvc/vlc-2.0.6/modules/access'
make[6]: Leaving directory `/home/ylwang/msvc/vlc-2.0.6/modules/access'
make[5]: Leaving directory `/home/ylwang/msvc/vlc-2.0.6/modules/access'
make[4]: Leaving directory `/home/ylwang/msvc/vlc-2.0.6/modules/access'
Making install in audio_filter
make[4]: Entering directory `/home/ylwang/msvc/vlc-2.0.6/modules/audio_filter'
make  install-am
make[5]: Entering directory `/home/ylwang/msvc/vlc-2.0.6/modules/audio_filter'
  CCLD     liba52tofloat32_plugin.la
  CCLD     libdtstofloat32_plugin.la
  CCLD     libmpgatofixed32_plugin.la
  CCLD     libsamplerate_plugin.la
  CCLD     libaudiobargraph_a_plugin.la
  CCLD     libchorus_flanger_plugin.la
  CCLD     libcompressor_plugin.la
  CCLD     libequalizer_plugin.la
  CCLD     libkaraoke_plugin.la
  CCLD     libnormvol_plugin.la
  CCLD     libparam_eq_plugin.la
  CCLD     libscaletempo_plugin.la
  CXXLD    libspatializer_plugin.la
  CCLD     libdolby_surround_decoder_plugin.la
  CCLD     libheadphone_channel_mixer_plugin.la
  CCLD     libmono_plugin.la
  CCLD     libsimple_channel_mixer_plugin.la
  CCLD     libtrivial_channel_mixer_plugin.la
  CCLD     liba52tospdif_plugin.la
  CCLD     libaudio_format_plugin.la
  CCLD     libconverter_fixed_plugin.la
  CCLD     libdtstospdif_plugin.la
  CCLD     libugly_resampler_plugin.la
  CCLD     libspeex_resampler_plugin.la
make[6]: Entering directory `/home/ylwang/msvc/vlc-2.0.6/modules/audio_filter'
make[6]: Nothing to be done for `install-exec-am'.
  CCLD     liba52tofloat32_plugin.la
  CCLD     libdtstofloat32_plugin.la
  CCLD     libmpgatofixed32_plugin.la
  CCLD     libsamplerate_plugin.la
  CCLD     libaudiobargraph_a_plugin.la
  CCLD     libchorus_flanger_plugin.la
  CCLD     libcompressor_plugin.la
  CCLD     libequalizer_plugin.la
  CCLD     libkaraoke_plugin.la
  CCLD     libnormvol_plugin.la
  CCLD     libparam_eq_plugin.la
  CCLD     libscaletempo_plugin.la
  CXXLD    libspatializer_plugin.la
  CCLD     libdolby_surround_decoder_plugin.la
  CCLD     libheadphone_channel_mixer_plugin.la
  CCLD     libmono_plugin.la
  CCLD     libsimple_channel_mixer_plugin.la
  CCLD     libtrivial_channel_mixer_plugin.la
  CCLD     liba52tospdif_plugin.la
  CCLD     libaudio_format_plugin.la
  CCLD     libconverter_fixed_plugin.la
  CCLD     libdtstospdif_plugin.la
  CCLD     libugly_resampler_plugin.la
  CCLD     libspeex_resampler_plugin.la
make[6]: Leaving directory `/home/ylwang/msvc/vlc-2.0.6/modules/audio_filter'
make[5]: Leaving directory `/home/ylwang/msvc/vlc-2.0.6/modules/audio_filter'
make[4]: Leaving directory `/home/ylwang/msvc/vlc-2.0.6/modules/audio_filter'
Making install in audio_mixer
make[4]: Entering directory `/home/ylwang/msvc/vlc-2.0.6/modules/audio_mixer'
make  install-am
make[5]: Entering directory `/home/ylwang/msvc/vlc-2.0.6/modules/audio_mixer'
  CCLD     libfloat32_mixer_plugin.la
  CCLD     libfixed32_mixer_plugin.la
make[6]: Entering directory `/home/ylwang/msvc/vlc-2.0.6/modules/audio_mixer'
make[6]: Nothing to be done for `install-exec-am'.
  CCLD     libfloat32_mixer_plugin.la
  CCLD     libfixed32_mixer_plugin.la
make[6]: Leaving directory `/home/ylwang/msvc/vlc-2.0.6/modules/audio_mixer'
make[5]: Leaving directory `/home/ylwang/msvc/vlc-2.0.6/modules/audio_mixer'
make[4]: Leaving directory `/home/ylwang/msvc/vlc-2.0.6/modules/audio_mixer'
Making install in audio_output
make[4]: Entering directory `/home/ylwang/msvc/vlc-2.0.6/modules/audio_output'
make  install-am
make[5]: Entering directory `/home/ylwang/msvc/vlc-2.0.6/modules/audio_output'
  CCLD     libaout_directx_plugin.la
  CCLD     libportaudio_plugin.la
  CCLD     libwaveout_plugin.la
  CCLD     libadummy_plugin.la
  CCLD     libamem_plugin.la
  CCLD     libaout_file_plugin.la
make[6]: Entering directory `/home/ylwang/msvc/vlc-2.0.6/modules/audio_output'
make[6]: Nothing to be done for `install-exec-am'.
  CCLD     libaout_directx_plugin.la
  CCLD     libportaudio_plugin.la
  CCLD     libwaveout_plugin.la
  CCLD     libadummy_plugin.la
  CCLD     libamem_plugin.la
  CCLD     libaout_file_plugin.la
make[6]: Leaving directory `/home/ylwang/msvc/vlc-2.0.6/modules/audio_output'
make[5]: Leaving directory `/home/ylwang/msvc/vlc-2.0.6/modules/audio_output'
make[4]: Leaving directory `/home/ylwang/msvc/vlc-2.0.6/modules/audio_output'
Making install in codec
make[4]: Entering directory `/home/ylwang/msvc/vlc-2.0.6/modules/codec'
make  install-recursive
make[5]: Entering directory `/home/ylwang/msvc/vlc-2.0.6/modules/codec'
Making install in loader
make[6]: Entering directory `/home/ylwang/msvc/vlc-2.0.6/modules/codec/loader'
make[7]: Entering directory `/home/ylwang/msvc/vlc-2.0.6/modules/codec/loader'
make[7]: Nothing to be done for `install-exec-am'.
make[7]: Nothing to be done for `install-data-am'.
make[7]: Leaving directory `/home/ylwang/msvc/vlc-2.0.6/modules/codec/loader'
make[6]: Leaving directory `/home/ylwang/msvc/vlc-2.0.6/modules/codec/loader'
Making install in dmo
make[6]: Entering directory `/home/ylwang/msvc/vlc-2.0.6/modules/codec/dmo'
make  install-am
make[7]: Entering directory `/home/ylwang/msvc/vlc-2.0.6/modules/codec/dmo'
  CCLD     libdmo_plugin.la
make[8]: Entering directory `/home/ylwang/msvc/vlc-2.0.6/modules/codec/dmo'
make[8]: Nothing to be done for `install-exec-am'.
  CCLD     libdmo_plugin.la
make[8]: Leaving directory `/home/ylwang/msvc/vlc-2.0.6/modules/codec/dmo'
make[7]: Leaving directory `/home/ylwang/msvc/vlc-2.0.6/modules/codec/dmo'
make[6]: Leaving directory `/home/ylwang/msvc/vlc-2.0.6/modules/codec/dmo'
Making install in avcodec
make[6]: Entering directory `/home/ylwang/msvc/vlc-2.0.6/modules/codec/avcodec'
make  install-am
make[7]: Entering directory `/home/ylwang/msvc/vlc-2.0.6/modules/codec/avcodec'
  CC       libavcodec_plugin_la-dxva2.lo
  CCLD     libavcodec_plugin.la
make[8]: Entering directory `/home/ylwang/msvc/vlc-2.0.6/modules/codec/avcodec'
make[8]: Nothing to be done for `install-exec-am'.
  CC       libavcodec_plugin_la-dxva2.lo
  CCLD     libavcodec_plugin.la
make[8]: Leaving directory `/home/ylwang/msvc/vlc-2.0.6/modules/codec/avcodec'
make[7]: Leaving directory `/home/ylwang/msvc/vlc-2.0.6/modules/codec/avcodec'
make[6]: Leaving directory `/home/ylwang/msvc/vlc-2.0.6/modules/codec/avcodec'
Making install in shine
make[6]: Entering directory `/home/ylwang/msvc/vlc-2.0.6/modules/codec/shine'
make  install-am
make[7]: Entering directory `/home/ylwang/msvc/vlc-2.0.6/modules/codec/shine'
make[8]: Entering directory `/home/ylwang/msvc/vlc-2.0.6/modules/codec/shine'
make[8]: Nothing to be done for `install-exec-am'.
make[8]: Leaving directory `/home/ylwang/msvc/vlc-2.0.6/modules/codec/shine'
make[7]: Leaving directory `/home/ylwang/msvc/vlc-2.0.6/modules/codec/shine'
make[6]: Leaving directory `/home/ylwang/msvc/vlc-2.0.6/modules/codec/shine'
Making install in spudec
make[6]: Entering directory `/home/ylwang/msvc/vlc-2.0.6/modules/codec/spudec'
make  install-am
make[7]: Entering directory `/home/ylwang/msvc/vlc-2.0.6/modules/codec/spudec'
  CCLD     libspudec_plugin.la
make[8]: Entering directory `/home/ylwang/msvc/vlc-2.0.6/modules/codec/spudec'
make[8]: Nothing to be done for `install-exec-am'.
  CCLD     libspudec_plugin.la
make[8]: Leaving directory `/home/ylwang/msvc/vlc-2.0.6/modules/codec/spudec'
make[7]: Leaving directory `/home/ylwang/msvc/vlc-2.0.6/modules/codec/spudec'
make[6]: Leaving directory `/home/ylwang/msvc/vlc-2.0.6/modules/codec/spudec'
Making install in wmafixed
make[6]: Entering directory `/home/ylwang/msvc/vlc-2.0.6/modules/codec/wmafixed'
make  install-am
make[7]: Entering directory `/home/ylwang/msvc/vlc-2.0.6/modules/codec/wmafixed'
make[8]: Entering directory `/home/ylwang/msvc/vlc-2.0.6/modules/codec/wmafixed'
make[8]: Nothing to be done for `install-exec-am'.
make[8]: Leaving directory `/home/ylwang/msvc/vlc-2.0.6/modules/codec/wmafixed'
make[7]: Leaving directory `/home/ylwang/msvc/vlc-2.0.6/modules/codec/wmafixed'
make[6]: Leaving directory `/home/ylwang/msvc/vlc-2.0.6/modules/codec/wmafixed'
Making install in omxil
make[6]: Entering directory `/home/ylwang/msvc/vlc-2.0.6/modules/codec/omxil'
make  install-am
make[7]: Entering directory `/home/ylwang/msvc/vlc-2.0.6/modules/codec/omxil'
make[8]: Entering directory `/home/ylwang/msvc/vlc-2.0.6/modules/codec/omxil'
make[8]: Nothing to be done for `install-exec-am'.
make[8]: Leaving directory `/home/ylwang/msvc/vlc-2.0.6/modules/codec/omxil'
make[7]: Leaving directory `/home/ylwang/msvc/vlc-2.0.6/modules/codec/omxil'
make[6]: Leaving directory `/home/ylwang/msvc/vlc-2.0.6/modules/codec/omxil'
make[6]: Entering directory `/home/ylwang/msvc/vlc-2.0.6/modules/codec'
  CC       libcrystalhd_plugin_la-crystalhd.lo
  CCLD     libcrystalhd_plugin.la
  CC       libflac_plugin_la-flac.lo
  CCLD     libflac_plugin.la
  CC       libfluidsynth_plugin_la-fluidsynth.lo
  CCLD     libfluidsynth_plugin.la
  CC       libkate_plugin_la-kate.lo
  CCLD     libkate_plugin.la
  CC       liblibass_plugin_la-libass.lo
  CCLD     liblibass_plugin.la
  CC       liblibmpeg2_plugin_la-libmpeg2.lo
  CCLD     liblibmpeg2_plugin.la
  CC       libopus_plugin_la-opus.lo
  CC       libopus_plugin_la-opus_header.lo
  CCLD     libopus_plugin.la
  CC       libpng_plugin_la-png.lo
  CCLD     libpng_plugin.la
  CC       libschroedinger_plugin_la-schroedinger.lo
  CCLD     libschroedinger_plugin.la
  CC       libsdl_image_plugin_la-sdl_image.lo
  CCLD     libsdl_image_plugin.la
  CC       libspeex_plugin_la-speex.lo
  CCLD     libspeex_plugin.la
  CC       libtelx_plugin_la-telx.lo
  CCLD     libtelx_plugin.la
  CC       libtheora_plugin_la-theora.lo
  CCLD     libtheora_plugin.la
  CC       libtwolame_plugin_la-twolame.lo
  CCLD     libtwolame_plugin.la
  CC       libvorbis_plugin_la-vorbis.lo
  CCLD     libvorbis_plugin.la
  CC       libx264_plugin_la-x264.lo
  CCLD     libx264_plugin.la
  CC       libzvbi_plugin_la-zvbi.lo
  CCLD     libzvbi_plugin.la
  CC       liba52_plugin_la-a52.lo
  CCLD     liba52_plugin.la
  CC       libadpcm_plugin_la-adpcm.lo
  CCLD     libadpcm_plugin.la
  CC       libaes3_plugin_la-aes3.lo
  CCLD     libaes3_plugin.la
  CC       libaraw_plugin_la-araw.lo
  CCLD     libaraw_plugin.la
  CC       libcc_plugin_la-cc.lo
  CCLD     libcc_plugin.la
  CC       libcdg_plugin_la-cdg.lo
  CCLD     libcdg_plugin.la
  CC       libcvdsub_plugin_la-cvdsub.lo
  CCLD     libcvdsub_plugin.la
  CC       libddummy_plugin_la-ddummy.lo
  CCLD     libddummy_plugin.la
  CC       libdts_plugin_la-dts.lo
  CCLD     libdts_plugin.la
  CC       libdvbsub_plugin_la-dvbsub.lo
  CCLD     libdvbsub_plugin.la
  CC       libedummy_plugin_la-edummy.lo
  CCLD     libedummy_plugin.la
  CC       liblpcm_plugin_la-lpcm.lo
  CCLD     liblpcm_plugin.la
  CC       libmpeg_audio_plugin_la-mpeg_audio.lo
  CCLD     libmpeg_audio_plugin.la
  CC       librawvideo_plugin_la-rawvideo.lo
  CCLD     librawvideo_plugin.la
  CC       libsvcdsub_plugin_la-svcdsub.lo
  CCLD     libsvcdsub_plugin.la
  CC       libsubsdec_plugin_la-subsdec.lo
  CCLD     libsubsdec_plugin.la
  CC       libsubsusf_plugin_la-subsusf.lo
  CCLD     libsubsusf_plugin.la
  CC       libt140_plugin_la-t140.lo
  CCLD     libt140_plugin.la
  CC       libstl_plugin_la-stl.lo
  CCLD     libstl_plugin.la
make[7]: Entering directory `/home/ylwang/msvc/vlc-2.0.6/modules/codec'
make[7]: Nothing to be done for `install-exec-am'.
  CCLD     libcrystalhd_plugin.la
  CCLD     libflac_plugin.la
  CCLD     libfluidsynth_plugin.la
  CCLD     libkate_plugin.la
  CCLD     liblibass_plugin.la
  CCLD     liblibmpeg2_plugin.la
  CCLD     libopus_plugin.la
  CCLD     libpng_plugin.la
  CCLD     libschroedinger_plugin.la
  CCLD     libsdl_image_plugin.la
  CCLD     libspeex_plugin.la
  CCLD     libtelx_plugin.la
  CCLD     libtheora_plugin.la
  CCLD     libtwolame_plugin.la
  CCLD     libvorbis_plugin.la
  CCLD     libx264_plugin.la
  CCLD     libzvbi_plugin.la
  CCLD     liba52_plugin.la
  CCLD     libadpcm_plugin.la
  CCLD     libaes3_plugin.la
  CCLD     libaraw_plugin.la
  CCLD     libcc_plugin.la
  CCLD     libcdg_plugin.la
  CCLD     libcvdsub_plugin.la
  CCLD     libddummy_plugin.la
  CCLD     libdts_plugin.la
  CCLD     libdvbsub_plugin.la
  CCLD     libedummy_plugin.la
  CCLD     liblpcm_plugin.la
  CCLD     libmpeg_audio_plugin.la
  CCLD     librawvideo_plugin.la
  CCLD     libsvcdsub_plugin.la
  CCLD     libsubsdec_plugin.la
  CCLD     libsubsusf_plugin.la
  CCLD     libt140_plugin.la
  CCLD     libstl_plugin.la
make[7]: Leaving directory `/home/ylwang/msvc/vlc-2.0.6/modules/codec'
make[6]: Leaving directory `/home/ylwang/msvc/vlc-2.0.6/modules/codec'
make[5]: Leaving directory `/home/ylwang/msvc/vlc-2.0.6/modules/codec'
make[4]: Leaving directory `/home/ylwang/msvc/vlc-2.0.6/modules/codec'
Making install in control
make[4]: Entering directory `/home/ylwang/msvc/vlc-2.0.6/modules/control'
make  install-recursive
make[5]: Entering directory `/home/ylwang/msvc/vlc-2.0.6/modules/control'
Making install in globalhotkeys
make[6]: Entering directory `/home/ylwang/msvc/vlc-2.0.6/modules/control/globalhotkeys'
make  install-am
make[7]: Entering directory `/home/ylwang/msvc/vlc-2.0.6/modules/control/globalhotkeys'
  CC       libglobalhotkeys_plugin_la-win32.lo
  CCLD     libglobalhotkeys_plugin.la
make[8]: Entering directory `/home/ylwang/msvc/vlc-2.0.6/modules/control/globalhotkeys'
make[8]: Nothing to be done for `install-exec-am'.
  CCLD     libglobalhotkeys_plugin.la
make[8]: Leaving directory `/home/ylwang/msvc/vlc-2.0.6/modules/control/globalhotkeys'
make[7]: Leaving directory `/home/ylwang/msvc/vlc-2.0.6/modules/control/globalhotkeys'
make[6]: Leaving directory `/home/ylwang/msvc/vlc-2.0.6/modules/control/globalhotkeys'
Making install in dbus
make[6]: Entering directory `/home/ylwang/msvc/vlc-2.0.6/modules/control/dbus'
make  install-am
make[7]: Entering directory `/home/ylwang/msvc/vlc-2.0.6/modules/control/dbus'
make[8]: Entering directory `/home/ylwang/msvc/vlc-2.0.6/modules/control/dbus'
make[8]: Nothing to be done for `install-exec-am'.
make[8]: Leaving directory `/home/ylwang/msvc/vlc-2.0.6/modules/control/dbus'
make[7]: Leaving directory `/home/ylwang/msvc/vlc-2.0.6/modules/control/dbus'
make[6]: Leaving directory `/home/ylwang/msvc/vlc-2.0.6/modules/control/dbus'
make[6]: Entering directory `/home/ylwang/msvc/vlc-2.0.6/modules/control'
  CC       libdummy_plugin_la-dummy.lo
  CCLD     libdummy_plugin.la
  CC       libgestures_plugin_la-gestures.lo
  CCLD     libgestures_plugin.la
  CC       libnetsync_plugin_la-netsync.lo
  CCLD     libnetsync_plugin.la
  CC       libhotkeys_plugin_la-hotkeys.lo
  CCLD     libhotkeys_plugin.la
  CC       liboldrc_plugin_la-rc.lo
  CCLD     liboldrc_plugin.la
  CC       libntservice_plugin_la-ntservice.lo
  CCLD     libntservice_plugin.la
make[7]: Entering directory `/home/ylwang/msvc/vlc-2.0.6/modules/control'
make[7]: Nothing to be done for `install-exec-am'.
  CCLD     libdummy_plugin.la
  CCLD     libgestures_plugin.la
  CCLD     libnetsync_plugin.la
  CCLD     libhotkeys_plugin.la
  CCLD     liboldrc_plugin.la
  CCLD     libntservice_plugin.la
make[7]: Leaving directory `/home/ylwang/msvc/vlc-2.0.6/modules/control'
make[6]: Leaving directory `/home/ylwang/msvc/vlc-2.0.6/modules/control'
make[5]: Leaving directory `/home/ylwang/msvc/vlc-2.0.6/modules/control'
make[4]: Leaving directory `/home/ylwang/msvc/vlc-2.0.6/modules/control'
Making install in demux
make[4]: Entering directory `/home/ylwang/msvc/vlc-2.0.6/modules/demux'
touch dummy.cpp
make  install-recursive
make[5]: Entering directory `/home/ylwang/msvc/vlc-2.0.6/modules/demux'
Making install in asf
make[6]: Entering directory `/home/ylwang/msvc/vlc-2.0.6/modules/demux/asf'
make  install-am
make[7]: Entering directory `/home/ylwang/msvc/vlc-2.0.6/modules/demux/asf'
  CC       libasf_plugin_la-asf.lo
  CC       libasf_plugin_la-libasf.lo
  CCLD     libasf_plugin.la
make[8]: Entering directory `/home/ylwang/msvc/vlc-2.0.6/modules/demux/asf'
make[8]: Nothing to be done for `install-exec-am'.
  CCLD     libasf_plugin.la
make[8]: Leaving directory `/home/ylwang/msvc/vlc-2.0.6/modules/demux/asf'
make[7]: Leaving directory `/home/ylwang/msvc/vlc-2.0.6/modules/demux/asf'
make[6]: Leaving directory `/home/ylwang/msvc/vlc-2.0.6/modules/demux/asf'
Making install in avformat
make[6]: Entering directory `/home/ylwang/msvc/vlc-2.0.6/modules/demux/avformat'
make  install-am
make[7]: Entering directory `/home/ylwang/msvc/vlc-2.0.6/modules/demux/avformat'
  CC       libavformat_plugin_la-avformat.lo
  CC       libavformat_plugin_la-demux.lo
  CC       libavformat_plugin_la-fourcc.lo
  CC       libavformat_plugin_la-chroma.lo
  CC       libavformat_plugin_la-mux.lo
  CCLD     libavformat_plugin.la
make[8]: Entering directory `/home/ylwang/msvc/vlc-2.0.6/modules/demux/avformat'
make[8]: Nothing to be done for `install-exec-am'.
  CCLD     libavformat_plugin.la
make[8]: Leaving directory `/home/ylwang/msvc/vlc-2.0.6/modules/demux/avformat'
make[7]: Leaving directory `/home/ylwang/msvc/vlc-2.0.6/modules/demux/avformat'
make[6]: Leaving directory `/home/ylwang/msvc/vlc-2.0.6/modules/demux/avformat'
Making install in avi
make[6]: Entering directory `/home/ylwang/msvc/vlc-2.0.6/modules/demux/avi'
make  install-am
make[7]: Entering directory `/home/ylwang/msvc/vlc-2.0.6/modules/demux/avi'
  CC       libavi_plugin_la-avi.lo
  CC       libavi_plugin_la-libavi.lo
  CCLD     libavi_plugin.la
make[8]: Entering directory `/home/ylwang/msvc/vlc-2.0.6/modules/demux/avi'
make[8]: Nothing to be done for `install-exec-am'.
  CCLD     libavi_plugin.la
make[8]: Leaving directory `/home/ylwang/msvc/vlc-2.0.6/modules/demux/avi'
make[7]: Leaving directory `/home/ylwang/msvc/vlc-2.0.6/modules/demux/avi'
make[6]: Leaving directory `/home/ylwang/msvc/vlc-2.0.6/modules/demux/avi'
Making install in mkv
make[6]: Entering directory `/home/ylwang/msvc/vlc-2.0.6/modules/demux/mkv'
make  install-am
make[7]: Entering directory `/home/ylwang/msvc/vlc-2.0.6/modules/demux/mkv'
  CXX      libmkv_plugin_la-mkv.lo
  CXX      libmkv_plugin_la-util.lo
  CXX      libmkv_plugin_la-virtual_segment.lo
  CXX      libmkv_plugin_la-matroska_segment.lo
  CXX      libmkv_plugin_la-matroska_segment_parse.lo
  CXX      libmkv_plugin_la-demux.lo
  CXX      libmkv_plugin_la-Ebml_parser.lo
  CXX      libmkv_plugin_la-chapters.lo
  CXX      libmkv_plugin_la-chapter_command.lo
  CXX      libmkv_plugin_la-stream_io_callback.lo
  CC       libmkv_plugin_la-libmp4.lo
  CC       libmkv_plugin_la-drms.lo
  CXXLD    libmkv_plugin.la
make[8]: Entering directory `/home/ylwang/msvc/vlc-2.0.6/modules/demux/mkv'
make[8]: Nothing to be done for `install-exec-am'.
  CXXLD    libmkv_plugin.la
make[8]: Leaving directory `/home/ylwang/msvc/vlc-2.0.6/modules/demux/mkv'
make[7]: Leaving directory `/home/ylwang/msvc/vlc-2.0.6/modules/demux/mkv'
make[6]: Leaving directory `/home/ylwang/msvc/vlc-2.0.6/modules/demux/mkv'
Making install in mp4
make[6]: Entering directory `/home/ylwang/msvc/vlc-2.0.6/modules/demux/mp4'
make  install-am
make[7]: Entering directory `/home/ylwang/msvc/vlc-2.0.6/modules/demux/mp4'
  CC       libmp4_plugin_la-mp4.lo
  CC       libmp4_plugin_la-libmp4.lo
  CC       libmp4_plugin_la-drms.lo
  CCLD     libmp4_plugin.la
make[8]: Entering directory `/home/ylwang/msvc/vlc-2.0.6/modules/demux/mp4'
make[8]: Nothing to be done for `install-exec-am'.
  CCLD     libmp4_plugin.la
make[8]: Leaving directory `/home/ylwang/msvc/vlc-2.0.6/modules/demux/mp4'
make[7]: Leaving directory `/home/ylwang/msvc/vlc-2.0.6/modules/demux/mp4'
make[6]: Leaving directory `/home/ylwang/msvc/vlc-2.0.6/modules/demux/mp4'
Making install in mpeg
make[6]: Entering directory `/home/ylwang/msvc/vlc-2.0.6/modules/demux/mpeg'
make  install-am
make[7]: Entering directory `/home/ylwang/msvc/vlc-2.0.6/modules/demux/mpeg'
  CC       libes_plugin_la-es.lo
  CCLD     libes_plugin.la
  CC       libmpgv_plugin_la-mpgv.lo
  CCLD     libmpgv_plugin.la
  CC       libh264_plugin_la-h264.lo
  CCLD     libh264_plugin.la
make[8]: Entering directory `/home/ylwang/msvc/vlc-2.0.6/modules/demux/mpeg'
make[8]: Nothing to be done for `install-exec-am'.
  CCLD     libes_plugin.la
  CCLD     libmpgv_plugin.la
  CCLD     libh264_plugin.la
make[8]: Leaving directory `/home/ylwang/msvc/vlc-2.0.6/modules/demux/mpeg'
make[7]: Leaving directory `/home/ylwang/msvc/vlc-2.0.6/modules/demux/mpeg'
make[6]: Leaving directory `/home/ylwang/msvc/vlc-2.0.6/modules/demux/mpeg'
Making install in playlist
make[6]: Entering directory `/home/ylwang/msvc/vlc-2.0.6/modules/demux/playlist'
make  install-am
make[7]: Entering directory `/home/ylwang/msvc/vlc-2.0.6/modules/demux/playlist'
  CC       libplaylist_plugin_la-asx.lo
  CC       libplaylist_plugin_la-b4s.lo
  CC       libplaylist_plugin_la-dvb.lo
  CC       libplaylist_plugin_la-gvp.lo
  CC       libplaylist_plugin_la-ifo.lo
  CC       libplaylist_plugin_la-itml.lo
  CC       libplaylist_plugin_la-m3u.lo
  CC       libplaylist_plugin_la-playlist.lo
  CC       libplaylist_plugin_la-pls.lo
  CC       libplaylist_plugin_la-podcast.lo
  CC       libplaylist_plugin_la-qtl.lo
  CC       libplaylist_plugin_la-ram.lo
  CC       libplaylist_plugin_la-sgimb.lo
  CC       libplaylist_plugin_la-shoutcast.lo
  CC       libplaylist_plugin_la-wpl.lo
  CC       libplaylist_plugin_la-xspf.lo
  CC       libplaylist_plugin_la-zpl.lo
  CCLD     libplaylist_plugin.la
make[8]: Entering directory `/home/ylwang/msvc/vlc-2.0.6/modules/demux/playlist'
make[8]: Nothing to be done for `install-exec-am'.
  CCLD     libplaylist_plugin.la
make[8]: Leaving directory `/home/ylwang/msvc/vlc-2.0.6/modules/demux/playlist'
make[7]: Leaving directory `/home/ylwang/msvc/vlc-2.0.6/modules/demux/playlist'
make[6]: Leaving directory `/home/ylwang/msvc/vlc-2.0.6/modules/demux/playlist'
make[6]: Entering directory `/home/ylwang/msvc/vlc-2.0.6/modules/demux'
  CC       libgme_plugin_la-gme.lo
  CXX      libgme_plugin_la-dummy.lo
  CXXLD    libgme_plugin.la
  CXX      liblive555_plugin_la-live555.lo
  CC       liblive555_plugin_la-asf.lo
  CC       liblive555_plugin_la-buffer.lo
  CXXLD    liblive555_plugin.la
  CC       libmod_plugin_la-mod.lo
  CXX      libmod_plugin_la-dummy.lo
  CXXLD    libmod_plugin.la
  CC       libmpc_plugin_la-mpc.lo
  CCLD     libmpc_plugin.la
  CC       libogg_plugin_la-ogg.lo
  CC       libogg_plugin_la-oggseek.lo
  CC       libogg_plugin_la-kate_categories.lo
  CCLD     libogg_plugin.la
  CXX      libsid_plugin_la-sid.lo
  CXXLD    libsid_plugin.la
  CC       libaiff_plugin_la-aiff.lo
  CCLD     libaiff_plugin.la
  CC       libau_plugin_la-au.lo
  CCLD     libau_plugin.la
  CC       librawaud_plugin_la-rawaud.lo
  CCLD     librawaud_plugin.la
  CC       libdirac_plugin_la-dirac.lo
  CCLD     libdirac_plugin.la
  CC       libdemux_cdg_plugin_la-cdg.lo
  CCLD     libdemux_cdg_plugin.la
  CC       libdemuxdump_plugin_la-demuxdump.lo
  CCLD     libdemuxdump_plugin.la
  CC       libflacsys_plugin_la-flac.lo
  CCLD     libflacsys_plugin.la
  CC       libmjpeg_plugin_la-mjpeg.lo
  CCLD     libmjpeg_plugin.la
  CC       libnsc_plugin_la-nsc.lo
  CCLD     libnsc_plugin.la
  CC       libnsv_plugin_la-nsv.lo
  CCLD     libnsv_plugin.la
  CC       libnuv_plugin_la-nuv.lo
  CCLD     libnuv_plugin.la
  CC       libpva_plugin_la-pva.lo
  CCLD     libpva_plugin.la
  CC       libps_plugin_la-ps.lo
  CCLD     libps_plugin.la
  CC       librawdv_plugin_la-rawdv.lo
  CCLD     librawdv_plugin.la
  CC       librawvid_plugin_la-rawvid.lo
  CCLD     librawvid_plugin.la
  CC       libreal_plugin_la-real.lo
  CCLD     libreal_plugin.la
  CC       libsmf_plugin_la-smf.lo
  CCLD     libsmf_plugin.la
  CC       libsubtitle_plugin_la-subtitle.lo
  CCLD     libsubtitle_plugin.la
  CC       libtta_plugin_la-tta.lo
  CCLD     libtta_plugin.la
  CC       libty_plugin_la-ty.lo
  CCLD     libty_plugin.la
  CC       libvc1_plugin_la-vc1.lo
  CCLD     libvc1_plugin.la
  CC       libvobsub_plugin_la-vobsub.lo
  CCLD     libvobsub_plugin.la
  CC       libvoc_plugin_la-voc.lo
  CCLD     libvoc_plugin.la
  CC       libwav_plugin_la-wav.lo
  CCLD     libwav_plugin.la
  CC       libxa_plugin_la-xa.lo
  CCLD     libxa_plugin.la
  CC       libimage_plugin_la-image.lo
  CCLD     libimage_plugin.la
  CC       libdemux_stl_plugin_la-stl.lo
  CCLD     libdemux_stl_plugin.la
  CC       libts_plugin_la-ts.lo
  CC       libts_plugin_la-csa.lo
  CCLD     libts_plugin.la
make[7]: Entering directory `/home/ylwang/msvc/vlc-2.0.6/modules/demux'
make[7]: Nothing to be done for `install-exec-am'.
  CXXLD    libgme_plugin.la
  CXXLD    liblive555_plugin.la
  CXXLD    libmod_plugin.la
  CCLD     libmpc_plugin.la
  CCLD     libogg_plugin.la
  CXXLD    libsid_plugin.la
  CCLD     libaiff_plugin.la
  CCLD     libau_plugin.la
  CCLD     librawaud_plugin.la
  CCLD     libdirac_plugin.la
  CCLD     libdemux_cdg_plugin.la
  CCLD     libdemuxdump_plugin.la
  CCLD     libflacsys_plugin.la
  CCLD     libmjpeg_plugin.la
  CCLD     libnsc_plugin.la
  CCLD     libnsv_plugin.la
  CCLD     libnuv_plugin.la
  CCLD     libpva_plugin.la
  CCLD     libps_plugin.la
  CCLD     librawdv_plugin.la
  CCLD     librawvid_plugin.la
  CCLD     libreal_plugin.la
  CCLD     libsmf_plugin.la
  CCLD     libsubtitle_plugin.la
  CCLD     libtta_plugin.la
  CCLD     libty_plugin.la
  CCLD     libvc1_plugin.la
  CCLD     libvobsub_plugin.la
  CCLD     libvoc_plugin.la
  CCLD     libwav_plugin.la
  CCLD     libxa_plugin.la
  CCLD     libimage_plugin.la
  CCLD     libdemux_stl_plugin.la
  CCLD     libts_plugin.la
make[7]: Leaving directory `/home/ylwang/msvc/vlc-2.0.6/modules/demux'
make[6]: Leaving directory `/home/ylwang/msvc/vlc-2.0.6/modules/demux'
make[5]: Leaving directory `/home/ylwang/msvc/vlc-2.0.6/modules/demux'
make[4]: Leaving directory `/home/ylwang/msvc/vlc-2.0.6/modules/demux'
Making install in gui
make[4]: Entering directory `/home/ylwang/msvc/vlc-2.0.6/modules/gui'
make  install-recursive
make[5]: Entering directory `/home/ylwang/msvc/vlc-2.0.6/modules/gui'
Making install in qt4
make[6]: Entering directory `/home/ylwang/msvc/vlc-2.0.6/modules/gui/qt4'
  MOC    main_interface.moc.cpp
  MOC    menus.moc.cpp
  MOC    dialogs_provider.moc.cpp
  MOC    input_manager.moc.cpp
  MOC    actions_manager.moc.cpp
  MOC    extensions_manager.moc.cpp
  MOC    recents.moc.cpp
  MOC    adapters/seekpoints.moc.cpp
  MOC    variables.moc.cpp
  MOC    dialogs/playlist.moc.cpp
  MOC    dialogs/bookmarks.moc.cpp
  MOC    dialogs/mediainfo.moc.cpp
  MOC    dialogs/extended.moc.cpp
  MOC    dialogs/messages.moc.cpp
  MOC    dialogs/epg.moc.cpp
  MOC    dialogs/errors.moc.cpp
  MOC    dialogs/external.moc.cpp
  MOC    dialogs/plugins.moc.cpp
  MOC    dialogs/preferences.moc.cpp
  MOC    dialogs/sout.moc.cpp
  MOC    dialogs/convert.moc.cpp
  MOC    dialogs/help.moc.cpp
  MOC    dialogs/gototime.moc.cpp
  MOC    dialogs/toolbar.moc.cpp
  MOC    dialogs/open.moc.cpp
  MOC    dialogs/openurl.moc.cpp
  MOC    dialogs/podcast_configuration.moc.cpp
  MOC    dialogs/vlm.moc.cpp
  MOC    dialogs/firstrun.moc.cpp
  MOC    dialogs/extensions.moc.cpp
  MOC    components/extended_panels.moc.cpp
  MOC    components/info_panels.moc.cpp
  MOC    components/preferences_widgets.moc.cpp
  MOC    components/complete_preferences.moc.cpp
  MOC    components/simple_preferences.moc.cpp
  MOC    components/open_panels.moc.cpp
  MOC    components/interface_widgets.moc.cpp
  MOC    components/controller.moc.cpp
  MOC    components/controller_widget.moc.cpp
  MOC    components/epg/EPGChannels.moc.cpp
  MOC    components/epg/EPGRuler.moc.cpp
  MOC    components/epg/EPGView.moc.cpp
  MOC    components/epg/EPGWidget.moc.cpp
  MOC    components/playlist/views.moc.cpp
  MOC    components/playlist/vlc_model.moc.cpp
  MOC    components/playlist/playlist_model.moc.cpp
  MOC    components/playlist/playlist.moc.cpp
  MOC    components/playlist/standardpanel.moc.cpp
  MOC    components/playlist/selector.moc.cpp
  MOC    components/sout/profile_selector.moc.cpp
  MOC    components/sout/sout_widgets.moc.cpp
  MOC    util/input_slider.moc.cpp
  MOC    util/timetooltip.moc.cpp
  MOC    util/customwidgets.moc.cpp
  MOC    util/searchlineedit.moc.cpp
  MOC    util/qmenuview.moc.cpp
  MOC    util/qvlcapp.moc.cpp
  MOC    util/pictureflow.moc.cpp
  MOC    util/buttons/RoundButton.moc.cpp
  MOC    util/buttons/DeckButtonsLayout.moc.cpp
  MOC    util/buttons/BrowseButton.moc.cpp
  GEN      resources.cpp
  UIC    ui/equalizer.h
  UIC    ui/video_effects.h
  UIC    ui/open_file.h
  UIC    ui/open_disk.h
  UIC    ui/open_net.h
  UIC    ui/open_capture.h
  UIC    ui/open.h
  UIC    ui/vlm.h
  UIC    ui/podcast_configuration.h
  UIC    ui/profiles.h
  UIC    ui/sprefs_audio.h
  UIC    ui/sprefs_input.h
  UIC    ui/sprefs_interface.h
  UIC    ui/sprefs_subtitles.h
  UIC    ui/sprefs_video.h
  UIC    ui/streampanel.h
  UIC    ui/messages_panel.h
  UIC    ui/about.h
  UIC    ui/update.h
  MOC    dialogs/ml_configuration.moc.cpp
  MOC    components/playlist/ml_model.moc.cpp
  UIC    ui/sout.h
make  install-am
make[7]: Entering directory `/home/ylwang/msvc/vlc-2.0.6/modules/gui/qt4'
  CXX      libqt4_plugin_la-qt4.lo
  CXX      libqt4_plugin_la-menus.lo
  CXX      libqt4_plugin_la-main_interface.lo
  CXX      libqt4_plugin_la-dialogs_provider.lo
  CXX      libqt4_plugin_la-input_manager.lo
  CXX      libqt4_plugin_la-actions_manager.lo
  CXX      libqt4_plugin_la-extensions_manager.lo
  CXX      libqt4_plugin_la-recents.lo
  CXX      adapters/libqt4_plugin_la-seekpoints.lo
  CXX      libqt4_plugin_la-variables.lo
  CXX      dialogs/libqt4_plugin_la-playlist.lo
  CXX      dialogs/libqt4_plugin_la-bookmarks.lo
  CXX      dialogs/libqt4_plugin_la-preferences.lo
  CXX      dialogs/libqt4_plugin_la-mediainfo.lo
  CXX      dialogs/libqt4_plugin_la-ml_configuration.lo
  CXX      dialogs/libqt4_plugin_la-epg.lo
  CXX      dialogs/libqt4_plugin_la-extended.lo
  CXX      dialogs/libqt4_plugin_la-messages.lo
  CXX      dialogs/libqt4_plugin_la-errors.lo
  CXX      dialogs/libqt4_plugin_la-external.lo
  CXX      dialogs/libqt4_plugin_la-plugins.lo
  CXX      dialogs/libqt4_plugin_la-sout.lo
  CXX      dialogs/libqt4_plugin_la-convert.lo
  CXX      dialogs/libqt4_plugin_la-help.lo
  CXX      dialogs/libqt4_plugin_la-gototime.lo
  CXX      dialogs/libqt4_plugin_la-toolbar.lo
  CXX      dialogs/libqt4_plugin_la-open.lo
  CXX      dialogs/libqt4_plugin_la-openurl.lo
  CXX      dialogs/libqt4_plugin_la-vlm.lo
  CXX      dialogs/libqt4_plugin_la-firstrun.lo
  CXX      dialogs/libqt4_plugin_la-podcast_configuration.lo
  CXX      dialogs/libqt4_plugin_la-extensions.lo
  CXX      components/libqt4_plugin_la-extended_panels.lo
  CXX      components/libqt4_plugin_la-info_panels.lo
  CXX      components/libqt4_plugin_la-preferences_widgets.lo
  CXX      components/libqt4_plugin_la-complete_preferences.lo
  CXX      components/libqt4_plugin_la-simple_preferences.lo
  CXX      components/libqt4_plugin_la-open_panels.lo
  CXX      components/libqt4_plugin_la-interface_widgets.lo
  CXX      components/libqt4_plugin_la-controller.lo
  CXX      components/libqt4_plugin_la-controller_widget.lo
  CXX      components/epg/libqt4_plugin_la-EPGChannels.lo
  CXX      components/epg/libqt4_plugin_la-EPGItem.lo
  CXX      components/epg/libqt4_plugin_la-EPGRuler.lo
  CXX      components/epg/libqt4_plugin_la-EPGView.lo
  CXX      components/epg/libqt4_plugin_la-EPGWidget.lo
  CXX      components/playlist/libqt4_plugin_la-views.lo
  CXX      components/playlist/libqt4_plugin_la-ml_item.lo
  CXX      components/playlist/libqt4_plugin_la-ml_model.lo
  CXX      components/playlist/libqt4_plugin_la-vlc_model.lo
  CXX      components/playlist/libqt4_plugin_la-playlist_model.lo
  CXX      components/playlist/libqt4_plugin_la-playlist_item.lo
  CXX      components/playlist/libqt4_plugin_la-standardpanel.lo
  CXX      components/playlist/libqt4_plugin_la-playlist.lo
  CXX      components/playlist/libqt4_plugin_la-selector.lo
  CXX      components/sout/libqt4_plugin_la-profile_selector.lo
  CXX      components/sout/libqt4_plugin_la-sout_widgets.lo
  CXX      util/libqt4_plugin_la-input_slider.lo
  CXX      util/libqt4_plugin_la-timetooltip.lo
  CXX      util/libqt4_plugin_la-customwidgets.lo
  CXX      util/libqt4_plugin_la-searchlineedit.lo
  CXX      util/libqt4_plugin_la-registry.lo
  CXX      util/libqt4_plugin_la-qmenuview.lo
  CXX      util/libqt4_plugin_la-qt_dirs.lo
  CXX      util/libqt4_plugin_la-pictureflow.lo
  CXX      util/buttons/libqt4_plugin_la-BrowseButton.lo
  CXX      util/buttons/libqt4_plugin_la-DeckButtonsLayout.lo
  CXX      util/buttons/libqt4_plugin_la-RoundButton.lo
  CXX      libqt4_plugin_la-main_interface_win32.lo
  CXX      libqt4_plugin_la-main_interface.moc.lo
  CXX      libqt4_plugin_la-menus.moc.lo
  CXX      libqt4_plugin_la-dialogs_provider.moc.lo
  CXX      libqt4_plugin_la-input_manager.moc.lo
  CXX      libqt4_plugin_la-actions_manager.moc.lo
  CXX      libqt4_plugin_la-extensions_manager.moc.lo
  CXX      libqt4_plugin_la-recents.moc.lo
  CXX      adapters/libqt4_plugin_la-seekpoints.moc.lo
  CXX      libqt4_plugin_la-variables.moc.lo
  CXX      dialogs/libqt4_plugin_la-playlist.moc.lo
  CXX      dialogs/libqt4_plugin_la-bookmarks.moc.lo
  CXX      dialogs/libqt4_plugin_la-mediainfo.moc.lo
  CXX      dialogs/libqt4_plugin_la-extended.moc.lo
  CXX      dialogs/libqt4_plugin_la-messages.moc.lo
  CXX      dialogs/libqt4_plugin_la-epg.moc.lo
  CXX      dialogs/libqt4_plugin_la-errors.moc.lo
  CXX      dialogs/libqt4_plugin_la-external.moc.lo
  CXX      dialogs/libqt4_plugin_la-plugins.moc.lo
  CXX      dialogs/libqt4_plugin_la-preferences.moc.lo
  CXX      dialogs/libqt4_plugin_la-sout.moc.lo
  CXX      dialogs/libqt4_plugin_la-convert.moc.lo
  CXX      dialogs/libqt4_plugin_la-help.moc.lo
  CXX      dialogs/libqt4_plugin_la-gototime.moc.lo
  CXX      dialogs/libqt4_plugin_la-toolbar.moc.lo
  CXX      dialogs/libqt4_plugin_la-open.moc.lo
  CXX      dialogs/libqt4_plugin_la-openurl.moc.lo
  CXX      dialogs/libqt4_plugin_la-podcast_configuration.moc.lo
  CXX      dialogs/libqt4_plugin_la-vlm.moc.lo
  CXX      dialogs/libqt4_plugin_la-firstrun.moc.lo
  CXX      dialogs/libqt4_plugin_la-extensions.moc.lo
  CXX      components/libqt4_plugin_la-extended_panels.moc.lo
  CXX      components/libqt4_plugin_la-info_panels.moc.lo
  CXX      components/libqt4_plugin_la-preferences_widgets.moc.lo
  CXX      components/libqt4_plugin_la-complete_preferences.moc.lo
  CXX      components/libqt4_plugin_la-simple_preferences.moc.lo
  CXX      components/libqt4_plugin_la-open_panels.moc.lo
  CXX      components/libqt4_plugin_la-interface_widgets.moc.lo
  CXX      components/libqt4_plugin_la-controller.moc.lo
  CXX      components/libqt4_plugin_la-controller_widget.moc.lo
  CXX      components/epg/libqt4_plugin_la-EPGChannels.moc.lo
  CXX      components/epg/libqt4_plugin_la-EPGRuler.moc.lo
  CXX      components/epg/libqt4_plugin_la-EPGView.moc.lo
  CXX      components/epg/libqt4_plugin_la-EPGWidget.moc.lo
  CXX      components/playlist/libqt4_plugin_la-views.moc.lo
  CXX      components/playlist/libqt4_plugin_la-vlc_model.moc.lo
  CXX      components/playlist/libqt4_plugin_la-playlist_model.moc.lo
  CXX      components/playlist/libqt4_plugin_la-playlist.moc.lo
  CXX      components/playlist/libqt4_plugin_la-standardpanel.moc.lo
  CXX      components/playlist/libqt4_plugin_la-selector.moc.lo
  CXX      components/sout/libqt4_plugin_la-profile_selector.moc.lo
  CXX      components/sout/libqt4_plugin_la-sout_widgets.moc.lo
  CXX      util/libqt4_plugin_la-input_slider.moc.lo
  CXX      util/libqt4_plugin_la-timetooltip.moc.lo
  CXX      util/libqt4_plugin_la-customwidgets.moc.lo
  CXX      util/libqt4_plugin_la-searchlineedit.moc.lo
  CXX      util/libqt4_plugin_la-qmenuview.moc.lo
  CXX      util/libqt4_plugin_la-qvlcapp.moc.lo
  CXX      util/libqt4_plugin_la-pictureflow.moc.lo
  CXX      util/buttons/libqt4_plugin_la-RoundButton.moc.lo
  CXX      util/buttons/libqt4_plugin_la-DeckButtonsLayout.moc.lo
  CXX      util/buttons/libqt4_plugin_la-BrowseButton.moc.lo
  CXX      libqt4_plugin_la-resources.lo
  CXX      dialogs/libqt4_plugin_la-ml_configuration.moc.lo
  CXX      components/playlist/libqt4_plugin_la-ml_model.moc.lo
  CXXLD    libqt4_plugin.la
make[8]: Entering directory `/home/ylwang/msvc/vlc-2.0.6/modules/gui/qt4'
make[8]: Nothing to be done for `install-exec-am'.
  CXXLD    libqt4_plugin.la
make[8]: Leaving directory `/home/ylwang/msvc/vlc-2.0.6/modules/gui/qt4'
make[7]: Leaving directory `/home/ylwang/msvc/vlc-2.0.6/modules/gui/qt4'
make[6]: Leaving directory `/home/ylwang/msvc/vlc-2.0.6/modules/gui/qt4'
Making install in skins2
make[6]: Entering directory `/home/ylwang/msvc/vlc-2.0.6/modules/gui/skins2'
make  install-am
make[7]: Entering directory `/home/ylwang/msvc/vlc-2.0.6/modules/gui/skins2'
  CXX      libskins2_plugin_la-async_queue.lo
  CXX      libskins2_plugin_la-cmd_add_item.lo
  CXX      libskins2_plugin_la-cmd_audio.lo
  CXX      libskins2_plugin_la-cmd_dvd.lo
  CXX      libskins2_plugin_la-cmd_change_skin.lo
  CXX      libskins2_plugin_la-cmd_fullscreen.lo
  CXX      libskins2_plugin_la-cmd_input.lo
  CXX      libskins2_plugin_la-cmd_layout.lo
  CXX      libskins2_plugin_la-cmd_muxer.lo
  CXX      libskins2_plugin_la-cmd_on_top.lo
  CXX      libskins2_plugin_la-cmd_playlist.lo
  CXX      libskins2_plugin_la-cmd_playtree.lo
  CXX      libskins2_plugin_la-cmd_minimize.lo
  CXX      libskins2_plugin_la-cmd_quit.lo
  CXX      libskins2_plugin_la-cmd_resize.lo
  CXX      libskins2_plugin_la-cmd_snapshot.lo
  CXX      libskins2_plugin_la-cmd_vars.lo
  CXX      libskins2_plugin_la-ctrl_button.lo
  CXX      libskins2_plugin_la-ctrl_checkbox.lo
  CXX      libskins2_plugin_la-ctrl_generic.lo
  CXX      libskins2_plugin_la-ctrl_image.lo
  CXX      libskins2_plugin_la-ctrl_list.lo
  CXX      libskins2_plugin_la-ctrl_tree.lo
  CXX      libskins2_plugin_la-ctrl_move.lo
  CXX      libskins2_plugin_la-ctrl_resize.lo
  CXX      libskins2_plugin_la-ctrl_slider.lo
  CXX      libskins2_plugin_la-ctrl_radialslider.lo
  CXX      libskins2_plugin_la-ctrl_text.lo
  CXX      libskins2_plugin_la-ctrl_video.lo
  CXX      libskins2_plugin_la-evt_input.lo
  CXX      libskins2_plugin_la-evt_key.lo
  CXX      libskins2_plugin_la-evt_mouse.lo
  CXX      libskins2_plugin_la-evt_special.lo
  CXX      libskins2_plugin_la-evt_scroll.lo
  CXX      libskins2_plugin_la-builder.lo
  CXX      libskins2_plugin_la-expr_evaluator.lo
  CXX      libskins2_plugin_la-interpreter.lo
  CXX      libskins2_plugin_la-skin_parser.lo
  CXX      libskins2_plugin_la-xmlparser.lo
  CXX      libskins2_plugin_la-anchor.lo
  CXX      libskins2_plugin_la-anim_bitmap.lo
  CXX      libskins2_plugin_la-bitmap_font.lo
  CXX      libskins2_plugin_la-dialogs.lo
  CXX      libskins2_plugin_la-file_bitmap.lo
  CXX      libskins2_plugin_la-art_manager.lo
  CXX      libskins2_plugin_la-ft2_bitmap.lo
  CXX      libskins2_plugin_la-ft2_font.lo
  CC       libskins2_plugin_la-ft2_err.lo
  CXX      libskins2_plugin_la-generic_bitmap.lo
  CXX      libskins2_plugin_la-generic_layout.lo
  CXX      libskins2_plugin_la-generic_window.lo
  CXX      libskins2_plugin_la-ini_file.lo
  CXX      libskins2_plugin_la-logger.lo
  CXX      libskins2_plugin_la-os_factory.lo
  CXX      libskins2_plugin_la-popup.lo
  CXX      libskins2_plugin_la-scaled_bitmap.lo
  CXX      libskins2_plugin_la-skin_main.lo
  CXX      libskins2_plugin_la-theme.lo
  CXX      libskins2_plugin_la-theme_loader.lo
  CXX      libskins2_plugin_la-theme_repository.lo
  CXX      libskins2_plugin_la-tooltip.lo
  CXX      libskins2_plugin_la-top_window.lo
  CXX      libskins2_plugin_la-fsc_window.lo
  CXX      libskins2_plugin_la-var_manager.lo
  CXX      libskins2_plugin_la-vlcproc.lo
  CXX      libskins2_plugin_la-vout_window.lo
  CXX      libskins2_plugin_la-vout_manager.lo
  CXX      libskins2_plugin_la-window_manager.lo
  CXX      libskins2_plugin_la-bezier.lo
  CXX      libskins2_plugin_la-fsm.lo
  CXX      libskins2_plugin_la-position.lo
  CXX      libskins2_plugin_la-ustring.lo
  CXX      libskins2_plugin_la-var_bool.lo
  CXX      libskins2_plugin_la-var_list.lo
  CXX      libskins2_plugin_la-var_percent.lo
  CXX      libskins2_plugin_la-var_text.lo
  CXX      libskins2_plugin_la-var_string.lo
  CXX      libskins2_plugin_la-var_tree.lo
  CXX      libskins2_plugin_la-equalizer.lo
  CXX      libskins2_plugin_la-playtree.lo
  CXX      libskins2_plugin_la-time.lo
  CXX      libskins2_plugin_la-volume.lo
  CXX      libskins2_plugin_la-win32_dragdrop.lo
  CXX      libskins2_plugin_la-win32_factory.lo
  CXX      libskins2_plugin_la-win32_graphics.lo
  CXX      libskins2_plugin_la-win32_loop.lo
  CXX      libskins2_plugin_la-win32_popup.lo
  CXX      libskins2_plugin_la-win32_timer.lo
  CXX      libskins2_plugin_la-win32_tooltip.lo
  CXX      libskins2_plugin_la-win32_window.lo
  CXXLD    libskins2_plugin.la
make[8]: Entering directory `/home/ylwang/msvc/vlc-2.0.6/modules/gui/skins2'
make[8]: Nothing to be done for `install-exec-am'.
  CXXLD    libskins2_plugin.la
make[8]: Leaving directory `/home/ylwang/msvc/vlc-2.0.6/modules/gui/skins2'
make[7]: Leaving directory `/home/ylwang/msvc/vlc-2.0.6/modules/gui/skins2'
make[6]: Leaving directory `/home/ylwang/msvc/vlc-2.0.6/modules/gui/skins2'
make[6]: Entering directory `/home/ylwang/msvc/vlc-2.0.6/modules/gui'
make[7]: Entering directory `/home/ylwang/msvc/vlc-2.0.6/modules/gui'
make[7]: Nothing to be done for `install-exec-am'.
make[7]: Leaving directory `/home/ylwang/msvc/vlc-2.0.6/modules/gui'
make[6]: Leaving directory `/home/ylwang/msvc/vlc-2.0.6/modules/gui'
make[5]: Leaving directory `/home/ylwang/msvc/vlc-2.0.6/modules/gui'
make[4]: Leaving directory `/home/ylwang/msvc/vlc-2.0.6/modules/gui'
Making install in meta_engine
make[4]: Entering directory `/home/ylwang/msvc/vlc-2.0.6/modules/meta_engine'
make  install-am
make[5]: Entering directory `/home/ylwang/msvc/vlc-2.0.6/modules/meta_engine'
  CC       libfolder_plugin_la-folder.lo
  CCLD     libfolder_plugin.la
make[6]: Entering directory `/home/ylwang/msvc/vlc-2.0.6/modules/meta_engine'
make[6]: Nothing to be done for `install-exec-am'.
  CCLD     libfolder_plugin.la
make[6]: Leaving directory `/home/ylwang/msvc/vlc-2.0.6/modules/meta_engine'
make[5]: Leaving directory `/home/ylwang/msvc/vlc-2.0.6/modules/meta_engine'
make[4]: Leaving directory `/home/ylwang/msvc/vlc-2.0.6/modules/meta_engine'
Making install in misc
make[4]: Entering directory `/home/ylwang/msvc/vlc-2.0.6/modules/misc'
make  install-recursive
make[5]: Entering directory `/home/ylwang/msvc/vlc-2.0.6/modules/misc'
Making install in playlist
make[6]: Entering directory `/home/ylwang/msvc/vlc-2.0.6/modules/misc/playlist'
make  install-am
make[7]: Entering directory `/home/ylwang/msvc/vlc-2.0.6/modules/misc/playlist'
  CC       libexport_plugin_la-export.lo
  CC       libexport_plugin_la-html.lo
  CC       libexport_plugin_la-m3u.lo
  CC       libexport_plugin_la-xspf.lo
  CCLD     libexport_plugin.la
make[8]: Entering directory `/home/ylwang/msvc/vlc-2.0.6/modules/misc/playlist'
make[8]: Nothing to be done for `install-exec-am'.
  CCLD     libexport_plugin.la
make[8]: Leaving directory `/home/ylwang/msvc/vlc-2.0.6/modules/misc/playlist'
make[7]: Leaving directory `/home/ylwang/msvc/vlc-2.0.6/modules/misc/playlist'
make[6]: Leaving directory `/home/ylwang/msvc/vlc-2.0.6/modules/misc/playlist'
Making install in stats
make[6]: Entering directory `/home/ylwang/msvc/vlc-2.0.6/modules/misc/stats'
make  install-am
make[7]: Entering directory `/home/ylwang/msvc/vlc-2.0.6/modules/misc/stats'
  CC       libstats_plugin_la-stats.lo
  CC       libstats_plugin_la-decoder.lo
  CC       libstats_plugin_la-demux.lo
  CC       libstats_plugin_la-encoder.lo
  CCLD     libstats_plugin.la
make[8]: Entering directory `/home/ylwang/msvc/vlc-2.0.6/modules/misc/stats'
make[8]: Nothing to be done for `install-exec-am'.
  CCLD     libstats_plugin.la
make[8]: Leaving directory `/home/ylwang/msvc/vlc-2.0.6/modules/misc/stats'
make[7]: Leaving directory `/home/ylwang/msvc/vlc-2.0.6/modules/misc/stats'
make[6]: Leaving directory `/home/ylwang/msvc/vlc-2.0.6/modules/misc/stats'
Making install in osd
make[6]: Entering directory `/home/ylwang/msvc/vlc-2.0.6/modules/misc/osd'
make  install-am
make[7]: Entering directory `/home/ylwang/msvc/vlc-2.0.6/modules/misc/osd'
  CC       libosd_parser_plugin_la-parser.lo
  CC       libosd_parser_plugin_la-osd_menu.lo
  CC       libosd_parser_plugin_la-simple.lo
  CC       libosd_parser_plugin_la-xml.lo
  CCLD     libosd_parser_plugin.la
make[8]: Entering directory `/home/ylwang/msvc/vlc-2.0.6/modules/misc/osd'
make[8]: Nothing to be done for `install-exec-am'.
  CCLD     libosd_parser_plugin.la
make[8]: Leaving directory `/home/ylwang/msvc/vlc-2.0.6/modules/misc/osd'
make[7]: Leaving directory `/home/ylwang/msvc/vlc-2.0.6/modules/misc/osd'
make[6]: Leaving directory `/home/ylwang/msvc/vlc-2.0.6/modules/misc/osd'
make[6]: Entering directory `/home/ylwang/msvc/vlc-2.0.6/modules/misc'
  CC       libxml_plugin_la-libxml.lo
  CCLD     libxml_plugin.la
  CC       libmemcpy_plugin_la-memcpy.lo
  CCLD     libmemcpy_plugin.la
  CC       libaudioscrobbler_plugin_la-audioscrobbler.lo
  CCLD     libaudioscrobbler_plugin.la
  CC       liblogger_plugin_la-logger.lo
make[6]: Leaving directory `/home/ylwang/msvc/vlc-2.0.6/modules/misc'
make[5]: Leaving directory `/home/ylwang/msvc/vlc-2.0.6/modules/misc'
make[4]: Leaving directory `/home/ylwang/msvc/vlc-2.0.6/modules/misc'
Making install in media_library
make[4]: Entering directory `/home/ylwang/msvc/vlc-2.0.6/modules/media_library'
make  install-am
make[5]: Entering directory `/home/ylwang/msvc/vlc-2.0.6/modules/media_library'
make[6]: Entering directory `/home/ylwang/msvc/vlc-2.0.6/modules/media_library'
make[6]: Nothing to be done for `install-exec-am'.
make[6]: Leaving directory `/home/ylwang/msvc/vlc-2.0.6/modules/media_library'
make[5]: Leaving directory `/home/ylwang/msvc/vlc-2.0.6/modules/media_library'
make[4]: Leaving directory `/home/ylwang/msvc/vlc-2.0.6/modules/media_library'
Making install in notify
make[4]: Entering directory `/home/ylwang/msvc/vlc-2.0.6/modules/notify'
make  install-am
make[5]: Entering directory `/home/ylwang/msvc/vlc-2.0.6/modules/notify'
  CC       libmsn_plugin_la-msn.lo
  CCLD     libmsn_plugin.la
make[6]: Entering directory `/home/ylwang/msvc/vlc-2.0.6/modules/notify'
make[6]: Nothing to be done for `install-exec-am'.
  CCLD     libmsn_plugin.la
make[6]: Leaving directory `/home/ylwang/msvc/vlc-2.0.6/modules/notify'
make[5]: Leaving directory `/home/ylwang/msvc/vlc-2.0.6/modules/notify'
make[4]: Leaving directory `/home/ylwang/msvc/vlc-2.0.6/modules/notify'
Making install in packetizer
make[4]: Entering directory `/home/ylwang/msvc/vlc-2.0.6/modules/packetizer'
make  install-am
make[5]: Entering directory `/home/ylwang/msvc/vlc-2.0.6/modules/packetizer'
  CC       libpacketizer_mpegvideo_plugin_la-mpegvideo.lo
  CCLD     libpacketizer_mpegvideo_plugin.la
  CC       libpacketizer_mpeg4video_plugin_la-mpeg4video.lo
  CCLD     libpacketizer_mpeg4video_plugin.la
  CC       libpacketizer_mpeg4audio_plugin_la-mpeg4audio.lo
  CCLD     libpacketizer_mpeg4audio_plugin.la
  CC       libpacketizer_h264_plugin_la-h264.lo
  CCLD     libpacketizer_h264_plugin.la
  CC       libpacketizer_vc1_plugin_la-vc1.lo
  CCLD     libpacketizer_vc1_plugin.la
  CC       libpacketizer_mlp_plugin_la-mlp.lo
  CCLD     libpacketizer_mlp_plugin.la
  CC       libpacketizer_dirac_plugin_la-dirac.lo
  CCLD     libpacketizer_dirac_plugin.la
  CC       libpacketizer_flac_plugin_la-flac.lo
  CCLD     libpacketizer_flac_plugin.la
  CC       libpacketizer_copy_plugin_la-copy.lo
  CCLD     libpacketizer_copy_plugin.la
make[6]: Entering directory `/home/ylwang/msvc/vlc-2.0.6/modules/packetizer'
make[6]: Nothing to be done for `install-exec-am'.
  CCLD     libpacketizer_mpegvideo_plugin.la
  CCLD     libpacketizer_mpeg4video_plugin.la
  CCLD     libpacketizer_mpeg4audio_plugin.la
  CCLD     libpacketizer_h264_plugin.la
  CCLD     libpacketizer_vc1_plugin.la
  CCLD     libpacketizer_mlp_plugin.la
  CCLD     libpacketizer_dirac_plugin.la
  CCLD     libpacketizer_flac_plugin.la
  CCLD     libpacketizer_copy_plugin.la
make[6]: Leaving directory `/home/ylwang/msvc/vlc-2.0.6/modules/packetizer'
make[5]: Leaving directory `/home/ylwang/msvc/vlc-2.0.6/modules/packetizer'
make[4]: Leaving directory `/home/ylwang/msvc/vlc-2.0.6/modules/packetizer'
Making install in services_discovery
make[4]: Entering directory `/home/ylwang/msvc/vlc-2.0.6/modules/services_discovery'
make  install-am
make[5]: Entering directory `/home/ylwang/msvc/vlc-2.0.6/modules/services_discovery'
  CXX      libupnp_plugin_la-upnp.lo
  CXXLD    libupnp_plugin.la
  CC       libwindrive_plugin_la-windrive.lo
  CCLD     libwindrive_plugin.la
  CC       libmediadirs_plugin_la-mediadirs.lo
  CCLD     libmediadirs_plugin.la
  CC       libpodcast_plugin_la-podcast.lo
  CCLD     libpodcast_plugin.la
  CC       libsap_plugin_la-sap.lo
  CCLD     libsap_plugin.la
make[6]: Entering directory `/home/ylwang/msvc/vlc-2.0.6/modules/services_discovery'
make[6]: Nothing to be done for `install-exec-am'.
  CXXLD    libupnp_plugin.la
  CCLD     libwindrive_plugin.la
  CCLD     libmediadirs_plugin.la
  CCLD     libpodcast_plugin.la
  CCLD     libsap_plugin.la
make[6]: Leaving directory `/home/ylwang/msvc/vlc-2.0.6/modules/services_discovery'
make[5]: Leaving directory `/home/ylwang/msvc/vlc-2.0.6/modules/services_discovery'
make[4]: Leaving directory `/home/ylwang/msvc/vlc-2.0.6/modules/services_discovery'
Making install in stream_filter
make[4]: Entering directory `/home/ylwang/msvc/vlc-2.0.6/modules/stream_filter'
make  install-recursive
make[5]: Entering directory `/home/ylwang/msvc/vlc-2.0.6/modules/stream_filter'
Making install in dash
make[6]: Entering directory `/home/ylwang/msvc/vlc-2.0.6/modules/stream_filter/dash'
make  install-am
make[7]: Entering directory `/home/ylwang/msvc/vlc-2.0.6/modules/stream_filter/dash'
  CXX      libstream_filter_dash_plugin_la-AbstractAdaptationLogic.lo
  CXX      libstream_filter_dash_plugin_la-AdaptationLogicFactory.lo
  CXX      libstream_filter_dash_plugin_la-AlwaysBestAdaptationLogic.lo
  CXX      libstream_filter_dash_plugin_la-RateBasedAdaptationLogic.lo
  CXX      libstream_filter_dash_plugin_la-Chunk.lo
  CXX      libstream_filter_dash_plugin_la-HTTPConnection.lo
  CXX      libstream_filter_dash_plugin_la-HTTPConnectionManager.lo
  CXX      libstream_filter_dash_plugin_la-BasicCMManager.lo
  CXX      libstream_filter_dash_plugin_la-BasicCMParser.lo
  CXX      libstream_filter_dash_plugin_la-CommonAttributesElements.lo
  CXX      libstream_filter_dash_plugin_la-ContentDescription.lo
  CXX      libstream_filter_dash_plugin_la-Group.lo
  CXX      libstream_filter_dash_plugin_la-MPD.lo
  CXX      libstream_filter_dash_plugin_la-MPDManagerFactory.lo
  CXX      libstream_filter_dash_plugin_la-Period.lo
  CXX      libstream_filter_dash_plugin_la-ProgramInformation.lo
  CXX      libstream_filter_dash_plugin_la-Representation.lo
  CXX      libstream_filter_dash_plugin_la-Segment.lo
  CXX      libstream_filter_dash_plugin_la-SegmentInfo.lo
  CXX      libstream_filter_dash_plugin_la-SegmentInfoCommon.lo
  CXX      libstream_filter_dash_plugin_la-SegmentInfoDefault.lo
  CXX      libstream_filter_dash_plugin_la-SegmentTemplate.lo
  CXX      libstream_filter_dash_plugin_la-SegmentTimeline.lo
  CXX      libstream_filter_dash_plugin_la-TrickModeType.lo
  CXX      libstream_filter_dash_plugin_la-DOMHelper.lo
  CXX      libstream_filter_dash_plugin_la-DOMParser.lo
  CXX      libstream_filter_dash_plugin_la-Node.lo
  CXX      libstream_filter_dash_plugin_la-dash.lo
  CXX      libstream_filter_dash_plugin_la-DASHManager.lo
  CXXLD    libstream_filter_dash_plugin.la
make[8]: Entering directory `/home/ylwang/msvc/vlc-2.0.6/modules/stream_filter/dash'
make[8]: Nothing to be done for `install-exec-am'.
  CXXLD    libstream_filter_dash_plugin.la
make[8]: Leaving directory `/home/ylwang/msvc/vlc-2.0.6/modules/stream_filter/dash'
make[7]: Leaving directory `/home/ylwang/msvc/vlc-2.0.6/modules/stream_filter/dash'
make[6]: Leaving directory `/home/ylwang/msvc/vlc-2.0.6/modules/stream_filter/dash'
make[6]: Entering directory `/home/ylwang/msvc/vlc-2.0.6/modules/stream_filter'
  CC       libstream_filter_record_plugin_la-record.lo
  CCLD     libstream_filter_record_plugin.la
  CC       libstream_filter_httplive_plugin_la-httplive.lo
  CCLD     libstream_filter_httplive_plugin.la
make[7]: Entering directory `/home/ylwang/msvc/vlc-2.0.6/modules/stream_filter'
make[7]: Nothing to be done for `install-exec-am'.
  CCLD     libstream_filter_record_plugin.la
  CCLD     libstream_filter_httplive_plugin.la
make[7]: Leaving directory `/home/ylwang/msvc/vlc-2.0.6/modules/stream_filter'
make[6]: Leaving directory `/home/ylwang/msvc/vlc-2.0.6/modules/stream_filter'
make[5]: Leaving directory `/home/ylwang/msvc/vlc-2.0.6/modules/stream_filter'
make[4]: Leaving directory `/home/ylwang/msvc/vlc-2.0.6/modules/stream_filter'
Making install in text_renderer
make[4]: Entering directory `/home/ylwang/msvc/vlc-2.0.6/modules/text_renderer'
make  install-am
make[5]: Entering directory `/home/ylwang/msvc/vlc-2.0.6/modules/text_renderer'
  CC       libfreetype_plugin_la-freetype.lo
  CCLD     libfreetype_plugin.la
  CC       libtdummy_plugin_la-tdummy.lo
  CCLD     libtdummy_plugin.la
make[6]: Entering directory `/home/ylwang/msvc/vlc-2.0.6/modules/text_renderer'
make[6]: Nothing to be done for `install-exec-am'.
  CCLD     libfreetype_plugin.la
  CCLD     libtdummy_plugin.la
make[6]: Leaving directory `/home/ylwang/msvc/vlc-2.0.6/modules/text_renderer'
make[5]: Leaving directory `/home/ylwang/msvc/vlc-2.0.6/modules/text_renderer'
make[4]: Leaving directory `/home/ylwang/msvc/vlc-2.0.6/modules/text_renderer'
Making install in video_chroma
make[4]: Entering directory `/home/ylwang/msvc/vlc-2.0.6/modules/video_chroma'
make  install-am
make[5]: Entering directory `/home/ylwang/msvc/vlc-2.0.6/modules/video_chroma'
  CC       libi420_rgb_plugin_la-i420_rgb.lo
  CC       libi420_rgb_plugin_la-i420_rgb8.lo
  CC       libi420_rgb_plugin_la-i420_rgb16.lo
  CCLD     libi420_rgb_plugin.la
  CC       libi420_yuy2_plugin_la-i420_yuy2.lo
  CCLD     libi420_yuy2_plugin.la
  CC       libi422_i420_plugin_la-i422_i420.lo
  CCLD     libi422_i420_plugin.la
  CC       libi422_yuy2_plugin_la-i422_yuy2.lo
  CCLD     libi422_yuy2_plugin.la
  CC       libgrey_yuv_plugin_la-grey_yuv.lo
  CCLD     libgrey_yuv_plugin.la
  CC       libyuy2_i420_plugin_la-yuy2_i420.lo
  CCLD     libyuy2_i420_plugin.la
  CC       libyuy2_i422_plugin_la-yuy2_i422.lo
  CCLD     libyuy2_i422_plugin.la
  CC       librv32_plugin_la-rv32.lo
  CCLD     librv32_plugin.la
make[6]: Entering directory `/home/ylwang/msvc/vlc-2.0.6/modules/video_chroma'
make[6]: Nothing to be done for `install-exec-am'.
  CCLD     libi420_rgb_plugin.la
  CCLD     libi420_yuy2_plugin.la
  CCLD     libi422_i420_plugin.la
  CCLD     libi422_yuy2_plugin.la
  CCLD     libgrey_yuv_plugin.la
  CCLD     libyuy2_i420_plugin.la
  CCLD     libyuy2_i422_plugin.la
  CCLD     librv32_plugin.la
make[6]: Leaving directory `/home/ylwang/msvc/vlc-2.0.6/modules/video_chroma'
make[5]: Leaving directory `/home/ylwang/msvc/vlc-2.0.6/modules/video_chroma'
make[4]: Leaving directory `/home/ylwang/msvc/vlc-2.0.6/modules/video_chroma'
Making install in video_filter
make[4]: Entering directory `/home/ylwang/msvc/vlc-2.0.6/modules/video_filter'
make  install-recursive
make[5]: Entering directory `/home/ylwang/msvc/vlc-2.0.6/modules/video_filter'
Making install in dynamicoverlay
make[6]: Entering directory `/home/ylwang/msvc/vlc-2.0.6/modules/video_filter/dynamicoverlay'
make  install-am
make[7]: Entering directory `/home/ylwang/msvc/vlc-2.0.6/modules/video_filter/dynamicoverlay'
make[8]: Entering directory `/home/ylwang/msvc/vlc-2.0.6/modules/video_filter/dynamicoverlay'
make[8]: Nothing to be done for `install-exec-am'.
make[8]: Leaving directory `/home/ylwang/msvc/vlc-2.0.6/modules/video_filter/dynamicoverlay'
make[7]: Leaving directory `/home/ylwang/msvc/vlc-2.0.6/modules/video_filter/dynamicoverlay'
make[6]: Leaving directory `/home/ylwang/msvc/vlc-2.0.6/modules/video_filter/dynamicoverlay'
make[6]: Entering directory `/home/ylwang/msvc/vlc-2.0.6/modules/video_filter'
  CXX      libatmo_plugin_la-atmo.lo
  CXX      libatmo_plugin_la-AtmoCalculations.lo
  CXX      libatmo_plugin_la-AtmoConfig.lo
  CXX      libatmo_plugin_la-AtmoConnection.lo
  CXX      libatmo_plugin_la-AtmoDynData.lo
  CXX      libatmo_plugin_la-AtmoExternalCaptureInput.lo
  CXX      libatmo_plugin_la-AtmoInput.lo
  CXX      libatmo_plugin_la-AtmoLiveView.lo
  CXX      libatmo_plugin_la-AtmoOutputFilter.lo
  CXX      libatmo_plugin_la-AtmoThread.lo
  CXX      libatmo_plugin_la-AtmoTools.lo
  CXX      libatmo_plugin_la-AtmoZoneDefinition.lo
  CXX      libatmo_plugin_la-AtmoChannelAssignment.lo
  CXX      libatmo_plugin_la-AtmoClassicConnection.lo
  CXX      libatmo_plugin_la-AtmoDmxSerialConnection.lo
  CXX      libatmo_plugin_la-DmxTools.lo
  CXX      libatmo_plugin_la-AtmoMultiConnection.lo
  CXX      libatmo_plugin_la-MoMoConnection.lo
  CXX      libatmo_plugin_la-FnordlichtConnection.lo
  CXX      libatmo_plugin_la-AtmoPacketQueue.lo
  CXXLD    libatmo_plugin.la
  CC       libpanoramix_plugin_la-panoramix.lo
  CCLD     libpanoramix_plugin.la
  CC       libpostproc_plugin_la-postproc.lo
  CCLD     libpostproc_plugin.la
  CC       libswscale_plugin_la-swscale.lo
  CC       libswscale_plugin_la-chroma.lo
  CCLD     libswscale_plugin.la
  CC       libosdmenu_plugin_la-osdmenu.lo
  CCLD     libosdmenu_plugin.la
  CC       libremoteosd_plugin_la-remoteosd.lo
  CCLD     libremoteosd_plugin.la
  CC       libadjust_plugin_la-adjust.lo
  CC       libadjust_plugin_la-adjust_sat_hue.lo
  CCLD     libadjust_plugin.la
  CC       libalphamask_plugin_la-alphamask.lo
  CCLD     libalphamask_plugin.la
  CC       libaudiobargraph_v_plugin_la-audiobargraph_v.lo
  CCLD     libaudiobargraph_v_plugin.la
  CC       libball_plugin_la-ball.lo
  CCLD     libball_plugin.la
  CXX      libblend_plugin_la-blend.lo
  CXXLD    libblend_plugin.la
  CC       libblendbench_plugin_la-blendbench.lo
  CCLD     libblendbench_plugin.la
  CC       libbluescreen_plugin_la-bluescreen.lo
  CCLD     libbluescreen_plugin.la
  CC       libcanvas_plugin_la-canvas.lo
  CCLD     libcanvas_plugin.la
  CC       libchain_plugin_la-chain.lo
  CCLD     libchain_plugin.la
  CC       libclone_plugin_la-clone.lo
  CCLD     libclone_plugin.la
  CC       libcolorthres_plugin_la-colorthres.lo
  CCLD     libcolorthres_plugin.la
  CC       libcroppadd_plugin_la-croppadd.lo
  CCLD     libcroppadd_plugin.la
  CC       libdeinterlace_plugin_la-deinterlace.lo
  CC       libdeinterlace_plugin_la-merge.lo
  CC       libdeinterlace_plugin_la-helpers.lo
  CC       libdeinterlace_plugin_la-algo_basic.lo
  CC       libdeinterlace_plugin_la-algo_x.lo
  CC       libdeinterlace_plugin_la-algo_yadif.lo
  CC       libdeinterlace_plugin_la-algo_phosphor.lo
  CC       libdeinterlace_plugin_la-algo_ivtc.lo
  CCLD     libdeinterlace_plugin.la
  CC       liberase_plugin_la-erase.lo
  CCLD     liberase_plugin.la
  CC       libextract_plugin_la-extract.lo
  CCLD     libextract_plugin.la
  CC       libgradient_plugin_la-gradient.lo
  CCLD     libgradient_plugin.la
  CC       libgrain_plugin_la-grain.lo
  CCLD     libgrain_plugin.la
  CC       libgaussianblur_plugin_la-gaussianblur.lo
  CCLD     libgaussianblur_plugin.la
  CC       libinvert_plugin_la-invert.lo
  CCLD     libinvert_plugin.la
  CC       liblogo_plugin_la-logo.lo
  CCLD     liblogo_plugin.la
  CC       libmagnify_plugin_la-magnify.lo
  CCLD     libmagnify_plugin.la
  CC       libmarq_plugin_la-marq.lo
  CCLD     libmarq_plugin.la
  CC       libmirror_plugin_la-mirror.lo
  CCLD     libmirror_plugin.la
  CC       libmosaic_plugin_la-mosaic.lo
  CCLD     libmosaic_plugin.la
  CC       libmotionblur_plugin_la-motionblur.lo
  CCLD     libmotionblur_plugin.la
  CC       libmotiondetect_plugin_la-motiondetect.lo
  CCLD     libmotiondetect_plugin.la
  CC       libposterize_plugin_la-posterize.lo
  CCLD     libposterize_plugin.la
  CC       libpsychedelic_plugin_la-psychedelic.lo
  CCLD     libpsychedelic_plugin.la
  CC       libpuzzle_plugin_la-puzzle.lo
  CCLD     libpuzzle_plugin.la
  CC       libripple_plugin_la-ripple.lo
  CCLD     libripple_plugin.la
  CC       librotate_plugin_la-rotate.lo
  CCLD     librotate_plugin.la
  CC       librss_plugin_la-rss.lo
  CCLD     librss_plugin.la
  CC       libscale_plugin_la-scale.lo
  CCLD     libscale_plugin.la
  CC       libscene_plugin_la-scene.lo
  CCLD     libscene_plugin.la
  CC       libsepia_plugin_la-sepia.lo
  CCLD     libsepia_plugin.la
  CC       libsharpen_plugin_la-sharpen.lo
  CCLD     libsharpen_plugin.la
  CC       libsubsdelay_plugin_la-subsdelay.lo
  CCLD     libsubsdelay_plugin.la
  CC       libtransform_plugin_la-transform.lo
  CCLD     libtransform_plugin.la
  CC       libwall_plugin_la-wall.lo
  CCLD     libwall_plugin.la
  CC       libwave_plugin_la-wave.lo
  CCLD     libwave_plugin.la
  CC       libgradfun_plugin_la-gradfun.lo
  CCLD     libgradfun_plugin.la
  CC       libyuvp_plugin_la-yuvp.lo
  CCLD     libyuvp_plugin.la
  CC       libantiflicker_plugin_la-antiflicker.lo
  CCLD     libantiflicker_plugin.la
  CC       libhqdn3d_plugin_la-hqdn3d.lo
  CCLD     libhqdn3d_plugin.la
make[7]: Entering directory `/home/ylwang/msvc/vlc-2.0.6/modules/video_filter'
make[7]: Nothing to be done for `install-exec-am'.
  CXXLD    libatmo_plugin.la
  CCLD     libpanoramix_plugin.la
  CCLD     libpostproc_plugin.la
  CCLD     libswscale_plugin.la
  CCLD     libosdmenu_plugin.la
  CCLD     libremoteosd_plugin.la
  CCLD     libadjust_plugin.la
  CCLD     libalphamask_plugin.la
  CCLD     libaudiobargraph_v_plugin.la
  CCLD     libball_plugin.la
  CXXLD    libblend_plugin.la
  CCLD     libblendbench_plugin.la
  CCLD     libbluescreen_plugin.la
  CCLD     libcanvas_plugin.la
  CCLD     libchain_plugin.la
  CCLD     libclone_plugin.la
  CCLD     libcolorthres_plugin.la
  CCLD     libcroppadd_plugin.la
  CCLD     libdeinterlace_plugin.la
  CCLD     liberase_plugin.la
  CCLD     libextract_plugin.la
  CCLD     libgradient_plugin.la
  CCLD     libgrain_plugin.la
  CCLD     libgaussianblur_plugin.la
  CCLD     libinvert_plugin.la
  CCLD     liblogo_plugin.la
  CCLD     libmagnify_plugin.la
  CCLD     libmarq_plugin.la
  CCLD     libmirror_plugin.la
  CCLD     libmosaic_plugin.la
  CCLD     libmotionblur_plugin.la
  CCLD     libmotiondetect_plugin.la
  CCLD     libposterize_plugin.la
  CCLD     libpsychedelic_plugin.la
  CCLD     libpuzzle_plugin.la
  CCLD     libripple_plugin.la
  CCLD     librotate_plugin.la
  CCLD     librss_plugin.la
  CCLD     libscale_plugin.la
  CCLD     libscene_plugin.la
  CCLD     libsepia_plugin.la
  CCLD     libsharpen_plugin.la
  CCLD     libsubsdelay_plugin.la
  CCLD     libtransform_plugin.la
  CCLD     libwall_plugin.la
  CCLD     libwave_plugin.la
  CCLD     libgradfun_plugin.la
  CCLD     libyuvp_plugin.la
  CCLD     libantiflicker_plugin.la
  CCLD     libhqdn3d_plugin.la
make[7]: Leaving directory `/home/ylwang/msvc/vlc-2.0.6/modules/video_filter'
make[6]: Leaving directory `/home/ylwang/msvc/vlc-2.0.6/modules/video_filter'
make[5]: Leaving directory `/home/ylwang/msvc/vlc-2.0.6/modules/video_filter'
make[4]: Leaving directory `/home/ylwang/msvc/vlc-2.0.6/modules/video_filter'
Making install in video_output
make[4]: Entering directory `/home/ylwang/msvc/vlc-2.0.6/modules/video_output'
make  install-recursive
make[5]: Entering directory `/home/ylwang/msvc/vlc-2.0.6/modules/video_output'
Making install in msw
make[6]: Entering directory `/home/ylwang/msvc/vlc-2.0.6/modules/video_output/msw'
make  install-am
make[7]: Entering directory `/home/ylwang/msvc/vlc-2.0.6/modules/video_output/msw'
  CC       libdirect2d_plugin_la-direct2d.lo
  CC       libdirect2d_plugin_la-events.lo
  CC       libdirect2d_plugin_la-common.lo
  CCLD     libdirect2d_plugin.la
  CC       libdirect3d_plugin_la-direct3d.lo
  CC       libdirect3d_plugin_la-events.lo
  CC       libdirect3d_plugin_la-common.lo
  CCLD     libdirect3d_plugin.la
  CC       libdirectx_plugin_la-directx.lo
  CC       libdirectx_plugin_la-events.lo
  CC       libdirectx_plugin_la-common.lo
  CCLD     libdirectx_plugin.la
  CC       libglwin32_plugin_la-glwin32.lo
  CC       libglwin32_plugin_la-events.lo
  CC       libglwin32_plugin_la-common.lo
  CC       libglwin32_plugin_la-opengl.lo
  CCLD     libglwin32_plugin.la
  CC       libwingdi_plugin_la-wingdi.lo
  CC       libwingdi_plugin_la-events.lo
  CC       libwingdi_plugin_la-common.lo
  CCLD     libwingdi_plugin.la
make[8]: Entering directory `/home/ylwang/msvc/vlc-2.0.6/modules/video_output/msw'
make[8]: Nothing to be done for `install-exec-am'.
  CCLD     libdirect2d_plugin.la
  CCLD     libdirect3d_plugin.la
  CCLD     libdirectx_plugin.la
  CCLD     libglwin32_plugin.la
  CCLD     libwingdi_plugin.la
make[8]: Leaving directory `/home/ylwang/msvc/vlc-2.0.6/modules/video_output/msw'
make[7]: Leaving directory `/home/ylwang/msvc/vlc-2.0.6/modules/video_output/msw'
make[6]: Leaving directory `/home/ylwang/msvc/vlc-2.0.6/modules/video_output/msw'
make[6]: Entering directory `/home/ylwang/msvc/vlc-2.0.6/modules/video_output'
  CC       libvout_sdl_plugin_la-sdl.lo
  CCLD     libvout_sdl_plugin.la
  CC       libdrawable_plugin_la-drawable.lo
  CCLD     libdrawable_plugin.la
  CC       libcaca_plugin_la-caca.lo
  CCLD     libcaca_plugin.la
  CC       libvdummy_plugin_la-vdummy.lo
  CCLD     libvdummy_plugin.la
  CC       libvmem_plugin_la-vmem.lo
  CCLD     libvmem_plugin.la
  CC       libyuv_plugin_la-yuv.lo
  CCLD     libyuv_plugin.la
make[7]: Entering directory `/home/ylwang/msvc/vlc-2.0.6/modules/video_output'
make[7]: Nothing to be done for `install-exec-am'.
  CCLD     libvout_sdl_plugin.la
  CCLD     libdrawable_plugin.la
  CCLD     libcaca_plugin.la
  CCLD     libvdummy_plugin.la
  CCLD     libvmem_plugin.la
  CCLD     libyuv_plugin.la
make[7]: Leaving directory `/home/ylwang/msvc/vlc-2.0.6/modules/video_output'
make[6]: Leaving directory `/home/ylwang/msvc/vlc-2.0.6/modules/video_output'
make[5]: Leaving directory `/home/ylwang/msvc/vlc-2.0.6/modules/video_output'
make[4]: Leaving directory `/home/ylwang/msvc/vlc-2.0.6/modules/video_output'
Making install in visualization
make[4]: Entering directory `/home/ylwang/msvc/vlc-2.0.6/modules/visualization'
make  install-recursive
make[5]: Entering directory `/home/ylwang/msvc/vlc-2.0.6/modules/visualization'
Making install in visual
make[6]: Entering directory `/home/ylwang/msvc/vlc-2.0.6/modules/visualization/visual'
make  install-am
make[7]: Entering directory `/home/ylwang/msvc/vlc-2.0.6/modules/visualization/visual'
  CC       libvisual_plugin_la-visual.lo
  CC       libvisual_plugin_la-effects.lo
  CC       libvisual_plugin_la-fft.lo
  CCLD     libvisual_plugin.la
make[8]: Entering directory `/home/ylwang/msvc/vlc-2.0.6/modules/visualization/visual'
make[8]: Nothing to be done for `install-exec-am'.
  CCLD     libvisual_plugin.la
make[8]: Leaving directory `/home/ylwang/msvc/vlc-2.0.6/modules/visualization/visual'
make[7]: Leaving directory `/home/ylwang/msvc/vlc-2.0.6/modules/visualization/visual'
make[6]: Leaving directory `/home/ylwang/msvc/vlc-2.0.6/modules/visualization/visual'
make[6]: Entering directory `/home/ylwang/msvc/vlc-2.0.6/modules/visualization'
  CC       libgoom_plugin_la-goom.lo
  CCLD     libgoom_plugin.la
  CXX      libprojectm_plugin_la-projectm.lo
  CXXLD    libprojectm_plugin.la
make[7]: Entering directory `/home/ylwang/msvc/vlc-2.0.6/modules/visualization'
make[7]: Nothing to be done for `install-exec-am'.
  CCLD     libgoom_plugin.la
  CXXLD    libprojectm_plugin.la
make[7]: Leaving directory `/home/ylwang/msvc/vlc-2.0.6/modules/visualization'
make[6]: Leaving directory `/home/ylwang/msvc/vlc-2.0.6/modules/visualization'
make[5]: Leaving directory `/home/ylwang/msvc/vlc-2.0.6/modules/visualization'
make[4]: Leaving directory `/home/ylwang/msvc/vlc-2.0.6/modules/visualization'
Making install in access_output
make[4]: Entering directory `/home/ylwang/msvc/vlc-2.0.6/modules/access_output'
make  install-am
make[5]: Entering directory `/home/ylwang/msvc/vlc-2.0.6/modules/access_output'
  CC       libaccess_output_shout_plugin_la-shout.lo
  CCLD     libaccess_output_shout_plugin.la
  CC       libaccess_output_dummy_plugin_la-dummy.lo
  CCLD     libaccess_output_dummy_plugin.la
  CC       libaccess_output_file_plugin_la-file.lo
  CCLD     libaccess_output_file_plugin.la
  CC       libaccess_output_livehttp_plugin_la-livehttp.lo
  CCLD     libaccess_output_livehttp_plugin.la
  CC       libaccess_output_udp_plugin_la-udp.lo
  CCLD     libaccess_output_udp_plugin.la
  CC       libaccess_output_http_plugin_la-http.lo
  CC       libaccess_output_http_plugin_la-bonjour.lo
  CCLD     libaccess_output_http_plugin.la
make[6]: Entering directory `/home/ylwang/msvc/vlc-2.0.6/modules/access_output'
make[6]: Nothing to be done for `install-exec-am'.
  CCLD     libaccess_output_shout_plugin.la
  CCLD     libaccess_output_dummy_plugin.la
  CCLD     libaccess_output_file_plugin.la
  CCLD     libaccess_output_livehttp_plugin.la
  CCLD     libaccess_output_udp_plugin.la
  CCLD     libaccess_output_http_plugin.la
make[6]: Leaving directory `/home/ylwang/msvc/vlc-2.0.6/modules/access_output'
make[5]: Leaving directory `/home/ylwang/msvc/vlc-2.0.6/modules/access_output'
make[4]: Leaving directory `/home/ylwang/msvc/vlc-2.0.6/modules/access_output'
Making install in mux
make[4]: Entering directory `/home/ylwang/msvc/vlc-2.0.6/modules/mux'
make  install-recursive
make[5]: Entering directory `/home/ylwang/msvc/vlc-2.0.6/modules/mux'
Making install in mpeg
make[6]: Entering directory `/home/ylwang/msvc/vlc-2.0.6/modules/mux/mpeg'
make  install-am
make[7]: Entering directory `/home/ylwang/msvc/vlc-2.0.6/modules/mux/mpeg'
  CC       libmux_ps_plugin_la-ps.lo
  CC       libmux_ps_plugin_la-pes.lo
  CCLD     libmux_ps_plugin.la
make[8]: Entering directory `/home/ylwang/msvc/vlc-2.0.6/modules/mux/mpeg'
make[8]: Nothing to be done for `install-exec-am'.
  CCLD     libmux_ps_plugin.la
make[8]: Leaving directory `/home/ylwang/msvc/vlc-2.0.6/modules/mux/mpeg'
make[7]: Leaving directory `/home/ylwang/msvc/vlc-2.0.6/modules/mux/mpeg'
make[6]: Leaving directory `/home/ylwang/msvc/vlc-2.0.6/modules/mux/mpeg'
make[6]: Entering directory `/home/ylwang/msvc/vlc-2.0.6/modules/mux'
  CC       libmux_ogg_plugin_la-ogg.lo
  CCLD     libmux_ogg_plugin.la
  CC       libmux_dummy_plugin_la-dummy.lo
  CCLD     libmux_dummy_plugin.la
  CC       libmux_avi_plugin_la-avi.lo
  CCLD     libmux_avi_plugin.la
  CC       libmux_mp4_plugin_la-mp4.lo
  CCLD     libmux_mp4_plugin.la
  CC       libmux_asf_plugin_la-asf.lo
  CCLD     libmux_asf_plugin.la
  CC       libmux_wav_plugin_la-wav.lo
  CCLD     libmux_wav_plugin.la
  CC       libmux_mpjpeg_plugin_la-mpjpeg.lo
  CCLD     libmux_mpjpeg_plugin.la
  CC       libmux_ts_plugin_la-pes.lo
  CC       libmux_ts_plugin_la-csa.lo
  CC       libmux_ts_plugin_la-ts.lo
  CCLD     libmux_ts_plugin.la
make[7]: Entering directory `/home/ylwang/msvc/vlc-2.0.6/modules/mux'
make[7]: Nothing to be done for `install-exec-am'.
  CCLD     libmux_ogg_plugin.la
  CCLD     libmux_dummy_plugin.la
  CCLD     libmux_avi_plugin.la
  CCLD     libmux_mp4_plugin.la
  CCLD     libmux_asf_plugin.la
  CCLD     libmux_wav_plugin.la
  CCLD     libmux_mpjpeg_plugin.la
  CCLD     libmux_ts_plugin.la
make[7]: Leaving directory `/home/ylwang/msvc/vlc-2.0.6/modules/mux'
make[6]: Leaving directory `/home/ylwang/msvc/vlc-2.0.6/modules/mux'
make[5]: Leaving directory `/home/ylwang/msvc/vlc-2.0.6/modules/mux'
make[4]: Leaving directory `/home/ylwang/msvc/vlc-2.0.6/modules/mux'
Making install in stream_out
make[4]: Entering directory `/home/ylwang/msvc/vlc-2.0.6/modules/stream_out'
make  install-recursive
make[5]: Entering directory `/home/ylwang/msvc/vlc-2.0.6/modules/stream_out'
Making install in transcode
make[6]: Entering directory `/home/ylwang/msvc/vlc-2.0.6/modules/stream_out/transcode'
make  install-am
make[7]: Entering directory `/home/ylwang/msvc/vlc-2.0.6/modules/stream_out/transcode'
  CC       libstream_out_transcode_plugin_la-transcode.lo
  CC       libstream_out_transcode_plugin_la-osd.lo
  CC       libstream_out_transcode_plugin_la-spu.lo
  CC       libstream_out_transcode_plugin_la-audio.lo
  CC       libstream_out_transcode_plugin_la-video.lo
  CCLD     libstream_out_transcode_plugin.la
make[8]: Entering directory `/home/ylwang/msvc/vlc-2.0.6/modules/stream_out/transcode'
make[8]: Nothing to be done for `install-exec-am'.
  CCLD     libstream_out_transcode_plugin.la
make[8]: Leaving directory `/home/ylwang/msvc/vlc-2.0.6/modules/stream_out/transcode'
make[7]: Leaving directory `/home/ylwang/msvc/vlc-2.0.6/modules/stream_out/transcode'
make[6]: Leaving directory `/home/ylwang/msvc/vlc-2.0.6/modules/stream_out/transcode'
make[6]: Entering directory `/home/ylwang/msvc/vlc-2.0.6/modules/stream_out'
  CC       libstream_out_dummy_plugin_la-dummy.lo
  CCLD     libstream_out_dummy_plugin.la
  CC       libstream_out_delay_plugin_la-delay.lo
  CCLD     libstream_out_delay_plugin.la
  CC       libstream_out_description_plugin_la-description.lo
  CCLD     libstream_out_description_plugin.la
  CC       libstream_out_standard_plugin_la-standard.lo
  CCLD     libstream_out_standard_plugin.la
  CC       libstream_out_duplicate_plugin_la-duplicate.lo
  CCLD     libstream_out_duplicate_plugin.la
  CC       libstream_out_es_plugin_la-es.lo
  CCLD     libstream_out_es_plugin.la
  CC       libstream_out_display_plugin_la-display.lo
  CCLD     libstream_out_display_plugin.la
  CC       libstream_out_gather_plugin_la-gather.lo
  CCLD     libstream_out_gather_plugin.la
  CC       libstream_out_bridge_plugin_la-bridge.lo
  CCLD     libstream_out_bridge_plugin.la
  CC       libstream_out_mosaic_bridge_plugin_la-mosaic_bridge.lo
  CCLD     libstream_out_mosaic_bridge_plugin.la
  CC       libstream_out_autodel_plugin_la-autodel.lo
  CCLD     libstream_out_autodel_plugin.la
  CC       libstream_out_record_plugin_la-record.lo
  CCLD     libstream_out_record_plugin.la
  CC       libstream_out_smem_plugin_la-smem.lo
  CCLD     libstream_out_smem_plugin.la
  CC       libstream_out_setid_plugin_la-setid.lo
  CCLD     libstream_out_setid_plugin.la
  CC       libstream_out_langfromtelx_plugin_la-langfromtelx.lo
  CCLD     libstream_out_langfromtelx_plugin.la
  CC       libstream_out_select_plugin_la-select.lo
  CCLD     libstream_out_select_plugin.la
  CC       libstream_out_rtp_plugin_la-rtp.lo
  CC       libstream_out_rtp_plugin_la-rtpfmt.lo
  CC       libstream_out_rtp_plugin_la-rtcp.lo
  CC       libstream_out_rtp_plugin_la-rtsp.lo
  CC       libstream_out_rtp_plugin_la-vod.lo
  CCLD     libstream_out_rtp_plugin.la
  CC       libstream_out_raop_plugin_la-raop.lo
  CCLD     libstream_out_raop_plugin.la
make[7]: Entering directory `/home/ylwang/msvc/vlc-2.0.6/modules/stream_out'
make[7]: Nothing to be done for `install-exec-am'.
  CCLD     libstream_out_dummy_plugin.la
  CCLD     libstream_out_delay_plugin.la
  CCLD     libstream_out_description_plugin.la
  CCLD     libstream_out_standard_plugin.la
  CCLD     libstream_out_duplicate_plugin.la
  CCLD     libstream_out_es_plugin.la
  CCLD     libstream_out_display_plugin.la
  CCLD     libstream_out_gather_plugin.la
  CCLD     libstream_out_bridge_plugin.la
  CCLD     libstream_out_mosaic_bridge_plugin.la
  CCLD     libstream_out_autodel_plugin.la
  CCLD     libstream_out_record_plugin.la
  CCLD     libstream_out_smem_plugin.la
  CCLD     libstream_out_setid_plugin.la
  CCLD     libstream_out_langfromtelx_plugin.la
  CCLD     libstream_out_select_plugin.la
  CCLD     libstream_out_rtp_plugin.la
  CCLD     libstream_out_raop_plugin.la
make[7]: Leaving directory `/home/ylwang/msvc/vlc-2.0.6/modules/stream_out'
make[6]: Leaving directory `/home/ylwang/msvc/vlc-2.0.6/modules/stream_out'
make[5]: Leaving directory `/home/ylwang/msvc/vlc-2.0.6/modules/stream_out'
make[4]: Leaving directory `/home/ylwang/msvc/vlc-2.0.6/modules/stream_out'
Making install in 3dnow
make[4]: Entering directory `/home/ylwang/msvc/vlc-2.0.6/modules/3dnow'
make  install-am
make[5]: Entering directory `/home/ylwang/msvc/vlc-2.0.6/modules/3dnow'
  CC       libmemcpy3dn_plugin_la-memcpy.lo
  CCLD     libmemcpy3dn_plugin.la
make[6]: Entering directory `/home/ylwang/msvc/vlc-2.0.6/modules/3dnow'
make[6]: Nothing to be done for `install-exec-am'.
  CC       libmemcpy3dn_plugin_la-memcpy.lo
  CCLD     libmemcpy3dn_plugin.la
make[6]: Leaving directory `/home/ylwang/msvc/vlc-2.0.6/modules/3dnow'
make[5]: Leaving directory `/home/ylwang/msvc/vlc-2.0.6/modules/3dnow'
make[4]: Leaving directory `/home/ylwang/msvc/vlc-2.0.6/modules/3dnow'
Making install in lua
make[4]: Entering directory `/home/ylwang/msvc/vlc-2.0.6/modules/lua'
make  install-am
make[5]: Entering directory `/home/ylwang/msvc/vlc-2.0.6/modules/lua'
  CC       liblua_plugin_la-extension.lo
  CC       liblua_plugin_la-extension_thread.lo
  CC       liblua_plugin_la-intf.lo
  CC       liblua_plugin_la-meta.lo
  CC       liblua_plugin_la-demux.lo
  CC       liblua_plugin_la-services_discovery.lo
  CC       liblua_plugin_la-vlc.lo
  CC       liblua_plugin_la-acl.lo
  CC       liblua_plugin_la-configuration.lo
  CC       liblua_plugin_la-equalizer.lo
  CC       liblua_plugin_la-gettext.lo
  CC       liblua_plugin_la-dialog.lo
  CC       liblua_plugin_la-httpd.lo
  CC       liblua_plugin_la-input.lo
  CC       liblua_plugin_la-messages.lo
  CC       liblua_plugin_la-misc.lo
  CC       liblua_plugin_la-net.lo
  CC       liblua_plugin_la-objects.lo
  CC       liblua_plugin_la-osd.lo
  CC       liblua_plugin_la-playlist.lo
  CC       liblua_plugin_la-sd.lo
  CC       liblua_plugin_la-stream.lo
  CC       liblua_plugin_la-strings.lo
  CC       liblua_plugin_la-variables.lo
  CC       liblua_plugin_la-video.lo
  CC       liblua_plugin_la-vlm.lo
  CC       liblua_plugin_la-volume.lo
  CC       liblua_plugin_la-xml.lo
  CCLD     liblua_plugin.la
make[6]: Entering directory `/home/ylwang/msvc/vlc-2.0.6/modules/lua'
make[6]: Nothing to be done for `install-exec-am'.
  CCLD     liblua_plugin.la
make[6]: Leaving directory `/home/ylwang/msvc/vlc-2.0.6/modules/lua'
make[5]: Leaving directory `/home/ylwang/msvc/vlc-2.0.6/modules/lua'
make[4]: Leaving directory `/home/ylwang/msvc/vlc-2.0.6/modules/lua'
Making install in .
make[4]: Entering directory `/home/ylwang/msvc/vlc-2.0.6/modules'
make[5]: Entering directory `/home/ylwang/msvc/vlc-2.0.6/modules'
make[5]: Nothing to be done for `install-exec-am'.
make[5]: Nothing to be done for `install-data-am'.
make[5]: Leaving directory `/home/ylwang/msvc/vlc-2.0.6/modules'
make[4]: Leaving directory `/home/ylwang/msvc/vlc-2.0.6/modules'
make[3]: Leaving directory `/home/ylwang/msvc/vlc-2.0.6/modules'
Making install in lib
make[3]: Entering directory `/home/ylwang/msvc/vlc-2.0.6/lib'
  GEN      ../include/vlc/libvlc_version.h
config.status: creating src/../include/vlc/libvlc_version.h
make  install-am
make[4]: Entering directory `/home/ylwang/msvc/vlc-2.0.6/lib'
  CC       core.lo
  CC       error.lo
  CC       log.lo
  CC       playlist.lo
  CC       vlm.lo
  CC       video.lo
  CC       audio.lo
  CC       event.lo
  CC       event_async.lo
  CC       media.lo
  CC       media_player.lo
  CC       media_list.lo
  CC       media_list_player.lo
  CC       media_library.lo
  CC       media_discoverer.lo
  CC       revision.lo
  CCLD     libvlc.la
  GEN      libvlc.pc
config.status: creating lib/libvlc.pc
make[5]: Entering directory `/home/ylwang/msvc/vlc-2.0.6/lib'
  CCLD     libvlc.la
 /bin/mkdir -p '/home/ylwang/msvc/vlc-2.0.6/_win32/include/vlc'
 /usr/bin/install -c -m 644 ../include/vlc/libvlc_version.h '/home/ylwang/msvc/vlc-2.0.6/_win32/include/vlc'
 /bin/mkdir -p '/home/ylwang/msvc/vlc-2.0.6/_win32/lib/pkgconfig'
 /usr/bin/install -c -m 644 libvlc.pc '/home/ylwang/msvc/vlc-2.0.6/_win32/lib/pkgconfig'
 /bin/mkdir -p '/home/ylwang/msvc/vlc-2.0.6/_win32/include/vlc'
 /usr/bin/install -c -m 644 ../include/vlc/deprecated.h ../include/vlc/libvlc.h ../include/vlc/libvlc_events.h ../include/vlc/libvlc_media.h ../include/vlc/libvlc_media_discoverer.h ../include/vlc/libvlc_media_library.h ../include/vlc/libvlc_media_list.h ../include/vlc/libvlc_media_list_player.h ../include/vlc/libvlc_media_player.h ../include/vlc/libvlc_structures.h ../include/vlc/libvlc_vlm.h ../include/vlc/vlc.h '/home/ylwang/msvc/vlc-2.0.6/_win32/include/vlc'
make[5]: Leaving directory `/home/ylwang/msvc/vlc-2.0.6/lib'
make[4]: Leaving directory `/home/ylwang/msvc/vlc-2.0.6/lib'
make[3]: Leaving directory `/home/ylwang/msvc/vlc-2.0.6/lib'
Making install in bin
make[3]: Entering directory `/home/ylwang/msvc/vlc-2.0.6/bin'
  CC       winvlc.o
cd ".." && \
	/bin/bash ./config.status --file="bin/vlc_win32_rc.rc"
config.status: creating bin/vlc_win32_rc.rc
i586-mingw32msvc-windres --include-dir ../share/icons -i vlc_win32_rc.rc -o vlc_win32_rc.o
  CCLD     vlc.exe
  CC       vlc_static-winvlc.o
  CCLD     vlc-static.exe
  CC       cachegen.o
  CCLD     vlc-cache-gen.exe
  GEN      ../modules/plugins.dat
Cross-compilation: cache generation skipped!
make[4]: Entering directory `/home/ylwang/msvc/vlc-2.0.6/bin'
  CCLD     vlc.exe
 /bin/mkdir -p '/home/ylwang/msvc/vlc-2.0.6/_win32/bin'
  CCLD     vlc-cache-gen.exe
 /bin/mkdir -p '/home/ylwang/msvc/vlc-2.0.6/_win32/lib/vlc'
make[4]: Leaving directory `/home/ylwang/msvc/vlc-2.0.6/bin'
make[3]: Leaving directory `/home/ylwang/msvc/vlc-2.0.6/bin'
Making install in test
make[3]: Entering directory `/home/ylwang/msvc/vlc-2.0.6/test'
make[4]: Entering directory `/home/ylwang/msvc/vlc-2.0.6/test'
make[4]: Nothing to be done for `install-exec-am'.
make[4]: Nothing to be done for `install-data-am'.
make[4]: Leaving directory `/home/ylwang/msvc/vlc-2.0.6/test'
make[3]: Leaving directory `/home/ylwang/msvc/vlc-2.0.6/test'
make[3]: Entering directory `/home/ylwang/msvc/vlc-2.0.6'
  GEN      cvlc
  GEN      rvlc
  GEN      svlc
  GEN      qvlc
  GEN      vlc.exe
make[4]: Entering directory `/home/ylwang/msvc/vlc-2.0.6'
 /bin/mkdir -p '/home/ylwang/msvc/vlc-2.0.6/_win32/bin'
 /usr/bin/install -c cvlc rvlc svlc qvlc '/home/ylwang/msvc/vlc-2.0.6/_win32/bin'
make  install-exec-hook
make[5]: Entering directory `/home/ylwang/msvc/vlc-2.0.6'
if test "x86_64-unknown-linux-gnu" = "i586-pc-mingw32msvc"; then \
		LD_LIBRARY_PATH="/home/ylwang/msvc/vlc-2.0.6/_win32/lib:$LD_LIBRARY_PATH" \
		"/home/ylwang/msvc/vlc-2.0.6/_win32/lib/vlc/vlc-cache-gen.exe" \
			 "/home/ylwang/msvc/vlc-2.0.6/_win32/lib/vlc/plugins" ; \
	else \
		echo "Cross-compilation: cache generation skipped!" ; \
	fi
Cross-compilation: cache generation skipped!
make[5]: Leaving directory `/home/ylwang/msvc/vlc-2.0.6'
make[4]: Nothing to be done for `install-data-am'.
make[4]: Leaving directory `/home/ylwang/msvc/vlc-2.0.6'
make[3]: Leaving directory `/home/ylwang/msvc/vlc-2.0.6'
make[2]: Leaving directory `/home/ylwang/msvc/vlc-2.0.6'
make[1]: Leaving directory `/home/ylwang/msvc/vlc-2.0.6'
touch package-win-install
rm -Rf npapi-vlc
git clone git://git.videolan.org/npapi-vlc.git npapi-vlc
touch stamp-npapi-fetch
cd npapi-vlc && \
	/bin/bash ./autogen.sh
libtoolize: putting auxiliary files in AC_CONFIG_AUX_DIR, `autotools'.
libtoolize: linking file `autotools/ltmain.sh'
libtoolize: putting macros in AC_CONFIG_MACRO_DIR, `m4'.
libtoolize: linking file `m4/libtool.m4'
libtoolize: linking file `m4/ltoptions.m4'
libtoolize: linking file `m4/ltsugar.m4'
libtoolize: linking file `m4/ltversion.m4'
libtoolize: linking file `m4/lt~obsolete.m4'
touch stamp-npapi-autogen
cd npapi-vlc && \
	/bin/bash ./configure \
		--prefix=/ \
		--host=i586-mingw32msvc --build= \
		CPP="i586-mingw32msvc-gcc -std=gnu99 -E" CPPFLAGS="-I./include -I./include  -I/home/ylwang/msvc/vlc-2.0.6/contrib/i586-mingw32msvc/include -D__USE_MINGW_ANSI_STDIO=1" \
		CC="i586-mingw32msvc-gcc -std=gnu99" CFLAGS="-g -O2 -I/home/ylwang/msvc/vlc-2.0.6/contrib/i586-mingw32msvc/include -mms-bitfields -Wall -Wextra -Wsign-compare -Wundef -Wpointer-arith -Wbad-function-cast -Wwrite-strings -Wmissing-prototypes -Wvolatile-register-var -Werror-implicit-function-declaration -pipe  -ffast-math -funroll-loops -fomit-frame-pointer -mtune=pentium2" \
		CXX="i586-mingw32msvc-g++" CXXFLAGS="-g -O2 -I/home/ylwang/msvc/vlc-2.0.6/contrib/i586-mingw32msvc/include -mms-bitfields -Wall -Wextra -Wsign-compare -Wundef -Wpointer-arith -Wvolatile-register-var  -ffast-math -funroll-loops -fomit-frame-pointer" \
		LD="/usr/i586-mingw32msvc/bin/ld" LDFLAGS="-L/home/ylwang/msvc/vlc-2.0.6/contrib/i586-mingw32msvc/lib" \
		SHELL="/bin/bash" \
		PKG_CONFIG_LIBDIR=".././extras/contrib/lib/pkgconfig:../lib"
checking build system type... x86_64-unknown-linux-gnu
checking host system type... i586-pc-mingw32msvc
checking for a BSD-compatible install... /usr/bin/install -c
checking whether build environment is sane... yes
checking for i586-mingw32msvc-strip... i586-mingw32msvc-strip
checking for a thread-safe mkdir -p... /bin/mkdir -p
checking for gawk... no
checking for mawk... mawk
checking whether make sets $(MAKE)... yes
checking whether make supports nested variables... yes
checking whether UID '0' is supported by ustar format... yes
checking whether GID '0' is supported by ustar format... yes
checking how to create a ustar tar archive... gnutar
checking whether make supports nested variables... (cached) yes
checking for style of include used by make... GNU
checking for i586-mingw32msvc-gcc... i586-mingw32msvc-gcc -std=gnu99
checking whether the C compiler works... yes
checking for C compiler default output file name... a.exe
checking for suffix of executables... .exe
checking whether we are cross compiling... yes
checking for suffix of object files... o
checking whether we are using the GNU C compiler... yes
checking whether i586-mingw32msvc-gcc -std=gnu99 accepts -g... yes
checking for i586-mingw32msvc-gcc -std=gnu99 option to accept ISO C89... none needed
checking whether i586-mingw32msvc-gcc -std=gnu99 understands -c and -o together... yes
checking dependency style of i586-mingw32msvc-gcc -std=gnu99... gcc3
checking for i586-mingw32msvc-gcc -std=gnu99 option to accept ISO C99... none needed
checking how to run the C preprocessor... i586-mingw32msvc-gcc -std=gnu99 -E
checking for grep that handles long lines and -e... /bin/grep
checking for egrep... /bin/grep -E
checking for ANSI C header files... yes
checking for sys/types.h... yes
checking for sys/stat.h... yes
checking for stdlib.h... yes
checking for string.h... yes
checking for memory.h... yes
checking for strings.h... yes
checking for inttypes.h... yes
checking for stdint.h... yes
checking for unistd.h... yes
checking minix/config.h usability... no
checking minix/config.h presence... no
checking for minix/config.h... no
checking whether it is safe to define __EXTENSIONS__... yes
checking whether we are using the GNU C++ compiler... yes
checking whether i586-mingw32msvc-g++ accepts -g... yes
checking dependency style of i586-mingw32msvc-g++... gcc3
checking for i586-mingw32msvc-g++... i586-mingw32msvc-g++
checking whether we are using the GNU Objective C++ compiler... no
checking whether i586-mingw32msvc-g++ accepts -g... no
checking dependency style of i586-mingw32msvc-g++... gcc3
checking whether i586-mingw32msvc-g++ supports C++11 features by default... no
checking whether i586-mingw32msvc-g++ supports C++11 features with -std=c++11... no
checking whether i586-mingw32msvc-g++ supports C++11 features with -std=c++0x... no
touch stamp-npapi-configure
cd npapi-vlc && \
	make all && \
	make DESTDIR="/home/ylwang/msvc/vlc-2.0.6/npapi-vlc/installed" install
make[1]: Entering directory `/home/ylwang/msvc/vlc-2.0.6/npapi-vlc'
make[1]: Leaving directory `/home/ylwang/msvc/vlc-2.0.6/npapi-vlc'
touch stamp-npapi-build
mkdir -p "/home/ylwang/msvc/vlc-2.0.6/vlc-2.0.6"/
find /home/ylwang/msvc/vlc-2.0.6/_win32 -maxdepth 4 \( -name "*.dll" -o -name "*.exe" \) -exec cp {} "/home/ylwang/msvc/vlc-2.0.6/vlc-2.0.6/" \;
cd ./extras/package/win32 && cp vlc.exe.manifest libvlc.dll.manifest "/home/ylwang/msvc/vlc-2.0.6/vlc-2.0.6/"
for file in AUTHORS THANKS ; \
		do sed 's/@/_AT_/' < "./$file" > "/home/ylwang/msvc/vlc-2.0.6/vlc-2.0.6/${file}.txt"; \
	done
for file in NEWS COPYING README; \
		do cp "./$file" "/home/ylwang/msvc/vlc-2.0.6/vlc-2.0.6/${file}.txt"; \
	done
cp ./share/icons/vlc.ico /home/ylwang/msvc/vlc-2.0.6/vlc-2.0.6
cp -r /home/ylwang/msvc/vlc-2.0.6/_win32/lib/vlc/plugins /home/ylwang/msvc/vlc-2.0.6/vlc-2.0.6
cp -r /home/ylwang/msvc/vlc-2.0.6/_win32/share/locale /home/ylwang/msvc/vlc-2.0.6/vlc-2.0.6
mkdir -p /home/ylwang/msvc/vlc-2.0.6/vlc-2.0.6/lua/
cp -r /home/ylwang/msvc/vlc-2.0.6/_win32/lib/vlc/lua/* /home/ylwang/msvc/vlc-2.0.6/_win32/share/vlc/lua/* /home/ylwang/msvc/vlc-2.0.6/vlc-2.0.6/lua/
rm -fr /home/ylwang/msvc/vlc-2.0.6/vlc-2.0.6/skins
cp -r /home/ylwang/msvc/vlc-2.0.6/_win32/share/vlc/skins2 /home/ylwang/msvc/vlc-2.0.6/vlc-2.0.6/skins
cp -r /home/ylwang/msvc/vlc-2.0.6/_win32/share/vlc/osdmenu "/home/ylwang/msvc/vlc-2.0.6/vlc-2.0.6/"
for file in /home/ylwang/msvc/vlc-2.0.6/vlc-2.0.6/osdmenu/*.cfg; do \
		sed -i.orig -e 's%share/osdmenu%osdmenu%g' -e 's%/%\\%g' "$file"; \
		rm -f -- "${file}.orig"; \
	done
cp "./npapi-vlc/activex/axvlc.dll.manifest" "/home/ylwang/msvc/vlc-2.0.6/vlc-2.0.6/"
cp "./npapi-vlc/installed/lib/axvlc.dll" "/home/ylwang/msvc/vlc-2.0.6/vlc-2.0.6/"
cp "./npapi-vlc/npapi/package/npvlc.dll.manifest" "/home/ylwang/msvc/vlc-2.0.6/vlc-2.0.6/"
cp "./npapi-vlc/installed/lib/npvlc.dll" "/home/ylwang/msvc/vlc-2.0.6/vlc-2.0.6/"
gcc_lib_dir=`i586-mingw32msvc-g++ -v /dev/null 2>&1 | grep ^LIBRARY_PATH|cut -d= -f2|cut -d: -f1` ; \
	cp "${gcc_lib_dir}/libstdc++-6.dll" "${gcc_lib_dir}/libgcc_s_sjlj-1.dll" "/home/ylwang/msvc/vlc-2.0.6/vlc-2.0.6/" ; true
mkdir -p "/home/ylwang/msvc/vlc-2.0.6/vlc-2.0.6/sdk/lib/"
cp -r /home/ylwang/msvc/vlc-2.0.6/_win32/include "/home/ylwang/msvc/vlc-2.0.6/vlc-2.0.6/sdk"
cp -r /home/ylwang/msvc/vlc-2.0.6/_win32/lib/pkgconfig "/home/ylwang/msvc/vlc-2.0.6/vlc-2.0.6/sdk/lib"
cd /home/ylwang/msvc/vlc-2.0.6/_win32/lib && cp -rv libvlc.dll.a libvlc.la libvlccore.dll.a libvlccore.la "/home/ylwang/msvc/vlc-2.0.6/vlc-2.0.6/sdk/lib/"
i586-mingw32msvc-dlltool -D libvlc.dll -l "/home/ylwang/msvc/vlc-2.0.6/vlc-2.0.6/sdk/lib/libvlc.lib" -d "./lib/.libs/libvlc.dll.def" "/home/ylwang/msvc/vlc-2.0.6/_win32/bin/libvlc.dll"
i586-mingw32msvc-dlltool -D libvlccore.dll -l "/home/ylwang/msvc/vlc-2.0.6/vlc-2.0.6/sdk/lib/libvlccore.lib" -d "./src/.libs/libvlccore.dll.def" "/home/ylwang/msvc/vlc-2.0.6/_win32/bin/libvlccore.dll"
mkdir -p "/home/ylwang/msvc/vlc-2.0.6/vlc-2.0.6/sdk/activex/"
cd ./npapi-vlc && cp activex/README.TXT share/test/test.html /home/ylwang/msvc/vlc-2.0.6/vlc-2.0.6/sdk/activex/
find /home/ylwang/msvc/vlc-2.0.6/vlc-2.0.6 -type f \( -name "*xml" -or -name "*html" -or -name '*js' -or -name '*css' -or -name '*hosts' -or -iname '*txt' -or -name '*.cfg' -or -name '*.lua' \) -exec unix2dos {} \;
find /home/ylwang/msvc/vlc-2.0.6/vlc-2.0.6 -type f \( -name '*.dll' -print -o -name '*.exe' -print \) -exec ./extras/package/win32/peflags.pl {} \;
find /home/ylwang/msvc/vlc-2.0.6/vlc-2.0.6/plugins/ -type f \( -name '*.a' -or -name '*.la' \) -exec rm -rvf {} \;
mkdir -p "/home/ylwang/msvc/vlc-2.0.6/symbols-2.0.6"/
cd /home/ylwang/msvc/vlc-2.0.6/vlc-2.0.6; find . -type f \( -name '*.dll' -or -name '*.exe' \) | while read i; \
	do if test -n "$i" ; then \
	    i586-mingw32msvc-objcopy --only-keep-debug "$i" "/home/ylwang/msvc/vlc-2.0.6/symbols-2.0.6/`basename $i.dbg`"; \
	    i586-mingw32msvc-objcopy --strip-all "$i" ; \
	    i586-mingw32msvc-objcopy --add-gnu-debuglink="/home/ylwang/msvc/vlc-2.0.6/symbols-2.0.6/`basename $i.dbg`" "$i" ; \
	  fi ; \
	done
rm -f -- vlc-2.0.6-win32.zip
zip -r -9 vlc-2.0.6-win32.zip vlc-2.0.6 --exclude \*.nsi \*NSIS\* \*languages\* \*sdk\* \*helpers\* spad\*
  adding: vlc-2.0.6/ (stored 0%)
  adding: vlc-2.0.6/libvlc.dll.manifest (deflated 29%)
  adding: vlc-2.0.6/lua/ (stored 0%)
  adding: vlc-2.0.6/lua/playlist/ (stored 0%)
  adding: vlc-2.0.6/lua/playlist/youtube_homepage.luac (deflated 57%)
  adding: vlc-2.0.6/lua/playlist/youtube.luac (deflated 67%)
  adding: vlc-2.0.6/lua/playlist/katsomo.luac (deflated 62%)
  adding: vlc-2.0.6/lua/playlist/jamendo.luac (deflated 65%)
  adding: vlc-2.0.6/lua/playlist/lelombrik.luac (deflated 63%)
  adding: vlc-2.0.6/lua/playlist/soundcloud.luac (deflated 59%)
  adding: vlc-2.0.6/lua/playlist/bbc_co_uk.luac (deflated 60%)
  adding: vlc-2.0.6/lua/playlist/dailymotion.luac (deflated 62%)
  adding: vlc-2.0.6/lua/playlist/mpora.luac (deflated 66%)
  adding: vlc-2.0.6/lua/playlist/googlevideo.luac (deflated 66%)
  adding: vlc-2.0.6/lua/playlist/zapiks.luac (deflated 68%)
  adding: vlc-2.0.6/lua/playlist/koreus.luac (deflated 65%)
  adding: vlc-2.0.6/lua/playlist/vimeo.luac (deflated 68%)
  adding: vlc-2.0.6/lua/playlist/pinkbike.luac (deflated 63%)
  adding: vlc-2.0.6/lua/playlist/break.luac (deflated 66%)
  adding: vlc-2.0.6/lua/playlist/canalplus.luac (deflated 65%)
  adding: vlc-2.0.6/lua/playlist/extreme.luac (deflated 69%)
  adding: vlc-2.0.6/lua/playlist/anevia_streams.luac (deflated 67%)
  adding: vlc-2.0.6/lua/playlist/france2.luac (deflated 63%)
  adding: vlc-2.0.6/lua/playlist/metachannels.luac (deflated 56%)
  adding: vlc-2.0.6/lua/playlist/cue.luac (deflated 66%)
  adding: vlc-2.0.6/lua/playlist/appletrailers.luac (deflated 65%)
  adding: vlc-2.0.6/lua/playlist/pluzz.luac (deflated 66%)
  adding: vlc-2.0.6/lua/playlist/rockbox_fm_presets.luac (deflated 58%)
  adding: vlc-2.0.6/lua/playlist/joox.luac (deflated 62%)
  adding: vlc-2.0.6/lua/playlist/anevia_xml.luac (deflated 67%)
  adding: vlc-2.0.6/lua/playlist/metacafe.luac (deflated 64%)
  adding: vlc-2.0.6/lua/intf/ (stored 0%)
  adding: vlc-2.0.6/lua/intf/hotkeys.luac (deflated 63%)
  adding: vlc-2.0.6/lua/intf/cli.luac (deflated 69%)
  adding: vlc-2.0.6/lua/intf/dummy.luac (deflated 44%)
  adding: vlc-2.0.6/lua/intf/luac.luac (deflated 57%)
  adding: vlc-2.0.6/lua/intf/dumpmeta.luac (deflated 62%)
  adding: vlc-2.0.6/lua/intf/modules/ (stored 0%)
  adding: vlc-2.0.6/lua/intf/modules/httprequests.luac (deflated 68%)
  adding: vlc-2.0.6/lua/intf/modules/host.luac (deflated 70%)
  adding: vlc-2.0.6/lua/intf/modules/common.luac (deflated 68%)
  adding: vlc-2.0.6/lua/intf/http.luac (deflated 65%)
  adding: vlc-2.0.6/lua/intf/telnet.luac (deflated 52%)
  adding: vlc-2.0.6/lua/modules/ (stored 0%)
  adding: vlc-2.0.6/lua/modules/dkjson.luac (deflated 66%)
  adding: vlc-2.0.6/lua/modules/simplexml.luac (deflated 62%)
  adding: vlc-2.0.6/lua/modules/sandbox.luac (deflated 64%)
  adding: vlc-2.0.6/lua/http/ (stored 0%)
  adding: vlc-2.0.6/lua/http/index.html (deflated 72%)
  adding: vlc-2.0.6/lua/http/vlm_export.html (deflated 29%)
  adding: vlc-2.0.6/lua/http/dialogs/ (stored 0%)
  adding: vlc-2.0.6/lua/http/dialogs/offset_window.html (deflated 71%)
  adding: vlc-2.0.6/lua/http/dialogs/create_stream.html (deflated 80%)
  adding: vlc-2.0.6/lua/http/dialogs/error_window.html (deflated 45%)
  adding: vlc-2.0.6/lua/http/dialogs/stream_window.html (deflated 75%)
  adding: vlc-2.0.6/lua/http/dialogs/stream_config_window.html (deflated 63%)
  adding: vlc-2.0.6/lua/http/dialogs/mosaic_window.html (deflated 72%)
  adding: vlc-2.0.6/lua/http/dialogs/browse_window.html (deflated 53%)
  adding: vlc-2.0.6/lua/http/dialogs/batch_window.html (deflated 47%)
  adding: vlc-2.0.6/lua/http/dialogs/.hosts (deflated 23%)
  adding: vlc-2.0.6/lua/http/dialogs/old/ (stored 0%)
  adding: vlc-2.0.6/lua/http/dialogs/old/sout (deflated 82%)
  adding: vlc-2.0.6/lua/http/dialogs/old/vlm (deflated 79%)
  adding: vlc-2.0.6/lua/http/dialogs/old/main (deflated 77%)
  adding: vlc-2.0.6/lua/http/dialogs/old/playlist (deflated 77%)
  adding: vlc-2.0.6/lua/http/dialogs/old/input (deflated 79%)
  adding: vlc-2.0.6/lua/http/dialogs/old/footer (deflated 50%)
  adding: vlc-2.0.6/lua/http/dialogs/old/browse (deflated 52%)
  adding: vlc-2.0.6/lua/http/dialogs/equalizer_window.html (deflated 54%)
  adding: vlc-2.0.6/lua/http/css/ (stored 0%)
  adding: vlc-2.0.6/lua/http/css/mobile.css (deflated 63%)
  adding: vlc-2.0.6/lua/http/css/main.css (deflated 69%)
  adding: vlc-2.0.6/lua/http/css/ui-lightness/ (stored 0%)
  adding: vlc-2.0.6/lua/http/css/ui-lightness/jquery-ui-1.8.13.custom.css (deflated 82%)
  adding: vlc-2.0.6/lua/http/css/ui-lightness/images/ (stored 0%)
  adding: vlc-2.0.6/lua/http/css/ui-lightness/images/ui-bg_highlight-soft_75_ffe45c_1x100.png (deflated 1%)
  adding: vlc-2.0.6/lua/http/css/ui-lightness/images/ui-bg_diagonals-thick_20_666666_40x40.png (deflated 2%)
  adding: vlc-2.0.6/lua/http/css/ui-lightness/images/ui-icons_222222_256x240.png (deflated 5%)
  adding: vlc-2.0.6/lua/http/css/ui-lightness/images/ui-bg_diagonals-thick_18_b81900_40x40.png (deflated 1%)
  adding: vlc-2.0.6/lua/http/css/ui-lightness/images/ui-bg_highlight-soft_100_eeeeee_1x100.png (deflated 3%)
  adding: vlc-2.0.6/lua/http/css/ui-lightness/images/ui-bg_flat_10_000000_40x100.png (deflated 40%)
  adding: vlc-2.0.6/lua/http/css/ui-lightness/images/ui-icons_ffffff_256x240.png (deflated 5%)
  adding: vlc-2.0.6/lua/http/css/ui-lightness/images/ui-icons_228ef1_256x240.png (deflated 4%)
  adding: vlc-2.0.6/lua/http/css/ui-lightness/images/ui-bg_glass_100_fdf5ce_1x400.png (deflated 2%)
  adding: vlc-2.0.6/lua/http/css/ui-lightness/images/ui-icons_ffd27a_256x240.png (deflated 5%)
  adding: vlc-2.0.6/lua/http/css/ui-lightness/images/ui-bg_glass_65_ffffff_1x400.png (deflated 3%)
  adding: vlc-2.0.6/lua/http/css/ui-lightness/images/ui-bg_glass_100_f6f6f6_1x400.png (deflated 2%)
  adding: vlc-2.0.6/lua/http/css/ui-lightness/images/ui-icons_ef8c08_256x240.png (deflated 5%)
  adding: vlc-2.0.6/lua/http/css/ui-lightness/images/ui-bg_gloss-wave_35_f6a828_500x100.png (deflated 5%)
  adding: vlc-2.0.6/lua/http/mobile.html (deflated 63%)
  adding: vlc-2.0.6/lua/http/vlm.html (deflated 50%)
  adding: vlc-2.0.6/lua/http/js/ (stored 0%)
  adding: vlc-2.0.6/lua/http/js/common.js (deflated 52%)
  adding: vlc-2.0.6/lua/http/js/jquery.jstree.js (deflated 79%)
  adding: vlc-2.0.6/lua/http/js/controlers.js (deflated 83%)
  adding: vlc-2.0.6/lua/http/js/jquery-1.5.1.min.js (deflated 66%)
  adding: vlc-2.0.6/lua/http/js/ui.js (deflated 73%)
  adding: vlc-2.0.6/lua/http/js/jquery-ui-1.8.13.custom.min.js (deflated 75%)
  adding: vlc-2.0.6/lua/http/mobile_browse.html (deflated 56%)
  adding: vlc-2.0.6/lua/http/requests/ (stored 0%)
  adding: vlc-2.0.6/lua/http/requests/playlist_jstree.xml (deflated 58%)
  adding: vlc-2.0.6/lua/http/requests/playlist.json (deflated 50%)
  adding: vlc-2.0.6/lua/http/requests/vlm_cmd.xml (deflated 49%)
  adding: vlc-2.0.6/lua/http/requests/status.xml (deflated 58%)
  adding: vlc-2.0.6/lua/http/requests/playlist.xml (deflated 56%)
  adding: vlc-2.0.6/lua/http/requests/README.txt (deflated 60%)
  adding: vlc-2.0.6/lua/http/requests/browse.xml (deflated 50%)
  adding: vlc-2.0.6/lua/http/requests/browse.json (deflated 50%)
  adding: vlc-2.0.6/lua/http/requests/vlm.xml (deflated 68%)
  adding: vlc-2.0.6/lua/http/requests/status.json (deflated 50%)
  adding: vlc-2.0.6/lua/http/view.html (deflated 56%)
  adding: vlc-2.0.6/lua/http/favicon.ico (deflated 68%)
  adding: vlc-2.0.6/lua/http/mobile_equalizer.html (deflated 57%)
  adding: vlc-2.0.6/lua/http/.hosts (deflated 29%)
  adding: vlc-2.0.6/lua/http/mobile_view.html (deflated 56%)
  adding: vlc-2.0.6/lua/http/old/ (stored 0%)
  adding: vlc-2.0.6/lua/http/old/js/ (stored 0%)
  adding: vlc-2.0.6/lua/http/old/js/functions.js (deflated 82%)
  adding: vlc-2.0.6/lua/http/old/js/vlm.js (deflated 85%)
  adding: vlc-2.0.6/lua/http/old/style.css (deflated 65%)
  adding: vlc-2.0.6/lua/http/old/images/ (stored 0%)
  adding: vlc-2.0.6/lua/http/old/images/eject.png (deflated 4%)
  adding: vlc-2.0.6/lua/http/old/images/loop.png (deflated 4%)
  adding: vlc-2.0.6/lua/http/old/images/delete.png (deflated 2%)
  adding: vlc-2.0.6/lua/http/old/images/slow.png (deflated 4%)
  adding: vlc-2.0.6/lua/http/old/images/sort.png (deflated 4%)
  adding: vlc-2.0.6/lua/http/old/images/white.png (deflated 10%)
  adding: vlc-2.0.6/lua/http/old/images/slider_bar.png (deflated 3%)
  adding: vlc-2.0.6/lua/http/old/images/sout.png (deflated 3%)
  adding: vlc-2.0.6/lua/http/old/images/plus.png (deflated 6%)
  adding: vlc-2.0.6/lua/http/old/images/slider_right.png (deflated 3%)
  adding: vlc-2.0.6/lua/http/old/images/white_cross_small.png (deflated 4%)
  adding: vlc-2.0.6/lua/http/old/images/slider_point.png (deflated 2%)
  adding: vlc-2.0.6/lua/http/old/images/refresh.png (deflated 1%)
  adding: vlc-2.0.6/lua/http/old/images/minus.png (deflated 6%)
  adding: vlc-2.0.6/lua/http/old/images/playlist.png (deflated 5%)
  adding: vlc-2.0.6/lua/http/old/images/prev.png (deflated 4%)
  adding: vlc-2.0.6/lua/http/old/images/stop.png (deflated 6%)
  adding: vlc-2.0.6/lua/http/old/images/volume_down.png (deflated 3%)
  adding: vlc-2.0.6/lua/http/old/images/snapshot.png (stored 0%)
  adding: vlc-2.0.6/lua/http/old/images/sd.png (deflated 3%)
  adding: vlc-2.0.6/lua/http/old/images/speaker_mute.png (stored 0%)
  adding: vlc-2.0.6/lua/http/old/images/repeat.png (deflated 3%)
  adding: vlc-2.0.6/lua/http/old/images/empty.png (deflated 2%)
  adding: vlc-2.0.6/lua/http/old/images/shuffle.png (deflated 3%)
  adding: vlc-2.0.6/lua/http/old/images/delete_small.png (deflated 4%)
  adding: vlc-2.0.6/lua/http/old/images/slider_left.png (deflated 3%)
  adding: vlc-2.0.6/lua/http/old/images/speaker.png (stored 0%)
  adding: vlc-2.0.6/lua/http/old/images/play.png (deflated 4%)
  adding: vlc-2.0.6/lua/http/old/images/next.png (deflated 4%)
  adding: vlc-2.0.6/lua/http/old/images/playlist_small.png (deflated 5%)
  adding: vlc-2.0.6/lua/http/old/images/info.png (deflated 1%)
  adding: vlc-2.0.6/lua/http/old/images/reset.png (deflated 1%)
  adding: vlc-2.0.6/lua/http/old/images/fullscreen.png (deflated 2%)
  adding: vlc-2.0.6/lua/http/old/images/help.png (deflated 4%)
  adding: vlc-2.0.6/lua/http/old/images/volume_up.png (deflated 4%)
  adding: vlc-2.0.6/lua/http/old/images/pause.png (deflated 5%)
  adding: vlc-2.0.6/lua/http/images/ (stored 0%)
  adding: vlc-2.0.6/lua/http/images/vlc-48.png (stored 0%)
  adding: vlc-2.0.6/lua/http/images/Folder-48.png (stored 0%)
  adding: vlc-2.0.6/lua/http/images/Video-48.png (stored 0%)
  adding: vlc-2.0.6/lua/http/images/vlc16x16.png (stored 0%)
  adding: vlc-2.0.6/lua/http/images/speaker-32.png (stored 0%)
  adding: vlc-2.0.6/lua/http/images/Back-48.png (stored 0%)
  adding: vlc-2.0.6/lua/http/images/Other-48.png (stored 0%)
  adding: vlc-2.0.6/lua/http/images/Audio-48.png (stored 0%)
  adding: vlc-2.0.6/lua/http/images/buttons.png (deflated 2%)
  adding: vlc-2.0.6/lua/http/custom.lua (deflated 42%)
  adding: vlc-2.0.6/lua/sd/ (stored 0%)
  adding: vlc-2.0.6/lua/sd/jamendo.luac (deflated 72%)
  adding: vlc-2.0.6/lua/sd/freebox.luac (deflated 59%)
  adding: vlc-2.0.6/lua/sd/fmc.luac (deflated 59%)
  adding: vlc-2.0.6/lua/sd/icecast.luac (deflated 56%)
  adding: vlc-2.0.6/lua/sd/metachannels.luac (deflated 61%)
  adding: vlc-2.0.6/lua/meta/ (stored 0%)
  adding: vlc-2.0.6/lua/meta/fetcher/ (stored 0%)
  adding: vlc-2.0.6/lua/meta/fetcher/tvrage.luac (deflated 62%)
  adding: vlc-2.0.6/lua/meta/reader/ (stored 0%)
  adding: vlc-2.0.6/lua/meta/reader/filename.luac (deflated 60%)
  adding: vlc-2.0.6/lua/meta/art/ (stored 0%)
  adding: vlc-2.0.6/lua/meta/art/02_frenchtv.luac (deflated 61%)
  adding: vlc-2.0.6/lua/meta/art/01_googleimage.luac (deflated 56%)
  adding: vlc-2.0.6/lua/meta/art/00_musicbrainz.luac (deflated 64%)
  adding: vlc-2.0.6/lua/meta/art/03_lastfm.luac (deflated 58%)
  adding: vlc-2.0.6/THANKS.txt (deflated 41%)
  adding: vlc-2.0.6/npvlc.dll.manifest (deflated 29%)
  adding: vlc-2.0.6/NEWS.txt (deflated 66%)
  adding: vlc-2.0.6/osdmenu/ (stored 0%)
  adding: vlc-2.0.6/osdmenu/default/ (stored 0%)
  adding: vlc-2.0.6/osdmenu/default/selection/ (stored 0%)
  adding: vlc-2.0.6/osdmenu/default/selection/volume.png (deflated 0%)
  adding: vlc-2.0.6/osdmenu/default/selection/bw.png (deflated 0%)
  adding: vlc-2.0.6/osdmenu/default/selection/play_pause.png (stored 0%)
  adding: vlc-2.0.6/osdmenu/default/selection/esc.png (deflated 0%)
  adding: vlc-2.0.6/osdmenu/default/selection/stop.png (stored 0%)
  adding: vlc-2.0.6/osdmenu/default/selection/next.png (deflated 0%)
  adding: vlc-2.0.6/osdmenu/default/selection/previous.png (stored 0%)
  adding: vlc-2.0.6/osdmenu/default/selection/fw.png (deflated 0%)
  adding: vlc-2.0.6/osdmenu/default/unselected.png (deflated 1%)
  adding: vlc-2.0.6/osdmenu/default/selected/ (stored 0%)
  adding: vlc-2.0.6/osdmenu/default/selected/volume.png (deflated 0%)
  adding: vlc-2.0.6/osdmenu/default/selected/bw.png (deflated 0%)
  adding: vlc-2.0.6/osdmenu/default/selected/play_pause.png (deflated 0%)
  adding: vlc-2.0.6/osdmenu/default/selected/esc.png (stored 0%)
  adding: vlc-2.0.6/osdmenu/default/selected/stop.png (deflated 0%)
  adding: vlc-2.0.6/osdmenu/default/selected/next.png (stored 0%)
  adding: vlc-2.0.6/osdmenu/default/selected/previous.png (deflated 0%)
  adding: vlc-2.0.6/osdmenu/default/selected/fw.png (deflated 0%)
  adding: vlc-2.0.6/osdmenu/default/volume/ (stored 0%)
  adding: vlc-2.0.6/osdmenu/default/volume/volume_07.png (stored 0%)
  adding: vlc-2.0.6/osdmenu/default/volume/volume_01.png (stored 0%)
  adding: vlc-2.0.6/osdmenu/default/volume/volume_09.png (stored 0%)
  adding: vlc-2.0.6/osdmenu/default/volume/volume_08.png (stored 0%)
  adding: vlc-2.0.6/osdmenu/default/volume/volume_00.png (deflated 0%)
  adding: vlc-2.0.6/osdmenu/default/volume/volume_03.png (stored 0%)
  adding: vlc-2.0.6/osdmenu/default/volume/volume_06.png (stored 0%)
  adding: vlc-2.0.6/osdmenu/default/volume/volume_04.png (stored 0%)
  adding: vlc-2.0.6/osdmenu/default/volume/volume_02.png (stored 0%)
  adding: vlc-2.0.6/osdmenu/default/volume/volume_05.png (stored 0%)
  adding: vlc-2.0.6/osdmenu/default/volume/volume_10.png (stored 0%)
  adding: vlc-2.0.6/osdmenu/default.cfg (deflated 77%)
  adding: vlc-2.0.6/COPYING.txt (deflated 62%)
  adding: vlc-2.0.6/locale/ (stored 0%)
  adding: vlc-2.0.6/locale/nl/ (stored 0%)
  adding: vlc-2.0.6/locale/nl/LC_MESSAGES/ (stored 0%)
  adding: vlc-2.0.6/locale/nl/LC_MESSAGES/vlc.mo (deflated 63%)
  adding: vlc-2.0.6/locale/nn/ (stored 0%)
  adding: vlc-2.0.6/locale/nn/LC_MESSAGES/ (stored 0%)
  adding: vlc-2.0.6/locale/nn/LC_MESSAGES/vlc.mo (deflated 62%)
  adding: vlc-2.0.6/locale/bn/ (stored 0%)
  adding: vlc-2.0.6/locale/bn/LC_MESSAGES/ (stored 0%)
  adding: vlc-2.0.6/locale/bn/LC_MESSAGES/vlc.mo (deflated 75%)
  adding: vlc-2.0.6/locale/pt_BR/ (stored 0%)
  adding: vlc-2.0.6/locale/pt_BR/LC_MESSAGES/ (stored 0%)
  adding: vlc-2.0.6/locale/pt_BR/LC_MESSAGES/vlc.mo (deflated 64%)
  adding: vlc-2.0.6/locale/bn_IN/ (stored 0%)
  adding: vlc-2.0.6/locale/bn_IN/LC_MESSAGES/ (stored 0%)
  adding: vlc-2.0.6/locale/bn_IN/LC_MESSAGES/vlc.mo (deflated 73%)
  adding: vlc-2.0.6/locale/si/ (stored 0%)
  adding: vlc-2.0.6/locale/si/LC_MESSAGES/ (stored 0%)
  adding: vlc-2.0.6/locale/si/LC_MESSAGES/vlc.mo (deflated 72%)
  adding: vlc-2.0.6/locale/uk/ (stored 0%)
  adding: vlc-2.0.6/locale/uk/LC_MESSAGES/ (stored 0%)
  adding: vlc-2.0.6/locale/uk/LC_MESSAGES/vlc.mo (deflated 69%)
  adding: vlc-2.0.6/locale/vi/ (stored 0%)
  adding: vlc-2.0.6/locale/vi/LC_MESSAGES/ (stored 0%)
  adding: vlc-2.0.6/locale/vi/LC_MESSAGES/vlc.mo (deflated 64%)
  adding: vlc-2.0.6/locale/ka/ (stored 0%)
  adding: vlc-2.0.6/locale/ka/LC_MESSAGES/ (stored 0%)
  adding: vlc-2.0.6/locale/ka/LC_MESSAGES/vlc.mo (deflated 69%)
  adding: vlc-2.0.6/locale/zh_TW/ (stored 0%)
  adding: vlc-2.0.6/locale/zh_TW/LC_MESSAGES/ (stored 0%)
  adding: vlc-2.0.6/locale/zh_TW/LC_MESSAGES/vlc.mo (deflated 61%)
  adding: vlc-2.0.6/locale/sk/ (stored 0%)
  adding: vlc-2.0.6/locale/sk/LC_MESSAGES/ (stored 0%)
  adding: vlc-2.0.6/locale/sk/LC_MESSAGES/vlc.mo (deflated 63%)
  adding: vlc-2.0.6/locale/zu/ (stored 0%)
  adding: vlc-2.0.6/locale/zu/LC_MESSAGES/ (stored 0%)
  adding: vlc-2.0.6/locale/zu/LC_MESSAGES/vlc.mo (deflated 60%)
  adding: vlc-2.0.6/locale/da/ (stored 0%)
  adding: vlc-2.0.6/locale/da/LC_MESSAGES/ (stored 0%)
  adding: vlc-2.0.6/locale/da/LC_MESSAGES/vlc.mo (deflated 62%)
  adding: vlc-2.0.6/locale/es/ (stored 0%)
  adding: vlc-2.0.6/locale/es/LC_MESSAGES/ (stored 0%)
  adding: vlc-2.0.6/locale/es/LC_MESSAGES/vlc.mo (deflated 64%)
  adding: vlc-2.0.6/locale/el/ (stored 0%)
  adding: vlc-2.0.6/locale/el/LC_MESSAGES/ (stored 0%)
  adding: vlc-2.0.6/locale/el/LC_MESSAGES/vlc.mo (deflated 71%)
  adding: vlc-2.0.6/locale/gd/ (stored 0%)
  adding: vlc-2.0.6/locale/gd/LC_MESSAGES/ (stored 0%)
  adding: vlc-2.0.6/locale/gd/LC_MESSAGES/vlc.mo (deflated 62%)
  adding: vlc-2.0.6/locale/fi/ (stored 0%)
  adding: vlc-2.0.6/locale/fi/LC_MESSAGES/ (stored 0%)
  adding: vlc-2.0.6/locale/fi/LC_MESSAGES/vlc.mo (deflated 63%)
  adding: vlc-2.0.6/locale/mr/ (stored 0%)
  adding: vlc-2.0.6/locale/mr/LC_MESSAGES/ (stored 0%)
  adding: vlc-2.0.6/locale/mr/LC_MESSAGES/vlc.mo (deflated 68%)
  adding: vlc-2.0.6/locale/pa/ (stored 0%)
  adding: vlc-2.0.6/locale/pa/LC_MESSAGES/ (stored 0%)
  adding: vlc-2.0.6/locale/pa/LC_MESSAGES/vlc.mo (deflated 69%)
  adding: vlc-2.0.6/locale/ach/ (stored 0%)
  adding: vlc-2.0.6/locale/ach/LC_MESSAGES/ (stored 0%)
  adding: vlc-2.0.6/locale/ach/LC_MESSAGES/vlc.mo (deflated 57%)
  adding: vlc-2.0.6/locale/kmr/ (stored 0%)
  adding: vlc-2.0.6/locale/kmr/LC_MESSAGES/ (stored 0%)
  adding: vlc-2.0.6/locale/kmr/LC_MESSAGES/vlc.mo (deflated 54%)
  adding: vlc-2.0.6/locale/wa/ (stored 0%)
  adding: vlc-2.0.6/locale/wa/LC_MESSAGES/ (stored 0%)
  adding: vlc-2.0.6/locale/wa/LC_MESSAGES/vlc.mo (deflated 63%)
  adding: vlc-2.0.6/locale/cy/ (stored 0%)
  adding: vlc-2.0.6/locale/cy/LC_MESSAGES/ (stored 0%)
  adding: vlc-2.0.6/locale/cy/LC_MESSAGES/vlc.mo (deflated 50%)
  adding: vlc-2.0.6/locale/en_GB/ (stored 0%)
  adding: vlc-2.0.6/locale/en_GB/LC_MESSAGES/ (stored 0%)
  adding: vlc-2.0.6/locale/en_GB/LC_MESSAGES/vlc.mo (deflated 70%)
  adding: vlc-2.0.6/locale/et/ (stored 0%)
  adding: vlc-2.0.6/locale/et/LC_MESSAGES/ (stored 0%)
  adding: vlc-2.0.6/locale/et/LC_MESSAGES/vlc.mo (deflated 63%)
  adding: vlc-2.0.6/locale/af/ (stored 0%)
  adding: vlc-2.0.6/locale/af/LC_MESSAGES/ (stored 0%)
  adding: vlc-2.0.6/locale/af/LC_MESSAGES/vlc.mo (deflated 59%)
  adding: vlc-2.0.6/locale/ga/ (stored 0%)
  adding: vlc-2.0.6/locale/ga/LC_MESSAGES/ (stored 0%)
  adding: vlc-2.0.6/locale/ga/LC_MESSAGES/vlc.mo (deflated 60%)
  adding: vlc-2.0.6/locale/ar/ (stored 0%)
  adding: vlc-2.0.6/locale/ar/LC_MESSAGES/ (stored 0%)
  adding: vlc-2.0.6/locale/ar/LC_MESSAGES/vlc.mo (deflated 65%)
  adding: vlc-2.0.6/locale/mk/ (stored 0%)
  adding: vlc-2.0.6/locale/mk/LC_MESSAGES/ (stored 0%)
  adding: vlc-2.0.6/locale/mk/LC_MESSAGES/vlc.mo (deflated 60%)
  adding: vlc-2.0.6/locale/ko/ (stored 0%)
  adding: vlc-2.0.6/locale/ko/LC_MESSAGES/ (stored 0%)
  adding: vlc-2.0.6/locale/ko/LC_MESSAGES/vlc.mo (deflated 64%)
  adding: vlc-2.0.6/locale/gu/ (stored 0%)
  adding: vlc-2.0.6/locale/gu/LC_MESSAGES/ (stored 0%)
  adding: vlc-2.0.6/locale/gu/LC_MESSAGES/vlc.mo (deflated 62%)
  adding: vlc-2.0.6/locale/sl/ (stored 0%)
  adding: vlc-2.0.6/locale/sl/LC_MESSAGES/ (stored 0%)
  adding: vlc-2.0.6/locale/sl/LC_MESSAGES/vlc.mo (deflated 63%)
  adding: vlc-2.0.6/locale/my/ (stored 0%)
  adding: vlc-2.0.6/locale/my/LC_MESSAGES/ (stored 0%)
  adding: vlc-2.0.6/locale/my/LC_MESSAGES/vlc.mo (deflated 30%)
  adding: vlc-2.0.6/locale/ru/ (stored 0%)
  adding: vlc-2.0.6/locale/ru/LC_MESSAGES/ (stored 0%)
  adding: vlc-2.0.6/locale/ru/LC_MESSAGES/vlc.mo (deflated 69%)
  adding: vlc-2.0.6/locale/fr/ (stored 0%)
  adding: vlc-2.0.6/locale/fr/LC_MESSAGES/ (stored 0%)
  adding: vlc-2.0.6/locale/fr/LC_MESSAGES/vlc.mo (deflated 64%)
  adding: vlc-2.0.6/locale/ne/ (stored 0%)
  adding: vlc-2.0.6/locale/ne/LC_MESSAGES/ (stored 0%)
  adding: vlc-2.0.6/locale/ne/LC_MESSAGES/vlc.mo (deflated 74%)
  adding: vlc-2.0.6/locale/oc/ (stored 0%)
  adding: vlc-2.0.6/locale/oc/LC_MESSAGES/ (stored 0%)
  adding: vlc-2.0.6/locale/oc/LC_MESSAGES/vlc.mo (deflated 61%)
  adding: vlc-2.0.6/locale/cs/ (stored 0%)
  adding: vlc-2.0.6/locale/cs/LC_MESSAGES/ (stored 0%)
  adding: vlc-2.0.6/locale/cs/LC_MESSAGES/vlc.mo (deflated 61%)
  adding: vlc-2.0.6/locale/hu/ (stored 0%)
  adding: vlc-2.0.6/locale/hu/LC_MESSAGES/ (stored 0%)
  adding: vlc-2.0.6/locale/hu/LC_MESSAGES/vlc.mo (deflated 64%)
  adding: vlc-2.0.6/locale/te/ (stored 0%)
  adding: vlc-2.0.6/locale/te/LC_MESSAGES/ (stored 0%)
  adding: vlc-2.0.6/locale/te/LC_MESSAGES/vlc.mo (deflated 70%)
  adding: vlc-2.0.6/locale/lv/ (stored 0%)
  adding: vlc-2.0.6/locale/lv/LC_MESSAGES/ (stored 0%)
  adding: vlc-2.0.6/locale/lv/LC_MESSAGES/vlc.mo (deflated 50%)
  adding: vlc-2.0.6/locale/fa/ (stored 0%)
  adding: vlc-2.0.6/locale/fa/LC_MESSAGES/ (stored 0%)
  adding: vlc-2.0.6/locale/fa/LC_MESSAGES/vlc.mo (deflated 67%)
  adding: vlc-2.0.6/locale/lg/ (stored 0%)
  adding: vlc-2.0.6/locale/lg/LC_MESSAGES/ (stored 0%)
  adding: vlc-2.0.6/locale/lg/LC_MESSAGES/vlc.mo (deflated 58%)
  adding: vlc-2.0.6/locale/hr/ (stored 0%)
  adding: vlc-2.0.6/locale/hr/LC_MESSAGES/ (stored 0%)
  adding: vlc-2.0.6/locale/hr/LC_MESSAGES/vlc.mo (deflated 63%)
  adding: vlc-2.0.6/locale/lt/ (stored 0%)
  adding: vlc-2.0.6/locale/lt/LC_MESSAGES/ (stored 0%)
  adding: vlc-2.0.6/locale/lt/LC_MESSAGES/vlc.mo (deflated 63%)
  adding: vlc-2.0.6/locale/zh_CN/ (stored 0%)
  adding: vlc-2.0.6/locale/zh_CN/LC_MESSAGES/ (stored 0%)
  adding: vlc-2.0.6/locale/zh_CN/LC_MESSAGES/vlc.mo (deflated 61%)
  adding: vlc-2.0.6/locale/tr/ (stored 0%)
  adding: vlc-2.0.6/locale/tr/LC_MESSAGES/ (stored 0%)
  adding: vlc-2.0.6/locale/tr/LC_MESSAGES/vlc.mo (deflated 64%)
  adding: vlc-2.0.6/locale/ff/ (stored 0%)
  adding: vlc-2.0.6/locale/ff/LC_MESSAGES/ (stored 0%)
  adding: vlc-2.0.6/locale/ff/LC_MESSAGES/vlc.mo (deflated 61%)
  adding: vlc-2.0.6/locale/de/ (stored 0%)
  adding: vlc-2.0.6/locale/de/LC_MESSAGES/ (stored 0%)
  adding: vlc-2.0.6/locale/de/LC_MESSAGES/vlc.mo (deflated 63%)
  adding: vlc-2.0.6/locale/eu/ (stored 0%)
  adding: vlc-2.0.6/locale/eu/LC_MESSAGES/ (stored 0%)
  adding: vlc-2.0.6/locale/eu/LC_MESSAGES/vlc.mo (deflated 64%)
  adding: vlc-2.0.6/locale/tl/ (stored 0%)
  adding: vlc-2.0.6/locale/tl/LC_MESSAGES/ (stored 0%)
  adding: vlc-2.0.6/locale/tl/LC_MESSAGES/vlc.mo (deflated 29%)
  adding: vlc-2.0.6/locale/ps/ (stored 0%)
  adding: vlc-2.0.6/locale/ps/LC_MESSAGES/ (stored 0%)
  adding: vlc-2.0.6/locale/ps/LC_MESSAGES/vlc.mo (deflated 64%)
  adding: vlc-2.0.6/locale/sr/ (stored 0%)
  adding: vlc-2.0.6/locale/sr/LC_MESSAGES/ (stored 0%)
  adding: vlc-2.0.6/locale/sr/LC_MESSAGES/vlc.mo (deflated 67%)
  adding: vlc-2.0.6/locale/uz/ (stored 0%)
  adding: vlc-2.0.6/locale/uz/LC_MESSAGES/ (stored 0%)
  adding: vlc-2.0.6/locale/uz/LC_MESSAGES/vlc.mo (deflated 60%)
  adding: vlc-2.0.6/locale/it/ (stored 0%)
  adding: vlc-2.0.6/locale/it/LC_MESSAGES/ (stored 0%)
  adding: vlc-2.0.6/locale/it/LC_MESSAGES/vlc.mo (deflated 64%)
  adding: vlc-2.0.6/locale/be/ (stored 0%)
  adding: vlc-2.0.6/locale/be/LC_MESSAGES/ (stored 0%)
  adding: vlc-2.0.6/locale/be/LC_MESSAGES/vlc.mo (deflated 69%)
  adding: vlc-2.0.6/locale/hy/ (stored 0%)
  adding: vlc-2.0.6/locale/hy/LC_MESSAGES/ (stored 0%)
  adding: vlc-2.0.6/locale/hy/LC_MESSAGES/vlc.mo (deflated 64%)
  adding: vlc-2.0.6/locale/ro/ (stored 0%)
  adding: vlc-2.0.6/locale/ro/LC_MESSAGES/ (stored 0%)
  adding: vlc-2.0.6/locale/ro/LC_MESSAGES/vlc.mo (deflated 64%)
  adding: vlc-2.0.6/locale/ms/ (stored 0%)
  adding: vlc-2.0.6/locale/ms/LC_MESSAGES/ (stored 0%)
  adding: vlc-2.0.6/locale/ms/LC_MESSAGES/vlc.mo (deflated 63%)
  adding: vlc-2.0.6/locale/ca/ (stored 0%)
  adding: vlc-2.0.6/locale/ca/LC_MESSAGES/ (stored 0%)
  adding: vlc-2.0.6/locale/ca/LC_MESSAGES/vlc.mo (deflated 64%)
  adding: vlc-2.0.6/locale/bg/ (stored 0%)
  adding: vlc-2.0.6/locale/bg/LC_MESSAGES/ (stored 0%)
  adding: vlc-2.0.6/locale/bg/LC_MESSAGES/vlc.mo (deflated 71%)
  adding: vlc-2.0.6/locale/mn/ (stored 0%)
  adding: vlc-2.0.6/locale/mn/LC_MESSAGES/ (stored 0%)
  adding: vlc-2.0.6/locale/mn/LC_MESSAGES/vlc.mo (deflated 64%)
  adding: vlc-2.0.6/locale/am/ (stored 0%)
  adding: vlc-2.0.6/locale/am/LC_MESSAGES/ (stored 0%)
  adding: vlc-2.0.6/locale/am/LC_MESSAGES/vlc.mo (deflated 64%)
  adding: vlc-2.0.6/locale/ia/ (stored 0%)
  adding: vlc-2.0.6/locale/ia/LC_MESSAGES/ (stored 0%)
  adding: vlc-2.0.6/locale/ia/LC_MESSAGES/vlc.mo (deflated 54%)
  adding: vlc-2.0.6/locale/ta/ (stored 0%)
  adding: vlc-2.0.6/locale/ta/LC_MESSAGES/ (stored 0%)
  adding: vlc-2.0.6/locale/ta/LC_MESSAGES/vlc.mo (deflated 71%)
  adding: vlc-2.0.6/locale/sq/ (stored 0%)
  adding: vlc-2.0.6/locale/sq/LC_MESSAGES/ (stored 0%)
  adding: vlc-2.0.6/locale/sq/LC_MESSAGES/vlc.mo (deflated 43%)
  adding: vlc-2.0.6/locale/nb/ (stored 0%)
  adding: vlc-2.0.6/locale/nb/LC_MESSAGES/ (stored 0%)
  adding: vlc-2.0.6/locale/nb/LC_MESSAGES/vlc.mo (deflated 60%)
  adding: vlc-2.0.6/locale/co/ (stored 0%)
  adding: vlc-2.0.6/locale/co/LC_MESSAGES/ (stored 0%)
  adding: vlc-2.0.6/locale/co/LC_MESSAGES/vlc.mo (deflated 33%)
  adding: vlc-2.0.6/locale/fur/ (stored 0%)
  adding: vlc-2.0.6/locale/fur/LC_MESSAGES/ (stored 0%)
  adding: vlc-2.0.6/locale/fur/LC_MESSAGES/vlc.mo (deflated 57%)
  adding: vlc-2.0.6/locale/id/ (stored 0%)
  adding: vlc-2.0.6/locale/id/LC_MESSAGES/ (stored 0%)
  adding: vlc-2.0.6/locale/id/LC_MESSAGES/vlc.mo (deflated 64%)
  adding: vlc-2.0.6/locale/gl/ (stored 0%)
  adding: vlc-2.0.6/locale/gl/LC_MESSAGES/ (stored 0%)
  adding: vlc-2.0.6/locale/gl/LC_MESSAGES/vlc.mo (deflated 65%)
  adding: vlc-2.0.6/locale/he/ (stored 0%)
  adding: vlc-2.0.6/locale/he/LC_MESSAGES/ (stored 0%)
  adding: vlc-2.0.6/locale/he/LC_MESSAGES/vlc.mo (deflated 65%)
  adding: vlc-2.0.6/locale/is/ (stored 0%)
  adding: vlc-2.0.6/locale/is/LC_MESSAGES/ (stored 0%)
  adding: vlc-2.0.6/locale/is/LC_MESSAGES/vlc.mo (deflated 58%)
  adding: vlc-2.0.6/locale/th/ (stored 0%)
  adding: vlc-2.0.6/locale/th/LC_MESSAGES/ (stored 0%)
  adding: vlc-2.0.6/locale/th/LC_MESSAGES/vlc.mo (deflated 72%)
  adding: vlc-2.0.6/locale/hi/ (stored 0%)
  adding: vlc-2.0.6/locale/hi/LC_MESSAGES/ (stored 0%)
  adding: vlc-2.0.6/locale/hi/LC_MESSAGES/vlc.mo (deflated 71%)
  adding: vlc-2.0.6/locale/pl/ (stored 0%)
  adding: vlc-2.0.6/locale/pl/LC_MESSAGES/ (stored 0%)
  adding: vlc-2.0.6/locale/pl/LC_MESSAGES/vlc.mo (deflated 63%)
  adding: vlc-2.0.6/locale/ja/ (stored 0%)
  adding: vlc-2.0.6/locale/ja/LC_MESSAGES/ (stored 0%)
  adding: vlc-2.0.6/locale/ja/LC_MESSAGES/vlc.mo (deflated 67%)
  adding: vlc-2.0.6/locale/kk/ (stored 0%)
  adding: vlc-2.0.6/locale/kk/LC_MESSAGES/ (stored 0%)
  adding: vlc-2.0.6/locale/kk/LC_MESSAGES/vlc.mo (deflated 68%)
  adding: vlc-2.0.6/locale/ml/ (stored 0%)
  adding: vlc-2.0.6/locale/ml/LC_MESSAGES/ (stored 0%)
  adding: vlc-2.0.6/locale/ml/LC_MESSAGES/vlc.mo (deflated 72%)
  adding: vlc-2.0.6/locale/ckb/ (stored 0%)
  adding: vlc-2.0.6/locale/ckb/LC_MESSAGES/ (stored 0%)
  adding: vlc-2.0.6/locale/ckb/LC_MESSAGES/vlc.mo (deflated 67%)
  adding: vlc-2.0.6/locale/cgg/ (stored 0%)
  adding: vlc-2.0.6/locale/cgg/LC_MESSAGES/ (stored 0%)
  adding: vlc-2.0.6/locale/cgg/LC_MESSAGES/vlc.mo (deflated 58%)
  adding: vlc-2.0.6/locale/tet/ (stored 0%)
  adding: vlc-2.0.6/locale/tet/LC_MESSAGES/ (stored 0%)
  adding: vlc-2.0.6/locale/tet/LC_MESSAGES/vlc.mo (deflated 30%)
  adding: vlc-2.0.6/locale/ast/ (stored 0%)
  adding: vlc-2.0.6/locale/ast/LC_MESSAGES/ (stored 0%)
  adding: vlc-2.0.6/locale/ast/LC_MESSAGES/vlc.mo (deflated 64%)
  adding: vlc-2.0.6/locale/sv/ (stored 0%)
  adding: vlc-2.0.6/locale/sv/LC_MESSAGES/ (stored 0%)
  adding: vlc-2.0.6/locale/sv/LC_MESSAGES/vlc.mo (deflated 62%)
  adding: vlc-2.0.6/locale/br/ (stored 0%)
  adding: vlc-2.0.6/locale/br/LC_MESSAGES/ (stored 0%)
  adding: vlc-2.0.6/locale/br/LC_MESSAGES/vlc.mo (deflated 61%)
  adding: vlc-2.0.6/locale/an/ (stored 0%)
  adding: vlc-2.0.6/locale/an/LC_MESSAGES/ (stored 0%)
  adding: vlc-2.0.6/locale/an/LC_MESSAGES/vlc.mo (deflated 64%)
  adding: vlc-2.0.6/locale/pt_PT/ (stored 0%)
  adding: vlc-2.0.6/locale/pt_PT/LC_MESSAGES/ (stored 0%)
  adding: vlc-2.0.6/locale/pt_PT/LC_MESSAGES/vlc.mo (deflated 63%)
  adding: vlc-2.0.6/locale/km/ (stored 0%)
  adding: vlc-2.0.6/locale/km/LC_MESSAGES/ (stored 0%)
  adding: vlc-2.0.6/locale/km/LC_MESSAGES/vlc.mo (deflated 76%)
  adding: vlc-2.0.6/axvlc.dll.manifest (deflated 29%)
  adding: vlc-2.0.6/skins/ (stored 0%)
  adding: vlc-2.0.6/skins/default.vlt (deflated 0%)
  adding: vlc-2.0.6/skins/winamp2.xml (deflated 87%)
  adding: vlc-2.0.6/skins/fonts/ (stored 0%)
  adding: vlc-2.0.6/skins/fonts/FreeSansBold.ttf (deflated 46%)
  adding: vlc-2.0.6/skins/fonts/FreeSans.ttf (deflated 45%)
  adding: vlc-2.0.6/skins/skin.catalog (deflated 14%)
  adding: vlc-2.0.6/skins/skin.dtd (deflated 88%)
  adding: vlc-2.0.6/vlc.exe.manifest (deflated 50%)
  adding: vlc-2.0.6/README.txt (deflated 57%)
  adding: vlc-2.0.6/vlc.ico (deflated 53%)
  adding: vlc-2.0.6/AUTHORS.txt (deflated 46%)
